Archive member included to satisfy reference by file (symbol)

D:/STM32CubeIDE_1.19.0/STM32CubeIDE/plugins/com.st.stm32cube.ide.mcu.externaltools.gnu-tools-for-stm32.13.3.rel1.win32_1.0.0.202411081344/tools/bin/../lib/gcc/arm-none-eabi/13.3.1/../../../../arm-none-eabi/lib/thumb/v7e-m+fp/hard\libc_nano.a(libc_a-exit.o)
                              D:/STM32CubeIDE_1.19.0/STM32CubeIDE/plugins/com.st.stm32cube.ide.mcu.externaltools.gnu-tools-for-stm32.13.3.rel1.win32_1.0.0.202411081344/tools/bin/../lib/gcc/arm-none-eabi/13.3.1/../../../../arm-none-eabi/lib/thumb/v7e-m+fp/hard/crt0.o (exit)
D:/STM32CubeIDE_1.19.0/STM32CubeIDE/plugins/com.st.stm32cube.ide.mcu.externaltools.gnu-tools-for-stm32.13.3.rel1.win32_1.0.0.202411081344/tools/bin/../lib/gcc/arm-none-eabi/13.3.1/../../../../arm-none-eabi/lib/thumb/v7e-m+fp/hard\libc_nano.a(libc_a-findfp.o)
                              D:/STM32CubeIDE_1.19.0/STM32CubeIDE/plugins/com.st.stm32cube.ide.mcu.externaltools.gnu-tools-for-stm32.13.3.rel1.win32_1.0.0.202411081344/tools/bin/../lib/gcc/arm-none-eabi/13.3.1/../../../../arm-none-eabi/lib/thumb/v7e-m+fp/hard\libc_nano.a(libc_a-exit.o) (__stdio_exit_handler)
D:/STM32CubeIDE_1.19.0/STM32CubeIDE/plugins/com.st.stm32cube.ide.mcu.externaltools.gnu-tools-for-stm32.13.3.rel1.win32_1.0.0.202411081344/tools/bin/../lib/gcc/arm-none-eabi/13.3.1/../../../../arm-none-eabi/lib/thumb/v7e-m+fp/hard\libc_nano.a(libc_a-fwalk.o)
                              D:/STM32CubeIDE_1.19.0/STM32CubeIDE/plugins/com.st.stm32cube.ide.mcu.externaltools.gnu-tools-for-stm32.13.3.rel1.win32_1.0.0.202411081344/tools/bin/../lib/gcc/arm-none-eabi/13.3.1/../../../../arm-none-eabi/lib/thumb/v7e-m+fp/hard\libc_nano.a(libc_a-findfp.o) (_fwalk_sglue)
D:/STM32CubeIDE_1.19.0/STM32CubeIDE/plugins/com.st.stm32cube.ide.mcu.externaltools.gnu-tools-for-stm32.13.3.rel1.win32_1.0.0.202411081344/tools/bin/../lib/gcc/arm-none-eabi/13.3.1/../../../../arm-none-eabi/lib/thumb/v7e-m+fp/hard\libc_nano.a(libc_a-stdio.o)
                              D:/STM32CubeIDE_1.19.0/STM32CubeIDE/plugins/com.st.stm32cube.ide.mcu.externaltools.gnu-tools-for-stm32.13.3.rel1.win32_1.0.0.202411081344/tools/bin/../lib/gcc/arm-none-eabi/13.3.1/../../../../arm-none-eabi/lib/thumb/v7e-m+fp/hard\libc_nano.a(libc_a-findfp.o) (__sread)
D:/STM32CubeIDE_1.19.0/STM32CubeIDE/plugins/com.st.stm32cube.ide.mcu.externaltools.gnu-tools-for-stm32.13.3.rel1.win32_1.0.0.202411081344/tools/bin/../lib/gcc/arm-none-eabi/13.3.1/../../../../arm-none-eabi/lib/thumb/v7e-m+fp/hard\libc_nano.a(libc_a-memcmp.o)
                              ./Middlewares/Third_Party/FreeRTOS/Source/tasks.o (memcmp)
D:/STM32CubeIDE_1.19.0/STM32CubeIDE/plugins/com.st.stm32cube.ide.mcu.externaltools.gnu-tools-for-stm32.13.3.rel1.win32_1.0.0.202411081344/tools/bin/../lib/gcc/arm-none-eabi/13.3.1/../../../../arm-none-eabi/lib/thumb/v7e-m+fp/hard\libc_nano.a(libc_a-memset.o)
                              D:/STM32CubeIDE_1.19.0/STM32CubeIDE/plugins/com.st.stm32cube.ide.mcu.externaltools.gnu-tools-for-stm32.13.3.rel1.win32_1.0.0.202411081344/tools/bin/../lib/gcc/arm-none-eabi/13.3.1/../../../../arm-none-eabi/lib/thumb/v7e-m+fp/hard/crt0.o (memset)
D:/STM32CubeIDE_1.19.0/STM32CubeIDE/plugins/com.st.stm32cube.ide.mcu.externaltools.gnu-tools-for-stm32.13.3.rel1.win32_1.0.0.202411081344/tools/bin/../lib/gcc/arm-none-eabi/13.3.1/../../../../arm-none-eabi/lib/thumb/v7e-m+fp/hard\libc_nano.a(libc_a-closer.o)
                              D:/STM32CubeIDE_1.19.0/STM32CubeIDE/plugins/com.st.stm32cube.ide.mcu.externaltools.gnu-tools-for-stm32.13.3.rel1.win32_1.0.0.202411081344/tools/bin/../lib/gcc/arm-none-eabi/13.3.1/../../../../arm-none-eabi/lib/thumb/v7e-m+fp/hard\libc_nano.a(libc_a-stdio.o) (_close_r)
D:/STM32CubeIDE_1.19.0/STM32CubeIDE/plugins/com.st.stm32cube.ide.mcu.externaltools.gnu-tools-for-stm32.13.3.rel1.win32_1.0.0.202411081344/tools/bin/../lib/gcc/arm-none-eabi/13.3.1/../../../../arm-none-eabi/lib/thumb/v7e-m+fp/hard\libc_nano.a(libc_a-reent.o)
                              D:/STM32CubeIDE_1.19.0/STM32CubeIDE/plugins/com.st.stm32cube.ide.mcu.externaltools.gnu-tools-for-stm32.13.3.rel1.win32_1.0.0.202411081344/tools/bin/../lib/gcc/arm-none-eabi/13.3.1/../../../../arm-none-eabi/lib/thumb/v7e-m+fp/hard\libc_nano.a(libc_a-closer.o) (errno)
D:/STM32CubeIDE_1.19.0/STM32CubeIDE/plugins/com.st.stm32cube.ide.mcu.externaltools.gnu-tools-for-stm32.13.3.rel1.win32_1.0.0.202411081344/tools/bin/../lib/gcc/arm-none-eabi/13.3.1/../../../../arm-none-eabi/lib/thumb/v7e-m+fp/hard\libc_nano.a(libc_a-impure.o)
                              D:/STM32CubeIDE_1.19.0/STM32CubeIDE/plugins/com.st.stm32cube.ide.mcu.externaltools.gnu-tools-for-stm32.13.3.rel1.win32_1.0.0.202411081344/tools/bin/../lib/gcc/arm-none-eabi/13.3.1/../../../../arm-none-eabi/lib/thumb/v7e-m+fp/hard\libc_nano.a(libc_a-reent.o) (_impure_ptr)
[...]
Memory Configuration

Name             Origin             Length             Attributes
RAM              0x20000000         0x00018000         xrw
FLASH            0x08000000         0x00080000         xr
*default*        0x00000000         0xffffffff

Linker script and memory map

LOAD D:/STM32CubeIDE_1.19.0/STM32CubeIDE/plugins/com.st.stm32cube.ide.mcu.externaltools.gnu-tools-for-stm32.13.3.rel1.win32_1.0.0.202411081344/tools/bin/../lib/gcc/arm-none-eabi/13.3.1/thumb/v7e-m+fp/hard/crti.o
LOAD D:/STM32CubeIDE_1.19.0/STM32CubeIDE/plugins/com.st.stm32cube.ide.mcu.externaltools.gnu-tools-for-stm32.13.3.rel1.win32_1.0.0.202411081344/tools/bin/../lib/gcc/arm-none-eabi/13.3.1/thumb/v7e-m+fp/hard/crtbegin.o
LOAD D:/STM32CubeIDE_1.19.0/STM32CubeIDE/plugins/com.st.stm32cube.ide.mcu.externaltools.gnu-tools-for-stm32.13.3.rel1.win32_1.0.0.202411081344/tools/bin/../lib/gcc/arm-none-eabi/13.3.1/../../../../arm-none-eabi/lib/thumb/v7e-m+fp/hard/crt0.o
LOAD ./Core/Src/freertos.o
LOAD ./Core/Src/main.o
LOAD ./Core/Src/stm32f4xx_hal_msp.o
LOAD ./Core/Src/stm32f4xx_hal_timebase_tim.o
LOAD ./Core/Src/stm32f4xx_it.o
LOAD ./Core/Src/syscalls.o
LOAD ./Core/Src/sysmem.o
LOAD ./Core/Src/system_stm32f4xx.o
LOAD ./Core/Startup/startup_stm32f401retx.o
LOAD ./Drivers/STM32F4xx_HAL_Driver/Src/stm32f4xx_hal.o
LOAD ./Drivers/STM32F4xx_HAL_Driver/Src/stm32f4xx_hal_cortex.o
LOAD ./Drivers/STM32F4xx_HAL_Driver/Src/stm32f4xx_hal_dma.o
LOAD ./Drivers/STM32F4xx_HAL_Driver/Src/stm32f4xx_hal_dma_ex.o
LOAD ./Drivers/STM32F4xx_HAL_Driver/Src/stm32f4xx_hal_exti.o
LOAD ./Drivers/STM32F4xx_HAL_Driver/Src/stm32f4xx_hal_flash.o
LOAD ./Drivers/STM32F4xx_HAL_Driver/Src/stm32f4xx_hal_flash_ex.o
LOAD ./Drivers/STM32F4xx_HAL_Driver/Src/stm32f4xx_hal_flash_ramfunc.o
LOAD ./Drivers/STM32F4xx_HAL_Driver/Src/stm32f4xx_hal_gpio.o
LOAD ./Drivers/STM32F4xx_HAL_Driver/Src/stm32f4xx_hal_pwr.o
LOAD ./Drivers/STM32F4xx_HAL_Driver/Src/stm32f4xx_hal_pwr_ex.o
LOAD ./Drivers/STM32F4xx_HAL_Driver/Src/stm32f4xx_hal_rcc.o
LOAD ./Drivers/STM32F4xx_HAL_Driver/Src/stm32f4xx_hal_rcc_ex.o
LOAD ./Drivers/STM32F4xx_HAL_Driver/Src/stm32f4xx_hal_tim.o
LOAD ./Drivers/STM32F4xx_HAL_Driver/Src/stm32f4xx_hal_tim_ex.o
LOAD ./Middlewares/Third_Party/FreeRTOS/Source/CMSIS_RTOS_V2/cmsis_os2.o
LOAD ./Middlewares/Third_Party/FreeRTOS/Source/croutine.o
LOAD ./Middlewares/Third_Party/FreeRTOS/Source/event_groups.o
LOAD ./Middlewares/Third_Party/FreeRTOS/Source/list.o
LOAD ./Middlewares/Third_Party/FreeRTOS/Source/queue.o
LOAD ./Middlewares/Third_Party/FreeRTOS/Source/stream_buffer.o
LOAD ./Middlewares/Third_Party/FreeRTOS/Source/tasks.o
LOAD ./Middlewares/Third_Party/FreeRTOS/Source/timers.o
LOAD ./Middlewares/Third_Party/FreeRTOS/Source/portable/GCC/ARM_CM4F/port.o
LOAD ./Middlewares/Third_Party/FreeRTOS/Source/portable/MemMang/heap_4.o
LOAD ./Middlewares/Third_Party/SEGGER/Config/SEGGER_SYSVIEW_Config_FreeRTOS.o
LOAD ./Middlewares/Third_Party/SEGGER/OS/SEGGER_SYSVIEW_FreeRTOS.o
LOAD ./Middlewares/Third_Party/SEGGER/Rec/segger_uart.o
LOAD ./Middlewares/Third_Party/SEGGER/segger/SEGGER_RTT.o
LOAD ./Middlewares/Third_Party/SEGGER/segger/SEGGER_RTT_ASM_ARMv7M.o
LOAD ./Middlewares/Third_Party/SEGGER/segger/SEGGER_RTT_printf.o
LOAD ./Middlewares/Third_Party/SEGGER/segger/SEGGER_SYSVIEW.o
START GROUP
LOAD D:/STM32CubeIDE_1.19.0/STM32CubeIDE/plugins/com.st.stm32cube.ide.mcu.externaltools.gnu-tools-for-stm32.13.3.rel1.win32_1.0.0.202411081344/tools/bin/../lib/gcc/arm-none-eabi/13.3.1/../../../../arm-none-eabi/lib/thumb/v7e-m+fp/hard\libc_nano.a
LOAD D:/STM32CubeIDE_1.19.0/STM32CubeIDE/plugins/com.st.stm32cube.ide.mcu.externaltools.gnu-tools-for-stm32.13.3.rel1.win32_1.0.0.202411081344/tools/bin/../lib/gcc/arm-none-eabi/13.3.1/../../../../arm-none-eabi/lib/thumb/v7e-m+fp/hard\libm.a
END GROUP
START GROUP
LOAD D:/STM32CubeIDE_1.19.0/STM32CubeIDE/plugins/com.st.stm32cube.ide.mcu.externaltools.gnu-tools-for-stm32.13.3.rel1.win32_1.0.0.202411081344/tools/bin/../lib/gcc/arm-none-eabi/13.3.1/thumb/v7e-m+fp/hard\libgcc.a
LOAD D:/STM32CubeIDE_1.19.0/STM32CubeIDE/plugins/com.st.stm32cube.ide.mcu.externaltools.gnu-tools-for-stm32.13.3.rel1.win32_1.0.0.202411081344/tools/bin/../lib/gcc/arm-none-eabi/13.3.1/../../../../arm-none-eabi/lib/thumb/v7e-m+fp/hard\libc_nano.a
END GROUP
START GROUP
LOAD D:/STM32CubeIDE_1.19.0/STM32CubeIDE/plugins/com.st.stm32cube.ide.mcu.externaltools.gnu-tools-for-stm32.13.3.rel1.win32_1.0.0.202411081344/tools/bin/../lib/gcc/arm-none-eabi/13.3.1/thumb/v7e-m+fp/hard\libgcc.a
LOAD D:/STM32CubeIDE_1.19.0/STM32CubeIDE/plugins/com.st.stm32cube.ide.mcu.externaltools.gnu-tools-for-stm32.13.3.rel1.win32_1.0.0.202411081344/tools/bin/../lib/gcc/arm-none-eabi/13.3.1/../../../../arm-none-eabi/lib/thumb/v7e-m+fp/hard\libc_nano.a
LOAD D:/STM32CubeIDE_1.19.0/STM32CubeIDE/plugins/com.st.stm32cube.ide.mcu.externaltools.gnu-tools-for-stm32.13.3.rel1.win32_1.0.0.202411081344/tools/bin/../lib/gcc/arm-none-eabi/13.3.1/../../../../arm-none-eabi/lib/thumb/v7e-m+fp/hard\libnosys.a
END GROUP
START GROUP
LOAD D:/STM32CubeIDE_1.19.0/STM32CubeIDE/plugins/com.st.stm32cube.ide.mcu.externaltools.gnu-tools-for-stm32.13.3.rel1.win32_1.0.0.202411081344/tools/bin/../lib/gcc/arm-none-eabi/13.3.1/thumb/v7e-m+fp/hard\libgcc.a
LOAD D:/STM32CubeIDE_1.19.0/STM32CubeIDE/plugins/com.st.stm32cube.ide.mcu.externaltools.gnu-tools-for-stm32.13.3.rel1.win32_1.0.0.202411081344/tools/bin/../lib/gcc/arm-none-eabi/13.3.1/../../../../arm-none-eabi/lib/thumb/v7e-m+fp/hard\libc_nano.a
LOAD D:/STM32CubeIDE_1.19.0/STM32CubeIDE/plugins/com.st.stm32cube.ide.mcu.externaltools.gnu-tools-for-stm32.13.3.rel1.win32_1.0.0.202411081344/tools/bin/../lib/gcc/arm-none-eabi/13.3.1/../../../../arm-none-eabi/lib/thumb/v7e-m+fp/hard\libnosys.a
END GROUP
LOAD D:/STM32CubeIDE_1.19.0/STM32CubeIDE/plugins/com.st.stm32cube.ide.mcu.externaltools.gnu-tools-for-stm32.13.3.rel1.win32_1.0.0.202411081344/tools/bin/../lib/gcc/arm-none-eabi/13.3.1/thumb/v7e-m+fp/hard/crtend.o
LOAD D:/STM32CubeIDE_1.19.0/STM32CubeIDE/plugins/com.st.stm32cube.ide.mcu.externaltools.gnu-tools-for-stm32.13.3.rel1.win32_1.0.0.202411081344/tools/bin/../lib/gcc/arm-none-eabi/13.3.1/thumb/v7e-m+fp/hard/crtn.o
                0x20018000                        _estack = (ORIGIN (RAM) + LENGTH (RAM))
                0x00000200                        _Min_Heap_Size = 0x200
                0x00000400                        _Min_Stack_Size = 0x400

.isr_vector     0x08000000      0x194
                0x08000000                        . = ALIGN (0x4)
 *(.isr_vector)
 .isr_vector    0x08000000      0x194 ./Core/Startup/startup_stm32f401retx.o
                0x08000000                g_pfnVectors
                0x08000194                        . = ALIGN (0x4)

.text           0x080001a0     0x6a24
                0x080001a0                        . = ALIGN (0x4)
 *(.text)
 .text          0x080001a0       0x40 D:/STM32CubeIDE_1.19.0/STM32CubeIDE/plugins/com.st.stm32cube.ide.mcu.externaltools.gnu-tools-for-stm32.13.3.rel1.win32_1.0.0.202411081344/tools/bin/../lib/gcc/arm-none-eabi/13.3.1/thumb/v7e-m+fp/hard/crtbegin.o
 .text          0x080001e0       0x94 ./Middlewares/Third_Party/SEGGER/segger/SEGGER_RTT_ASM_ARMv7M.o
                0x080001e0                SEGGER_RTT_ASM_WriteSkipNoLock
 .text          0x08000274       0x30 D:/STM32CubeIDE_1.19.0/STM32CubeIDE/plugins/com.st.stm32cube.ide.mcu.externaltools.gnu-tools-for-stm32.13.3.rel1.win32_1.0.0.202411081344/tools/bin/../lib/gcc/arm-none-eabi/13.3.1/thumb/v7e-m+fp/hard\libgcc.a(_aeabi_uldivmod.o)
                0x08000274                __aeabi_uldivmod
 .text          0x080002a4      0x2f8 D:/STM32CubeIDE_1.19.0/STM32CubeIDE/plugins/com.st.stm32cube.ide.mcu.externaltools.gnu-tools-for-stm32.13.3.rel1.win32_1.0.0.202411081344/tools/bin/../lib/gcc/arm-none-eabi/13.3.1/thumb/v7e-m+fp/hard\libgcc.a(_udivmoddi4.o)
                0x080002a4                __udivmoddi4
 .text          0x0800059c        0x4 D:/STM32CubeIDE_1.19.0/STM32CubeIDE/plugins/com.st.stm32cube.ide.mcu.externaltools.gnu-tools-for-stm32.13.3.rel1.win32_1.0.0.202411081344/tools/bin/../lib/gcc/arm-none-eabi/13.3.1/thumb/v7e-m+fp/hard\libgcc.a(_dvmd_tls.o)
                0x0800059c                __aeabi_idiv0
                0x0800059c                __aeabi_ldiv0
 *(.text*)
 .text.main     0x080005a0      0x128 ./Core/Src/main.o
                0x080005a0                main
 .text.SystemClock_Config
                0x080006c8       0xc0 ./Core/Src/main.o
                0x080006c8                SystemClock_Config
 .text.MX_GPIO_Init
                0x08000788       0x64 ./Core/Src/main.o
 .text.led_green_handler
                0x080007ec       0x2c ./Core/Src/main.o
 .text.led_orange_handler
                0x08000818       0x2c ./Core/Src/main.o
 .text.led_red_handler
                0x08000844       0x2c ./Core/Src/main.o
 .text.HAL_TIM_PeriodElapsedCallback
                0x08000870       0x24 ./Core/Src/main.o
                0x08000870                HAL_TIM_PeriodElapsedCallback
 .text.Error_Handler
                0x08000894        0xc ./Core/Src/main.o
                0x08000894                Error_Handler
 .text.HAL_MspInit
                0x080008a0       0x58 ./Core/Src/stm32f4xx_hal_msp.o
                0x080008a0                HAL_MspInit
 .text.HAL_InitTick
                0x080008f8       0xf8 ./Core/Src/stm32f4xx_hal_timebase_tim.o
                0x080008f8                HAL_InitTick
 .text.NMI_Handler
                0x080009f0        0x8 ./Core/Src/stm32f4xx_it.o
                0x080009f0                NMI_Handler
 .text.HardFault_Handler
                0x080009f8        0x8 ./Core/Src/stm32f4xx_it.o
                0x080009f8                HardFault_Handler
 .text.MemManage_Handler
                0x08000a00        0x8 ./Core/Src/stm32f4xx_it.o
                0x08000a00                MemManage_Handler
 .text.BusFault_Handler
                0x08000a08        0x8 ./Core/Src/stm32f4xx_it.o
                0x08000a08                BusFault_Handler
 .text.UsageFault_Handler
                0x08000a10        0x8 ./Core/Src/stm32f4xx_it.o
                0x08000a10                UsageFault_Handler
 .text.DebugMon_Handler
                0x08000a18        0xe ./Core/Src/stm32f4xx_it.o
                0x08000a18                DebugMon_Handler
 *fill*         0x08000a26        0x2 
 .text.TIM5_IRQHandler
                0x08000a28       0x14 ./Core/Src/stm32f4xx_it.o
                0x08000a28                TIM5_IRQHandler
 .text.SystemInit
                0x08000a3c       0x24 ./Core/Src/system_stm32f4xx.o
                0x08000a3c                SystemInit
 .text.Reset_Handler
                0x08000a60       0x50 ./Core/Startup/startup_stm32f401retx.o
                0x08000a60                Reset_Handler
 .text.Default_Handler
                0x08000ab0        0x2 ./Core/Startup/startup_stm32f401retx.o
                0x08000ab0                RTC_Alarm_IRQHandler
                0x08000ab0                EXTI2_IRQHandler
                0x08000ab0                SPI4_IRQHandler
                0x08000ab0                TIM1_CC_IRQHandler
                0x08000ab0                DMA2_Stream5_IRQHandler
                0x08000ab0                DMA1_Stream5_IRQHandler
                0x08000ab0                PVD_IRQHandler
                0x08000ab0                SDIO_IRQHandler
                0x08000ab0                TAMP_STAMP_IRQHandler
                0x08000ab0                EXTI3_IRQHandler
                0x08000ab0                TIM1_UP_TIM10_IRQHandler
                0x08000ab0                I2C3_ER_IRQHandler
                0x08000ab0                EXTI0_IRQHandler
                0x08000ab0                I2C2_EV_IRQHandler
                0x08000ab0                DMA1_Stream2_IRQHandler
                0x08000ab0                FPU_IRQHandler
                0x08000ab0                DMA2_Stream2_IRQHandler
                0x08000ab0                SPI1_IRQHandler
                0x08000ab0                TIM1_BRK_TIM9_IRQHandler
                0x08000ab0                DMA2_Stream3_IRQHandler
                0x08000ab0                USART6_IRQHandler
                0x08000ab0                DMA2_Stream0_IRQHandler
                0x08000ab0                TIM4_IRQHandler
                0x08000ab0                I2C1_EV_IRQHandler
                0x08000ab0                DMA1_Stream6_IRQHandler
                0x08000ab0                DMA1_Stream1_IRQHandler
                0x08000ab0                TIM3_IRQHandler
                0x08000ab0                RCC_IRQHandler
                0x08000ab0                Default_Handler
                0x08000ab0                EXTI15_10_IRQHandler
                0x08000ab0                ADC_IRQHandler
                0x08000ab0                DMA1_Stream7_IRQHandler
                0x08000ab0                DMA2_Stream7_IRQHandler
                0x08000ab0                I2C3_EV_IRQHandler
                0x08000ab0                EXTI9_5_IRQHandler
                0x08000ab0                RTC_WKUP_IRQHandler
                0x08000ab0                SPI2_IRQHandler
                0x08000ab0                DMA1_Stream0_IRQHandler
                0x08000ab0                EXTI4_IRQHandler
                0x08000ab0                WWDG_IRQHandler
                0x08000ab0                TIM2_IRQHandler
                0x08000ab0                OTG_FS_WKUP_IRQHandler
                0x08000ab0                TIM1_TRG_COM_TIM11_IRQHandler
                0x08000ab0                EXTI1_IRQHandler
                0x08000ab0                I2C2_ER_IRQHandler
                0x08000ab0                DMA2_Stream1_IRQHandler
                0x08000ab0                FLASH_IRQHandler
                0x08000ab0                DMA2_Stream4_IRQHandler
                0x08000ab0                USART1_IRQHandler
                0x08000ab0                OTG_FS_IRQHandler
                0x08000ab0                SPI3_IRQHandler
                0x08000ab0                DMA1_Stream4_IRQHandler
                0x08000ab0                I2C1_ER_IRQHandler
                0x08000ab0                DMA2_Stream6_IRQHandler
                0x08000ab0                DMA1_Stream3_IRQHandler
 *fill*         0x08000ab2        0x2 
 .text.HAL_Init
                0x08000ab4       0x44 ./Drivers/STM32F4xx_HAL_Driver/Src/stm32f4xx_hal.o
                0x08000ab4                HAL_Init
 .text.HAL_IncTick
                0x08000af8       0x28 ./Drivers/STM32F4xx_HAL_Driver/Src/stm32f4xx_hal.o
                0x08000af8                HAL_IncTick
 .text.HAL_GetTick
                0x08000b20       0x18 ./Drivers/STM32F4xx_HAL_Driver/Src/stm32f4xx_hal.o
                0x08000b20                HAL_GetTick
 .text.__NVIC_SetPriorityGrouping
                0x08000b38       0x48 ./Drivers/STM32F4xx_HAL_Driver/Src/stm32f4xx_hal_cortex.o
 .text.__NVIC_GetPriorityGrouping
                0x08000b80       0x1c ./Drivers/STM32F4xx_HAL_Driver/Src/stm32f4xx_hal_cortex.o
 .text.__NVIC_EnableIRQ
                0x08000b9c       0x3c ./Drivers/STM32F4xx_HAL_Driver/Src/stm32f4xx_hal_cortex.o
 .text.__NVIC_SetPriority
                0x08000bd8       0x54 ./Drivers/STM32F4xx_HAL_Driver/Src/stm32f4xx_hal_cortex.o
 .text.NVIC_EncodePriority
                0x08000c2c       0x66 ./Drivers/STM32F4xx_HAL_Driver/Src/stm32f4xx_hal_cortex.o
 .text.HAL_NVIC_SetPriorityGrouping
                0x08000c92       0x16 ./Drivers/STM32F4xx_HAL_Driver/Src/stm32f4xx_hal_cortex.o
                0x08000c92                HAL_NVIC_SetPriorityGrouping
 .text.HAL_NVIC_SetPriority
                0x08000ca8       0x38 ./Drivers/STM32F4xx_HAL_Driver/Src/stm32f4xx_hal_cortex.o
                0x08000ca8                HAL_NVIC_SetPriority
 .text.HAL_NVIC_EnableIRQ
                0x08000ce0       0x1c ./Drivers/STM32F4xx_HAL_Driver/Src/stm32f4xx_hal_cortex.o
                0x08000ce0                HAL_NVIC_EnableIRQ
 .text.HAL_GPIO_Init
                0x08000cfc      0x308 ./Drivers/STM32F4xx_HAL_Driver/Src/stm32f4xx_hal_gpio.o
                0x08000cfc                HAL_GPIO_Init
 .text.HAL_GPIO_WritePin
                0x08001004       0x32 ./Drivers/STM32F4xx_HAL_Driver/Src/stm32f4xx_hal_gpio.o
                0x08001004                HAL_GPIO_WritePin
 .text.HAL_GPIO_TogglePin
                0x08001036       0x34 ./Drivers/STM32F4xx_HAL_Driver/Src/stm32f4xx_hal_gpio.o
                0x08001036                HAL_GPIO_TogglePin
 *fill*         0x0800106a        0x2 
 .text.HAL_RCC_OscConfig
                0x0800106c      0x4f0 ./Drivers/STM32F4xx_HAL_Driver/Src/stm32f4xx_hal_rcc.o
                0x0800106c                HAL_RCC_OscConfig
 .text.HAL_RCC_ClockConfig
                0x0800155c      0x1cc ./Drivers/STM32F4xx_HAL_Driver/Src/stm32f4xx_hal_rcc.o
                0x0800155c                HAL_RCC_ClockConfig
 .text.HAL_RCC_GetSysClockFreq
                0x08001728      0x18c ./Drivers/STM32F4xx_HAL_Driver/Src/stm32f4xx_hal_rcc.o
                0x08001728                HAL_RCC_GetSysClockFreq
 .text.HAL_RCC_GetHCLKFreq
                0x080018b4       0x18 ./Drivers/STM32F4xx_HAL_Driver/Src/stm32f4xx_hal_rcc.o
                0x080018b4                HAL_RCC_GetHCLKFreq
 .text.HAL_RCC_GetPCLK1Freq
                0x080018cc       0x28 ./Drivers/STM32F4xx_HAL_Driver/Src/stm32f4xx_hal_rcc.o
                0x080018cc                HAL_RCC_GetPCLK1Freq
 .text.HAL_RCC_GetClockConfig
                0x080018f4       0x64 ./Drivers/STM32F4xx_HAL_Driver/Src/stm32f4xx_hal_rcc.o
                0x080018f4                HAL_RCC_GetClockConfig
 .text.HAL_TIM_Base_Init
                0x08001958       0x9e ./Drivers/STM32F4xx_HAL_Driver/Src/stm32f4xx_hal_tim.o
                0x08001958                HAL_TIM_Base_Init
 .text.HAL_TIM_Base_MspInit
                0x080019f6       0x14 ./Drivers/STM32F4xx_HAL_Driver/Src/stm32f4xx_hal_tim.o
                0x080019f6                HAL_TIM_Base_MspInit
 *fill*         0x08001a0a        0x2 
 .text.HAL_TIM_Base_Start_IT
                0x08001a0c       0xc4 ./Drivers/STM32F4xx_HAL_Driver/Src/stm32f4xx_hal_tim.o
                0x08001a0c                HAL_TIM_Base_Start_IT
 .text.HAL_TIM_IRQHandler
                0x08001ad0      0x1e0 ./Drivers/STM32F4xx_HAL_Driver/Src/stm32f4xx_hal_tim.o
                0x08001ad0                HAL_TIM_IRQHandler
 .text.HAL_TIM_OC_DelayElapsedCallback
                0x08001cb0       0x14 ./Drivers/STM32F4xx_HAL_Driver/Src/stm32f4xx_hal_tim.o
                0x08001cb0                HAL_TIM_OC_DelayElapsedCallback
 .text.HAL_TIM_IC_CaptureCallback
                0x08001cc4       0x14 ./Drivers/STM32F4xx_HAL_Driver/Src/stm32f4xx_hal_tim.o
                0x08001cc4                HAL_TIM_IC_CaptureCallback
 .text.HAL_TIM_PWM_PulseFinishedCallback
                0x08001cd8       0x14 ./Drivers/STM32F4xx_HAL_Driver/Src/stm32f4xx_hal_tim.o
                0x08001cd8                HAL_TIM_PWM_PulseFinishedCallback
 .text.HAL_TIM_TriggerCallback
                0x08001cec       0x14 ./Drivers/STM32F4xx_HAL_Driver/Src/stm32f4xx_hal_tim.o
                0x08001cec                HAL_TIM_TriggerCallback
 .text.TIM_Base_SetConfig
                0x08001d00      0x10c ./Drivers/STM32F4xx_HAL_Driver/Src/stm32f4xx_hal_tim.o
                0x08001d00                TIM_Base_SetConfig
 .text.HAL_TIMEx_CommutCallback
                0x08001e0c       0x14 ./Drivers/STM32F4xx_HAL_Driver/Src/stm32f4xx_hal_tim_ex.o
                0x08001e0c                HAL_TIMEx_CommutCallback
 .text.HAL_TIMEx_BreakCallback
                0x08001e20       0x14 ./Drivers/STM32F4xx_HAL_Driver/Src/stm32f4xx_hal_tim_ex.o
                0x08001e20                HAL_TIMEx_BreakCallback
 .text.SysTick_Handler
                0x08001e34       0x20 ./Middlewares/Third_Party/FreeRTOS/Source/CMSIS_RTOS_V2/cmsis_os2.o
                0x08001e34                SysTick_Handler
 .text.vApplicationTickHook
                0x08001e54        0xe ./Middlewares/Third_Party/FreeRTOS/Source/CMSIS_RTOS_V2/cmsis_os2.o
                0x08001e54                vApplicationTickHook
 *fill*         0x08001e62        0x2 
 .text.vApplicationGetIdleTaskMemory
                0x08001e64       0x34 ./Middlewares/Third_Party/FreeRTOS/Source/CMSIS_RTOS_V2/cmsis_os2.o
                0x08001e64                vApplicationGetIdleTaskMemory
 .text.vApplicationGetTimerTaskMemory
                0x08001e98       0x34 ./Middlewares/Third_Party/FreeRTOS/Source/CMSIS_RTOS_V2/cmsis_os2.o
                0x08001e98                vApplicationGetTimerTaskMemory
 .text.vListInitialise
                0x08001ecc       0x40 ./Middlewares/Third_Party/FreeRTOS/Source/list.o
                0x08001ecc                vListInitialise
 .text.vListInitialiseItem
                0x08001f0c       0x1a ./Middlewares/Third_Party/FreeRTOS/Source/list.o
                0x08001f0c                vListInitialiseItem
 .text.vListInsertEnd
                0x08001f26       0x48 ./Middlewares/Third_Party/FreeRTOS/Source/list.o
                0x08001f26                vListInsertEnd
 .text.vListInsert
                0x08001f6e       0x72 ./Middlewares/Third_Party/FreeRTOS/Source/list.o
                0x08001f6e                vListInsert
 .text.uxListRemove
                0x08001fe0       0x54 ./Middlewares/Third_Party/FreeRTOS/Source/list.o
                0x08001fe0                uxListRemove
 .text.xQueueGenericReset
                0x08002034       0xd4 ./Middlewares/Third_Party/FreeRTOS/Source/queue.o
                0x08002034                xQueueGenericReset
 .text.xQueueGenericCreateStatic
                0x08002108       0xfa ./Middlewares/Third_Party/FreeRTOS/Source/queue.o
                0x08002108                xQueueGenericCreateStatic
 .text.prvInitialiseNewQueue
                0x08002202       0x46 ./Middlewares/Third_Party/FreeRTOS/Source/queue.o
 .text.xQueueGenericSend
                0x08002248      0x204 ./Middlewares/Third_Party/FreeRTOS/Source/queue.o
                0x08002248                xQueueGenericSend
 .text.xQueueGenericSendFromISR
                0x0800244c      0x13c ./Middlewares/Third_Party/FreeRTOS/Source/queue.o
                0x0800244c                xQueueGenericSendFromISR
 .text.xQueueReceive
                0x08002588      0x1c4 ./Middlewares/Third_Party/FreeRTOS/Source/queue.o
                0x08002588                xQueueReceive
 .text.prvCopyDataToQueue
                0x0800274c       0xd4 ./Middlewares/Third_Party/FreeRTOS/Source/queue.o
 .text.prvCopyDataFromQueue
                0x08002820       0x4c ./Middlewares/Third_Party/FreeRTOS/Source/queue.o
 .text.prvUnlockQueue
                0x0800286c       0xa4 ./Middlewares/Third_Party/FreeRTOS/Source/queue.o
 .text.prvIsQueueEmpty
                0x08002910       0x2c ./Middlewares/Third_Party/FreeRTOS/Source/queue.o
 .text.prvIsQueueFull
                0x0800293c       0x30 ./Middlewares/Third_Party/FreeRTOS/Source/queue.o
 .text.vQueueAddToRegistry
                0x0800296c       0x54 ./Middlewares/Third_Party/FreeRTOS/Source/queue.o
                0x0800296c                vQueueAddToRegistry
 .text.vQueueWaitForMessageRestricted
                0x080029c0       0x68 ./Middlewares/Third_Party/FreeRTOS/Source/queue.o
                0x080029c0                vQueueWaitForMessageRestricted
 .text.xTaskCreateStatic
                0x08002a28       0xc0 ./Middlewares/Third_Party/FreeRTOS/Source/tasks.o
                0x08002a28                xTaskCreateStatic
 .text.xTaskCreate
                0x08002ae8       0x8a ./Middlewares/Third_Party/FreeRTOS/Source/tasks.o
                0x08002ae8                xTaskCreate
 .text.prvInitialiseNewTask
                0x08002b72      0x120 ./Middlewares/Third_Party/FreeRTOS/Source/tasks.o
 *fill*         0x08002c92        0x2 
 .text.prvAddNewTaskToReadyList
                0x08002c94      0x11c ./Middlewares/Third_Party/FreeRTOS/Source/tasks.o
 .text.vTaskDelay
                0x08002db0       0x6c ./Middlewares/Third_Party/FreeRTOS/Source/tasks.o
                0x08002db0                vTaskDelay
 .text.vTaskStartScheduler
                0x08002e1c       0xf8 ./Middlewares/Third_Party/FreeRTOS/Source/tasks.o
                0x08002e1c                vTaskStartScheduler
 .text.vTaskSuspendAll
                0x08002f14       0x1c ./Middlewares/Third_Party/FreeRTOS/Source/tasks.o
                0x08002f14                vTaskSuspendAll
 .text.xTaskResumeAll
                0x08002f30      0x144 ./Middlewares/Third_Party/FreeRTOS/Source/tasks.o
                0x08002f30                xTaskResumeAll
 .text.xTaskGetTickCount
                0x08003074       0x20 ./Middlewares/Third_Party/FreeRTOS/Source/tasks.o
                0x08003074                xTaskGetTickCount
 .text.xTaskGetTickCountFromISR
                0x08003094       0x24 ./Middlewares/Third_Party/FreeRTOS/Source/tasks.o
                0x08003094                xTaskGetTickCountFromISR
 .text.xTaskIncrementTick
                0x080030b8      0x18c ./Middlewares/Third_Party/FreeRTOS/Source/tasks.o
                0x080030b8                xTaskIncrementTick
 .text.vTaskSwitchContext
                0x08003244       0xe4 ./Middlewares/Third_Party/FreeRTOS/Source/tasks.o
                0x08003244                vTaskSwitchContext
 .text.vTaskPlaceOnEventList
                0x08003328       0x4c ./Middlewares/Third_Party/FreeRTOS/Source/tasks.o
                0x08003328                vTaskPlaceOnEventList
 .text.vTaskPlaceOnEventListRestricted
                0x08003374       0x58 ./Middlewares/Third_Party/FreeRTOS/Source/tasks.o
                0x08003374                vTaskPlaceOnEventListRestricted
 .text.xTaskRemoveFromEventList
                0x080033cc       0xd0 ./Middlewares/Third_Party/FreeRTOS/Source/tasks.o
                0x080033cc                xTaskRemoveFromEventList
 .text.vTaskInternalSetTimeOutState
                0x0800349c       0x2c ./Middlewares/Third_Party/FreeRTOS/Source/tasks.o
                0x0800349c                vTaskInternalSetTimeOutState
 .text.xTaskCheckForTimeOut
                0x080034c8       0xc8 ./Middlewares/Third_Party/FreeRTOS/Source/tasks.o
                0x080034c8                xTaskCheckForTimeOut
 .text.vTaskMissedYield
                0x08003590       0x18 ./Middlewares/Third_Party/FreeRTOS/Source/tasks.o
                0x08003590                vTaskMissedYield
 .text.prvIdleTask
                0x080035a8       0x30 ./Middlewares/Third_Party/FreeRTOS/Source/tasks.o
 .text.prvInitialiseTaskLists
                0x080035d8       0x80 ./Middlewares/Third_Party/FreeRTOS/Source/tasks.o
 .text.prvCheckTasksWaitingTermination
                0x08003658       0x5c ./Middlewares/Third_Party/FreeRTOS/Source/tasks.o
 .text.prvTaskCheckFreeStackSpace
                0x080036b4       0x38 ./Middlewares/Third_Party/FreeRTOS/Source/tasks.o
 .text.uxTaskGetStackHighWaterMark
                0x080036ec       0x38 ./Middlewares/Third_Party/FreeRTOS/Source/tasks.o
                0x080036ec                uxTaskGetStackHighWaterMark
 .text.prvDeleteTCB
                0x08003724       0x60 ./Middlewares/Third_Party/FreeRTOS/Source/tasks.o
 .text.prvResetNextTaskUnblockTime
                0x08003784       0x40 ./Middlewares/Third_Party/FreeRTOS/Source/tasks.o
 .text.xTaskGetSchedulerState
                0x080037c4       0x3c ./Middlewares/Third_Party/FreeRTOS/Source/tasks.o
                0x080037c4                xTaskGetSchedulerState
 .text.xTaskPriorityDisinherit
                0x08003800       0xe8 ./Middlewares/Third_Party/FreeRTOS/Source/tasks.o
                0x08003800                xTaskPriorityDisinherit
 .text.prvAddCurrentTaskToDelayedList
                0x080038e8       0xa8 ./Middlewares/Third_Party/FreeRTOS/Source/tasks.o
 .text.xTimerCreateTimerTask
                0x08003990       0x94 ./Middlewares/Third_Party/FreeRTOS/Source/timers.o
                0x08003990                xTimerCreateTimerTask
 .text.xTimerGenericCommand
                0x08003a24       0x9c ./Middlewares/Third_Party/FreeRTOS/Source/timers.o
                0x08003a24                xTimerGenericCommand
 .text.prvProcessExpiredTimer
                0x08003ac0       0x9c ./Middlewares/Third_Party/FreeRTOS/Source/timers.o
 .text.prvTimerTask
                0x08003b5c       0x26 ./Middlewares/Third_Party/FreeRTOS/Source/timers.o
 *fill*         0x08003b82        0x2 
 .text.prvProcessTimerOrBlockTask
                0x08003b84       0x9c ./Middlewares/Third_Party/FreeRTOS/Source/timers.o
 .text.prvGetNextExpireTime
                0x08003c20       0x48 ./Middlewares/Third_Party/FreeRTOS/Source/timers.o
 .text.prvSampleTimeNow
                0x08003c68       0x40 ./Middlewares/Third_Party/FreeRTOS/Source/timers.o
 .text.prvInsertTimerInActiveList
                0x08003ca8       0x84 ./Middlewares/Third_Party/FreeRTOS/Source/timers.o
 .text.prvProcessReceivedCommands
                0x08003d2c      0x1cc ./Middlewares/Third_Party/FreeRTOS/Source/timers.o
 .text.prvSwitchTimerLists
                0x08003ef8       0xcc ./Middlewares/Third_Party/FreeRTOS/Source/timers.o
 .text.prvCheckForValidListAndQueue
                0x08003fc4       0x80 ./Middlewares/Third_Party/FreeRTOS/Source/timers.o
 .text.pxPortInitialiseStack
                0x08004044       0x68 ./Middlewares/Third_Party/FreeRTOS/Source/portable/GCC/ARM_CM4F/port.o
                0x08004044                pxPortInitialiseStack
 .text.prvTaskExitError
                0x080040ac       0x5c ./Middlewares/Third_Party/FreeRTOS/Source/portable/GCC/ARM_CM4F/port.o
 *fill*         0x08004108        0x8 
 .text.SVC_Handler
                0x08004110       0x28 ./Middlewares/Third_Party/FreeRTOS/Source/portable/GCC/ARM_CM4F/port.o
                0x08004110                SVC_Handler
 .text.prvPortStartFirstTask
                0x08004138       0x28 ./Middlewares/Third_Party/FreeRTOS/Source/portable/GCC/ARM_CM4F/port.o
 .text.xPortStartScheduler
                0x08004160      0x148 ./Middlewares/Third_Party/FreeRTOS/Source/portable/GCC/ARM_CM4F/port.o
                0x08004160                xPortStartScheduler
 .text.vPortEnterCritical
                0x080042a8       0x64 ./Middlewares/Third_Party/FreeRTOS/Source/portable/GCC/ARM_CM4F/port.o
                0x080042a8                vPortEnterCritical
 .text.vPortExitCritical
                0x0800430c       0x54 ./Middlewares/Third_Party/FreeRTOS/Source/portable/GCC/ARM_CM4F/port.o
                0x0800430c                vPortExitCritical
 .text.PendSV_Handler
                0x08004360       0x68 ./Middlewares/Third_Party/FreeRTOS/Source/portable/GCC/ARM_CM4F/port.o
                0x08004360                PendSV_Handler
 .text.xPortSysTickHandler
                0x080043c8       0x44 ./Middlewares/Third_Party/FreeRTOS/Source/portable/GCC/ARM_CM4F/port.o
                0x080043c8                xPortSysTickHandler
 .text.vPortSetupTimerInterrupt
                0x0800440c       0x48 ./Middlewares/Third_Party/FreeRTOS/Source/portable/GCC/ARM_CM4F/port.o
                0x0800440c                vPortSetupTimerInterrupt
 .text.vPortEnableVFP
                0x08004454       0x14 ./Middlewares/Third_Party/FreeRTOS/Source/portable/GCC/ARM_CM4F/port.o
 .text.vPortValidateInterruptPriority
                0x08004468       0x84 ./Middlewares/Third_Party/FreeRTOS/Source/portable/GCC/ARM_CM4F/port.o
                0x08004468                vPortValidateInterruptPriority
 .text.pvPortMalloc
                0x080044ec      0x19c ./Middlewares/Third_Party/FreeRTOS/Source/portable/MemMang/heap_4.o
                0x080044ec                pvPortMalloc
 .text.vPortFree
                0x08004688       0xc8 ./Middlewares/Third_Party/FreeRTOS/Source/portable/MemMang/heap_4.o
                0x08004688                vPortFree
 .text.prvHeapInit
                0x08004750       0xc4 ./Middlewares/Third_Party/FreeRTOS/Source/portable/MemMang/heap_4.o
 .text.prvInsertBlockIntoFreeList
                0x08004814       0xb4 ./Middlewares/Third_Party/FreeRTOS/Source/portable/MemMang/heap_4.o
 .text._cbSendSystemDesc
                0x080048c8       0x1c ./Middlewares/Third_Party/SEGGER/Config/SEGGER_SYSVIEW_Config_FreeRTOS.o
 .text.SEGGER_SYSVIEW_Conf
                0x080048e4       0x2c ./Middlewares/Third_Party/SEGGER/Config/SEGGER_SYSVIEW_Config_FreeRTOS.o
                0x080048e4                SEGGER_SYSVIEW_Conf
 .text._cbSendTaskList
                0x08004910       0xbc ./Middlewares/Third_Party/SEGGER/OS/SEGGER_SYSVIEW_FreeRTOS.o
 .text._cbGetTime
                0x080049cc       0xb8 ./Middlewares/Third_Party/SEGGER/OS/SEGGER_SYSVIEW_FreeRTOS.o
 .text.SYSVIEW_AddTask
                0x08004a84       0xd0 ./Middlewares/Third_Party/SEGGER/OS/SEGGER_SYSVIEW_FreeRTOS.o
                0x08004a84                SYSVIEW_AddTask
 .text.SYSVIEW_SendTaskInfo
                0x08004b54       0x42 ./Middlewares/Third_Party/SEGGER/OS/SEGGER_SYSVIEW_FreeRTOS.o
                0x08004b54                SYSVIEW_SendTaskInfo
 *fill*         0x08004b96        0x2 
 .text.USART2_IRQHandler
                0x08004b98       0x94 ./Middlewares/Third_Party/SEGGER/Rec/segger_uart.o
                0x08004b98                USART2_IRQHandler
 .text._DoInit  0x08004c2c       0xb4 ./Middlewares/Third_Party/SEGGER/segger/SEGGER_RTT.o
 .text.SEGGER_RTT_ReadNoLock
                0x08004ce0      0x10c ./Middlewares/Third_Party/SEGGER/segger/SEGGER_RTT.o
                0x08004ce0                SEGGER_RTT_ReadNoLock
 .text.SEGGER_RTT_AllocUpBuffer
                0x08004dec      0x108 ./Middlewares/Third_Party/SEGGER/segger/SEGGER_RTT.o
                0x08004dec                SEGGER_RTT_AllocUpBuffer
 .text.SEGGER_RTT_ConfigDownBuffer
                0x08004ef4       0x98 ./Middlewares/Third_Party/SEGGER/segger/SEGGER_RTT.o
                0x08004ef4                SEGGER_RTT_ConfigDownBuffer
 .text._EncodeStr
                0x08004f8c       0x72 ./Middlewares/Third_Party/SEGGER/segger/SEGGER_SYSVIEW.o
 .text._PreparePacket
                0x08004ffe       0x18 ./Middlewares/Third_Party/SEGGER/segger/SEGGER_SYSVIEW.o
 *fill*         0x08005016        0x2 
 .text._HandleIncomingPacket
                0x08005018       0xdc ./Middlewares/Third_Party/SEGGER/segger/SEGGER_SYSVIEW.o
 .text._CheckDownBuffer
                0x080050f4       0x68 ./Middlewares/Third_Party/SEGGER/segger/SEGGER_SYSVIEW.o
 .text._TrySendOverflowPacket
                0x0800515c       0xde ./Middlewares/Third_Party/SEGGER/segger/SEGGER_SYSVIEW.o
 *fill*         0x0800523a        0x2 
 .text._SendPacket
                0x0800523c      0x1e8 ./Middlewares/Third_Party/SEGGER/segger/SEGGER_SYSVIEW.o
 .text._SendPacket_Ex
                0x08005424       0xe8 ./Middlewares/Third_Party/SEGGER/segger/SEGGER_SYSVIEW.o
 .text._StoreChar
                0x0800550c       0xf6 ./Middlewares/Third_Party/SEGGER/segger/SEGGER_SYSVIEW.o
 *fill*         0x08005602        0x2 
 .text._PrintUnsigned
                0x08005604      0x12c ./Middlewares/Third_Party/SEGGER/segger/SEGGER_SYSVIEW.o
 .text._PrintInt
                0x08005730      0x11e ./Middlewares/Third_Party/SEGGER/segger/SEGGER_SYSVIEW.o
 *fill*         0x0800584e        0x2 
 .text._VPrintTarget
                0x08005850      0x440 ./Middlewares/Third_Party/SEGGER/segger/SEGGER_SYSVIEW.o
 .text._SendStartEvent
                0x08005c90       0x48 ./Middlewares/Third_Party/SEGGER/segger/SEGGER_SYSVIEW.o
                0x08005c90                _SendStartEvent
 .text._SendInitEvent
                0x08005cd8      0x172 ./Middlewares/Third_Party/SEGGER/segger/SEGGER_SYSVIEW.o
                0x08005cd8                _SendInitEvent
 *fill*         0x08005e4a        0x2 
 .text._RecordSystime
                0x08005e4c      0x170 ./Middlewares/Third_Party/SEGGER/segger/SEGGER_SYSVIEW.o
                0x08005e4c                _RecordSystime
 .text.SEGGER_SYSVIEW_Init
                0x08005fbc       0x2a ./Middlewares/Third_Party/SEGGER/segger/SEGGER_SYSVIEW.o
                0x08005fbc                SEGGER_SYSVIEW_Init
 *fill*         0x08005fe6        0x2 
 .text.SEGGER_SYSVIEW_Init_Ex
                0x08005fe8       0x90 ./Middlewares/Third_Party/SEGGER/segger/SEGGER_SYSVIEW.o
                0x08005fe8                SEGGER_SYSVIEW_Init_Ex
 .text.SEGGER_SYSVIEW_SetRAMBase
                0x08006078       0x20 ./Middlewares/Third_Party/SEGGER/segger/SEGGER_SYSVIEW.o
                0x08006078                SEGGER_SYSVIEW_SetRAMBase
 .text.SEGGER_SYSVIEW_RecordU32
                0x08006098       0x78 ./Middlewares/Third_Party/SEGGER/segger/SEGGER_SYSVIEW.o
                0x08006098                SEGGER_SYSVIEW_RecordU32
 .text.SEGGER_SYSVIEW_RecordU32x2
                0x08006110       0xb4 ./Middlewares/Third_Party/SEGGER/segger/SEGGER_SYSVIEW.o
                0x08006110                SEGGER_SYSVIEW_RecordU32x2
 .text.SEGGER_SYSVIEW_Start
                0x080061c4       0x40 ./Middlewares/Third_Party/SEGGER/segger/SEGGER_SYSVIEW.o
                0x080061c4                SEGGER_SYSVIEW_Start
 .text.SEGGER_SYSVIEW_Start_Ex
                0x08006204       0x60 ./Middlewares/Third_Party/SEGGER/segger/SEGGER_SYSVIEW.o
                0x08006204                SEGGER_SYSVIEW_Start_Ex
 .text.SEGGER_SYSVIEW_Stop
                0x08006264       0x20 ./Middlewares/Third_Party/SEGGER/segger/SEGGER_SYSVIEW.o
                0x08006264                SEGGER_SYSVIEW_Stop
 .text.SEGGER_SYSVIEW_Stop_Ex
                0x08006284       0x54 ./Middlewares/Third_Party/SEGGER/segger/SEGGER_SYSVIEW.o
                0x08006284                SEGGER_SYSVIEW_Stop_Ex
 .text.SEGGER_SYSVIEW_GetSysDesc
                0x080062d8      0x134 ./Middlewares/Third_Party/SEGGER/segger/SEGGER_SYSVIEW.o
                0x080062d8                SEGGER_SYSVIEW_GetSysDesc
 .text.SEGGER_SYSVIEW_SendTaskInfo
                0x0800640c      0x1c8 ./Middlewares/Third_Party/SEGGER/segger/SEGGER_SYSVIEW.o
                0x0800640c                SEGGER_SYSVIEW_SendTaskInfo
 .text.SEGGER_SYSVIEW_SendTaskList
                0x080065d4       0x28 ./Middlewares/Third_Party/SEGGER/segger/SEGGER_SYSVIEW.o
                0x080065d4                SEGGER_SYSVIEW_SendTaskList
 .text.SEGGER_SYSVIEW_SendSysDesc
                0x080065fc       0x48 ./Middlewares/Third_Party/SEGGER/segger/SEGGER_SYSVIEW.o
                0x080065fc                SEGGER_SYSVIEW_SendSysDesc
 .text.SEGGER_SYSVIEW_RecordSystime
                0x08006644       0x64 ./Middlewares/Third_Party/SEGGER/segger/SEGGER_SYSVIEW.o
                0x08006644                SEGGER_SYSVIEW_RecordSystime
 .text.SEGGER_SYSVIEW_OnIdle
                0x080066a8       0x38 ./Middlewares/Third_Party/SEGGER/segger/SEGGER_SYSVIEW.o
                0x080066a8                SEGGER_SYSVIEW_OnIdle
 .text.SEGGER_SYSVIEW_OnTaskCreate
                0x080066e0       0x84 ./Middlewares/Third_Party/SEGGER/segger/SEGGER_SYSVIEW.o
                0x080066e0                SEGGER_SYSVIEW_OnTaskCreate
 .text.SEGGER_SYSVIEW_OnTaskStartExec
                0x08006764       0x84 ./Middlewares/Third_Party/SEGGER/segger/SEGGER_SYSVIEW.o
                0x08006764                SEGGER_SYSVIEW_OnTaskStartExec
 .text.SEGGER_SYSVIEW_OnTaskStartReady
                0x080067e8       0x84 ./Middlewares/Third_Party/SEGGER/segger/SEGGER_SYSVIEW.o
                0x080067e8                SEGGER_SYSVIEW_OnTaskStartReady
 .text.SEGGER_SYSVIEW_SendModule
                0x0800686c      0x114 ./Middlewares/Third_Party/SEGGER/segger/SEGGER_SYSVIEW.o
                0x0800686c                SEGGER_SYSVIEW_SendModule
 .text.SEGGER_SYSVIEW_SendModuleDescription
                0x08006980       0x3c ./Middlewares/Third_Party/SEGGER/segger/SEGGER_SYSVIEW.o
                0x08006980                SEGGER_SYSVIEW_SendModuleDescription
 .text.SEGGER_SYSVIEW_SendNumModules
                0x080069bc       0x7c ./Middlewares/Third_Party/SEGGER/segger/SEGGER_SYSVIEW.o
                0x080069bc                SEGGER_SYSVIEW_SendNumModules
 .text.SEGGER_SYSVIEW_PrintfTarget
                0x08006a38       0x28 ./Middlewares/Third_Party/SEGGER/segger/SEGGER_SYSVIEW.o
                0x08006a38                SEGGER_SYSVIEW_PrintfTarget
 .text.SEGGER_SYSVIEW_Warn
                0x08006a60       0xb8 ./Middlewares/Third_Party/SEGGER/segger/SEGGER_SYSVIEW.o
                0x08006a60                SEGGER_SYSVIEW_Warn
 .text.memcmp   0x08006b18       0x20 D:/STM32CubeIDE_1.19.0/STM32CubeIDE/plugins/com.st.stm32cube.ide.mcu.externaltools.gnu-tools-for-stm32.13.3.rel1.win32_1.0.0.202411081344/tools/bin/../lib/gcc/arm-none-eabi/13.3.1/../../../../arm-none-eabi/lib/thumb/v7e-m+fp/hard\libc_nano.a(libc_a-memcmp.o)
                0x08006b18                memcmp
 .text.memset   0x08006b38       0x10 D:/STM32CubeIDE_1.19.0/STM32CubeIDE/plugins/com.st.stm32cube.ide.mcu.externaltools.gnu-tools-for-stm32.13.3.rel1.win32_1.0.0.202411081344/tools/bin/../lib/gcc/arm-none-eabi/13.3.1/../../../../arm-none-eabi/lib/thumb/v7e-m+fp/hard\libc_nano.a(libc_a-memset.o)
                0x08006b38                memset
 .text.__libc_init_array
                0x08006b48       0x48 D:/STM32CubeIDE_1.19.0/STM32CubeIDE/plugins/com.st.stm32cube.ide.mcu.externaltools.gnu-tools-for-stm32.13.3.rel1.win32_1.0.0.202411081344/tools/bin/../lib/gcc/arm-none-eabi/13.3.1/../../../../arm-none-eabi/lib/thumb/v7e-m+fp/hard\libc_nano.a(libc_a-init.o)
                0x08006b48                __libc_init_array
 .text.memcpy   0x08006b90       0x1c D:/STM32CubeIDE_1.19.0/STM32CubeIDE/plugins/com.st.stm32cube.ide.mcu.externaltools.gnu-tools-for-stm32.13.3.rel1.win32_1.0.0.202411081344/tools/bin/../lib/gcc/arm-none-eabi/13.3.1/../../../../arm-none-eabi/lib/thumb/v7e-m+fp/hard\libc_nano.a(libc_a-memcpy-stub.o)
                0x08006b90                memcpy
 *(.glue_7)
 .glue_7        0x08006bac        0x0 linker stubs
 *(.glue_7t)
 .glue_7t       0x08006bac        0x0 linker stubs
 *(.eh_frame)
 .eh_frame      0x08006bac        0x0 D:/STM32CubeIDE_1.19.0/STM32CubeIDE/plugins/com.st.stm32cube.ide.mcu.externaltools.gnu-tools-for-stm32.13.3.rel1.win32_1.0.0.202411081344/tools/bin/../lib/gcc/arm-none-eabi/13.3.1/thumb/v7e-m+fp/hard/crtbegin.o
 *(.init)
 .init          0x08006bac        0x4 D:/STM32CubeIDE_1.19.0/STM32CubeIDE/plugins/com.st.stm32cube.ide.mcu.externaltools.gnu-tools-for-stm32.13.3.rel1.win32_1.0.0.202411081344/tools/bin/../lib/gcc/arm-none-eabi/13.3.1/thumb/v7e-m+fp/hard/crti.o
                0x08006bac                _init
 .init          0x08006bb0        0x8 D:/STM32CubeIDE_1.19.0/STM32CubeIDE/plugins/com.st.stm32cube.ide.mcu.externaltools.gnu-tools-for-stm32.13.3.rel1.win32_1.0.0.202411081344/tools/bin/../lib/gcc/arm-none-eabi/13.3.1/thumb/v7e-m+fp/hard/crtn.o
 *(.fini)
 .fini          0x08006bb8        0x4 D:/STM32CubeIDE_1.19.0/STM32CubeIDE/plugins/com.st.stm32cube.ide.mcu.externaltools.gnu-tools-for-stm32.13.3.rel1.win32_1.0.0.202411081344/tools/bin/../lib/gcc/arm-none-eabi/13.3.1/thumb/v7e-m+fp/hard/crti.o
                0x08006bb8                _fini
 .fini          0x08006bbc        0x8 D:/STM32CubeIDE_1.19.0/STM32CubeIDE/plugins/com.st.stm32cube.ide.mcu.externaltools.gnu-tools-for-stm32.13.3.rel1.win32_1.0.0.202411081344/tools/bin/../lib/gcc/arm-none-eabi/13.3.1/thumb/v7e-m+fp/hard/crtn.o
                0x08006bc4                        . = ALIGN (0x4)
                0x08006bc4                        _etext = .

.vfp11_veneer   0x08006bc4        0x0
 .vfp11_veneer  0x08006bc4        0x0 linker stubs

.v4_bx          0x08006bc4        0x0
 .v4_bx         0x08006bc4        0x0 linker stubs

.iplt           0x08006bc4        0x0
 .iplt          0x08006bc4        0x0 D:/STM32CubeIDE_1.19.0/STM32CubeIDE/plugins/com.st.stm32cube.ide.mcu.externaltools.gnu-tools-for-stm32.13.3.rel1.win32_1.0.0.202411081344/tools/bin/../lib/gcc/arm-none-eabi/13.3.1/thumb/v7e-m+fp/hard/crtbegin.o

.rodata         0x08006bc4      0x1a8
                0x08006bc4                        . = ALIGN (0x4)
 *(.rodata)
 .rodata        0x08006bc4       0x79 ./Core/Src/main.o
 *fill*         0x08006c3d        0x3 
 .rodata        0x08006c40        0x5 ./Middlewares/Third_Party/FreeRTOS/Source/tasks.o
 *fill*         0x08006c45        0x3 
 .rodata        0x08006c48        0xd ./Middlewares/Third_Party/FreeRTOS/Source/timers.o
 *fill*         0x08006c55        0x3 
 .rodata        0x08006c58       0x4d ./Middlewares/Third_Party/SEGGER/Config/SEGGER_SYSVIEW_Config_FreeRTOS.o
 *fill*         0x08006ca5        0x3 
 .rodata        0x08006ca8       0x58 ./Middlewares/Third_Party/SEGGER/OS/SEGGER_SYSVIEW_FreeRTOS.o
 .rodata        0x08006d00        0x9 ./Middlewares/Third_Party/SEGGER/segger/SEGGER_RTT.o
 *fill*         0x08006d09        0x3 
 .rodata        0x08006d0c       0x10 ./Middlewares/Third_Party/SEGGER/segger/SEGGER_SYSVIEW.o
 *(.rodata*)
 .rodata.AHBPrescTable
                0x08006d1c       0x10 ./Core/Src/system_stm32f4xx.o
                0x08006d1c                AHBPrescTable
 .rodata.APBPrescTable
                0x08006d2c        0x8 ./Core/Src/system_stm32f4xx.o
                0x08006d2c                APBPrescTable
 .rodata.SYSVIEW_X_OS_TraceAPI
                0x08006d34        0x8 ./Middlewares/Third_Party/SEGGER/OS/SEGGER_SYSVIEW_FreeRTOS.o
                0x08006d34                SYSVIEW_X_OS_TraceAPI
 .rodata._aInitStr.0
                0x08006d3c       0x11 ./Middlewares/Third_Party/SEGGER/segger/SEGGER_RTT.o
 *fill*         0x08006d4d        0x3 
 .rodata._abSync
                0x08006d50        0xa ./Middlewares/Third_Party/SEGGER/segger/SEGGER_SYSVIEW.o
 *fill*         0x08006d5a        0x2 
 .rodata._aV2C.0
                0x08006d5c       0x10 ./Middlewares/Third_Party/SEGGER/segger/SEGGER_SYSVIEW.o
                0x08006d6c                        . = ALIGN (0x4)

.ARM.extab      0x08006d6c        0x0
                0x08006d6c                        . = ALIGN (0x4)
 *(.ARM.extab* .gnu.linkonce.armextab.*)
                0x08006d6c                        . = ALIGN (0x4)

.ARM            0x08006d6c        0x8
                0x08006d6c                        . = ALIGN (0x4)
                0x08006d6c                        __exidx_start = .
 *(.ARM.exidx*)
 .ARM.exidx     0x08006d6c        0x8 D:/STM32CubeIDE_1.19.0/STM32CubeIDE/plugins/com.st.stm32cube.ide.mcu.externaltools.gnu-tools-for-stm32.13.3.rel1.win32_1.0.0.202411081344/tools/bin/../lib/gcc/arm-none-eabi/13.3.1/thumb/v7e-m+fp/hard\libgcc.a(_udivmoddi4.o)
                0x08006d74                        __exidx_end = .
                0x08006d74                        . = ALIGN (0x4)

.preinit_array  0x08006d74        0x0
                0x08006d74                        . = ALIGN (0x4)
                0x08006d74                        PROVIDE (__preinit_array_start = .)
 *(.preinit_array*)
                0x08006d74                        PROVIDE (__preinit_array_end = .)
                0x08006d74                        . = ALIGN (0x4)

.init_array     0x08006d74        0x4
                0x08006d74                        . = ALIGN (0x4)
                0x08006d74                        PROVIDE (__init_array_start = .)
 *(SORT_BY_NAME(.init_array.*))
 *(.init_array*)
 .init_array    0x08006d74        0x4 D:/STM32CubeIDE_1.19.0/STM32CubeIDE/plugins/com.st.stm32cube.ide.mcu.externaltools.gnu-tools-for-stm32.13.3.rel1.win32_1.0.0.202411081344/tools/bin/../lib/gcc/arm-none-eabi/13.3.1/thumb/v7e-m+fp/hard/crtbegin.o
                0x08006d78                        PROVIDE (__init_array_end = .)
                0x08006d78                        . = ALIGN (0x4)

.fini_array     0x08006d78        0x4
                0x08006d78                        . = ALIGN (0x4)
                [!provide]                        PROVIDE (__fini_array_start = .)
 *(SORT_BY_NAME(.fini_array.*))
 *(.fini_array*)
 .fini_array    0x08006d78        0x4 D:/STM32CubeIDE_1.19.0/STM32CubeIDE/plugins/com.st.stm32cube.ide.mcu.externaltools.gnu-tools-for-stm32.13.3.rel1.win32_1.0.0.202411081344/tools/bin/../lib/gcc/arm-none-eabi/13.3.1/thumb/v7e-m+fp/hard/crtbegin.o
                [!provide]                        PROVIDE (__fini_array_end = .)
                0x08006d7c                        . = ALIGN (0x4)
                0x08006d7c                        _sidata = LOADADDR (.data)

.rel.dyn        0x08006d7c        0x0
 .rel.iplt      0x08006d7c        0x0 D:/STM32CubeIDE_1.19.0/STM32CubeIDE/plugins/com.st.stm32cube.ide.mcu.externaltools.gnu-tools-for-stm32.13.3.rel1.win32_1.0.0.202411081344/tools/bin/../lib/gcc/arm-none-eabi/13.3.1/thumb/v7e-m+fp/hard/crtbegin.o

.data           0x20000000       0x10 load address 0x08006d7c
                0x20000000                        . = ALIGN (0x4)
                0x20000000                        _sdata = .
 *(.data)
 *(.data*)
 .data.SystemCoreClock
                0x20000000        0x4 ./Core/Src/system_stm32f4xx.o
                0x20000000                SystemCoreClock
 .data.uwTickPrio
                0x20000004        0x4 ./Drivers/STM32F4xx_HAL_Driver/Src/stm32f4xx_hal.o
                0x20000004                uwTickPrio
 .data.uwTickFreq
                0x20000008        0x1 ./Drivers/STM32F4xx_HAL_Driver/Src/stm32f4xx_hal.o
                0x20000008                uwTickFreq
 *fill*         0x20000009        0x3 
 .data.uxCriticalNesting
                0x2000000c        0x4 ./Middlewares/Third_Party/FreeRTOS/Source/portable/GCC/ARM_CM4F/port.o
 *(.RamFunc)
 *(.RamFunc*)
                0x20000010                        . = ALIGN (0x4)
                0x20000010                        _edata = .

.igot.plt       0x20000010        0x0 load address 0x08006d8c
 .igot.plt      0x20000010        0x0 D:/STM32CubeIDE_1.19.0/STM32CubeIDE/plugins/com.st.stm32cube.ide.mcu.externaltools.gnu-tools-for-stm32.13.3.rel1.win32_1.0.0.202411081344/tools/bin/../lib/gcc/arm-none-eabi/13.3.1/thumb/v7e-m+fp/hard/crtbegin.o
                0x20000010                        . = ALIGN (0x4)

.bss            0x20000010     0x604c load address 0x08006d8c
                0x20000010                        _sbss = .
                0x20000010                        __bss_start__ = _sbss
 *(.bss)
 .bss           0x20000010       0x1c D:/STM32CubeIDE_1.19.0/STM32CubeIDE/plugins/com.st.stm32cube.ide.mcu.externaltools.gnu-tools-for-stm32.13.3.rel1.win32_1.0.0.202411081344/tools/bin/../lib/gcc/arm-none-eabi/13.3.1/thumb/v7e-m+fp/hard/crtbegin.o
 *(.bss*)
 .bss.task1_handle
                0x2000002c        0x4 ./Core/Src/main.o
                0x2000002c                task1_handle
 .bss.task2_handle
                0x20000030        0x4 ./Core/Src/main.o
                0x20000030                task2_handle
 .bss.task3_handle
                0x20000034        0x4 ./Core/Src/main.o
                0x20000034                task3_handle
 .bss.Status    0x20000038        0x4 ./Core/Src/main.o
                0x20000038                Status
 .bss.htim5     0x2000003c       0x48 ./Core/Src/stm32f4xx_hal_timebase_tim.o
                0x2000003c                htim5
 .bss.uwTick    0x20000084        0x4 ./Drivers/STM32F4xx_HAL_Driver/Src/stm32f4xx_hal.o
                0x20000084                uwTick
 .bss.Idle_TCB.3
                0x20000088       0x5c ./Middlewares/Third_Party/FreeRTOS/Source/CMSIS_RTOS_V2/cmsis_os2.o
 .bss.Idle_Stack.2
                0x200000e4      0x200 ./Middlewares/Third_Party/FreeRTOS/Source/CMSIS_RTOS_V2/cmsis_os2.o
 .bss.Timer_TCB.1
                0x200002e4       0x5c ./Middlewares/Third_Party/FreeRTOS/Source/CMSIS_RTOS_V2/cmsis_os2.o
 .bss.Timer_Stack.0
                0x20000340      0x400 ./Middlewares/Third_Party/FreeRTOS/Source/CMSIS_RTOS_V2/cmsis_os2.o
 .bss.xQueueRegistry
                0x20000740       0x40 ./Middlewares/Third_Party/FreeRTOS/Source/queue.o
                0x20000740                xQueueRegistry
 .bss.pxCurrentTCB
                0x20000780        0x4 ./Middlewares/Third_Party/FreeRTOS/Source/tasks.o
                0x20000780                pxCurrentTCB
 .bss.pxReadyTasksLists
                0x20000784      0x460 ./Middlewares/Third_Party/FreeRTOS/Source/tasks.o
 .bss.xDelayedTaskList1
                0x20000be4       0x14 ./Middlewares/Third_Party/FreeRTOS/Source/tasks.o
 .bss.xDelayedTaskList2
                0x20000bf8       0x14 ./Middlewares/Third_Party/FreeRTOS/Source/tasks.o
 .bss.pxDelayedTaskList
                0x20000c0c        0x4 ./Middlewares/Third_Party/FreeRTOS/Source/tasks.o
 .bss.pxOverflowDelayedTaskList
                0x20000c10        0x4 ./Middlewares/Third_Party/FreeRTOS/Source/tasks.o
 .bss.xPendingReadyList
                0x20000c14       0x14 ./Middlewares/Third_Party/FreeRTOS/Source/tasks.o
 .bss.xTasksWaitingTermination
                0x20000c28       0x14 ./Middlewares/Third_Party/FreeRTOS/Source/tasks.o
 .bss.uxDeletedTasksWaitingCleanUp
                0x20000c3c        0x4 ./Middlewares/Third_Party/FreeRTOS/Source/tasks.o
 .bss.xSuspendedTaskList
                0x20000c40       0x14 ./Middlewares/Third_Party/FreeRTOS/Source/tasks.o
 .bss.uxCurrentNumberOfTasks
                0x20000c54        0x4 ./Middlewares/Third_Party/FreeRTOS/Source/tasks.o
 .bss.xTickCount
                0x20000c58        0x4 ./Middlewares/Third_Party/FreeRTOS/Source/tasks.o
 .bss.uxTopReadyPriority
                0x20000c5c        0x4 ./Middlewares/Third_Party/FreeRTOS/Source/tasks.o
 .bss.xSchedulerRunning
                0x20000c60        0x4 ./Middlewares/Third_Party/FreeRTOS/Source/tasks.o
 .bss.xPendedTicks
                0x20000c64        0x4 ./Middlewares/Third_Party/FreeRTOS/Source/tasks.o
 .bss.xYieldPending
                0x20000c68        0x4 ./Middlewares/Third_Party/FreeRTOS/Source/tasks.o
 .bss.xNumOfOverflows
                0x20000c6c        0x4 ./Middlewares/Third_Party/FreeRTOS/Source/tasks.o
 .bss.uxTaskNumber
                0x20000c70        0x4 ./Middlewares/Third_Party/FreeRTOS/Source/tasks.o
 .bss.xNextTaskUnblockTime
                0x20000c74        0x4 ./Middlewares/Third_Party/FreeRTOS/Source/tasks.o
 .bss.xIdleTaskHandle
                0x20000c78        0x4 ./Middlewares/Third_Party/FreeRTOS/Source/tasks.o
 .bss.uxSchedulerSuspended
                0x20000c7c        0x4 ./Middlewares/Third_Party/FreeRTOS/Source/tasks.o
 .bss.xActiveTimerList1
                0x20000c80       0x14 ./Middlewares/Third_Party/FreeRTOS/Source/timers.o
 .bss.xActiveTimerList2
                0x20000c94       0x14 ./Middlewares/Third_Party/FreeRTOS/Source/timers.o
 .bss.pxCurrentTimerList
                0x20000ca8        0x4 ./Middlewares/Third_Party/FreeRTOS/Source/timers.o
 .bss.pxOverflowTimerList
                0x20000cac        0x4 ./Middlewares/Third_Party/FreeRTOS/Source/timers.o
 .bss.xTimerQueue
                0x20000cb0        0x4 ./Middlewares/Third_Party/FreeRTOS/Source/timers.o
 .bss.xTimerTaskHandle
                0x20000cb4        0x4 ./Middlewares/Third_Party/FreeRTOS/Source/timers.o
 .bss.xLastTime.2
                0x20000cb8        0x4 ./Middlewares/Third_Party/FreeRTOS/Source/timers.o
 .bss.ucStaticTimerQueueStorage.1
                0x20000cbc       0xa0 ./Middlewares/Third_Party/FreeRTOS/Source/timers.o
 .bss.xStaticTimerQueue.0
                0x20000d5c       0x50 ./Middlewares/Third_Party/FreeRTOS/Source/timers.o
 .bss.ucMaxSysCallPriority
                0x20000dac        0x1 ./Middlewares/Third_Party/FreeRTOS/Source/portable/GCC/ARM_CM4F/port.o
 *fill*         0x20000dad        0x3 
 .bss.ulMaxPRIGROUPValue
                0x20000db0        0x4 ./Middlewares/Third_Party/FreeRTOS/Source/portable/GCC/ARM_CM4F/port.o
 .bss.ucHeap    0x20000db4     0x3c00 ./Middlewares/Third_Party/FreeRTOS/Source/portable/MemMang/heap_4.o
 .bss.xStart    0x200049b4        0x8 ./Middlewares/Third_Party/FreeRTOS/Source/portable/MemMang/heap_4.o
 .bss.pxEnd     0x200049bc        0x4 ./Middlewares/Third_Party/FreeRTOS/Source/portable/MemMang/heap_4.o
 .bss.xFreeBytesRemaining
                0x200049c0        0x4 ./Middlewares/Third_Party/FreeRTOS/Source/portable/MemMang/heap_4.o
 .bss.xMinimumEverFreeBytesRemaining
                0x200049c4        0x4 ./Middlewares/Third_Party/FreeRTOS/Source/portable/MemMang/heap_4.o
 .bss.xNumberOfSuccessfulAllocations
                0x200049c8        0x4 ./Middlewares/Third_Party/FreeRTOS/Source/portable/MemMang/heap_4.o
 .bss.xNumberOfSuccessfulFrees
                0x200049cc        0x4 ./Middlewares/Third_Party/FreeRTOS/Source/portable/MemMang/heap_4.o
 .bss.xBlockAllocatedBit
                0x200049d0        0x4 ./Middlewares/Third_Party/FreeRTOS/Source/portable/MemMang/heap_4.o
 .bss._aTasks   0x200049d4       0xa0 ./Middlewares/Third_Party/SEGGER/OS/SEGGER_SYSVIEW_FreeRTOS.o
 .bss._NumTasks
                0x20004a74        0x4 ./Middlewares/Third_Party/SEGGER/OS/SEGGER_SYSVIEW_FreeRTOS.o
 .bss._cbOnRx   0x20004a78        0x4 ./Middlewares/Third_Party/SEGGER/Rec/segger_uart.o
 .bss._cbOnTx   0x20004a7c        0x4 ./Middlewares/Third_Party/SEGGER/Rec/segger_uart.o
 .bss._SEGGER_RTT
                0x20004a80       0xa8 ./Middlewares/Third_Party/SEGGER/segger/SEGGER_RTT.o
                0x20004a80                _SEGGER_RTT
 .bss._acUpBuffer
                0x20004b28      0x400 ./Middlewares/Third_Party/SEGGER/segger/SEGGER_RTT.o
 .bss._acDownBuffer
                0x20004f28       0x10 ./Middlewares/Third_Party/SEGGER/segger/SEGGER_RTT.o
 .bss._UpBuffer
                0x20004f38     0x1000 ./Middlewares/Third_Party/SEGGER/segger/SEGGER_SYSVIEW.o
 .bss._DownBuffer
                0x20005f38        0x8 ./Middlewares/Third_Party/SEGGER/segger/SEGGER_SYSVIEW.o
 .bss._SYSVIEW_Globals
                0x20005f40       0x30 ./Middlewares/Third_Party/SEGGER/segger/SEGGER_SYSVIEW.o
 .bss._pFirstModule
                0x20005f70        0x4 ./Middlewares/Third_Party/SEGGER/segger/SEGGER_SYSVIEW.o
 .bss._NumModules
                0x20005f74        0x1 ./Middlewares/Third_Party/SEGGER/segger/SEGGER_SYSVIEW.o
 *fill*         0x20005f75        0x3 
 .bss._aPacket  0x20005f78       0xe3 ./Middlewares/Third_Party/SEGGER/segger/SEGGER_SYSVIEW.o
 *(COMMON)
                0x2000605c                        . = ALIGN (0x4)
 *fill*         0x2000605b        0x1 
                0x2000605c                        _ebss = .
                0x2000605c                        __bss_end__ = _ebss

._user_heap_stack
                0x2000605c      0x604 load address 0x08006d8c
                0x20006060                        . = ALIGN (0x8)
 *fill*         0x2000605c        0x4 
                [!provide]                        PROVIDE (end = .)
                0x20006060                        PROVIDE (_end = .)
                0x20006260                        . = (. + _Min_Heap_Size)
 *fill*         0x20006060      0x200 
                0x20006660                        . = (. + _Min_Stack_Size)
 *fill*         0x20006260      0x400 
                0x20006660                        . = ALIGN (0x8)

/DISCARD/
 libc.a(*)
 libm.a(*)
 libgcc.a(*)

.ARM.attributes
                0x00000000       0x30
 *(.ARM.attributes)
 .ARM.attributes
                0x00000000       0x22 D:/STM32CubeIDE_1.19.0/STM32CubeIDE/plugins/com.st.stm32cube.ide.mcu.externaltools.gnu-tools-for-stm32.13.3.rel1.win32_1.0.0.202411081344/tools/bin/../lib/gcc/arm-none-eabi/13.3.1/thumb/v7e-m+fp/hard/crti.o
 .ARM.attributes
                0x00000022       0x34 D:/STM32CubeIDE_1.19.0/STM32CubeIDE/plugins/com.st.stm32cube.ide.mcu.externaltools.gnu-tools-for-stm32.13.3.rel1.win32_1.0.0.202411081344/tools/bin/../lib/gcc/arm-none-eabi/13.3.1/thumb/v7e-m+fp/hard/crtbegin.o
 .ARM.attributes
                0x00000056       0x34 ./Core/Src/main.o
 .ARM.attributes
                0x0000008a       0x34 ./Core/Src/stm32f4xx_hal_msp.o
 .ARM.attributes
                0x000000be       0x34 ./Core/Src/stm32f4xx_hal_timebase_tim.o
 .ARM.attributes
                0x000000f2       0x34 ./Core/Src/stm32f4xx_it.o
 .ARM.attributes
                0x00000126       0x34 ./Core/Src/system_stm32f4xx.o
 .ARM.attributes
                0x0000015a       0x21 ./Core/Startup/startup_stm32f401retx.o
 .ARM.attributes
                0x0000017b       0x34 ./Drivers/STM32F4xx_HAL_Driver/Src/stm32f4xx_hal.o
 .ARM.attributes
                0x000001af       0x34 ./Drivers/STM32F4xx_HAL_Driver/Src/stm32f4xx_hal_cortex.o
 .ARM.attributes
                0x000001e3       0x34 ./Drivers/STM32F4xx_HAL_Driver/Src/stm32f4xx_hal_gpio.o
 .ARM.attributes
                0x00000217       0x34 ./Drivers/STM32F4xx_HAL_Driver/Src/stm32f4xx_hal_rcc.o
 .ARM.attributes
                0x0000024b       0x34 ./Drivers/STM32F4xx_HAL_Driver/Src/stm32f4xx_hal_tim.o
 .ARM.attributes
                0x0000027f       0x34 ./Drivers/STM32F4xx_HAL_Driver/Src/stm32f4xx_hal_tim_ex.o
 .ARM.attributes
                0x000002b3       0x34 ./Middlewares/Third_Party/FreeRTOS/Source/CMSIS_RTOS_V2/cmsis_os2.o
 .ARM.attributes
                0x000002e7       0x34 ./Middlewares/Third_Party/FreeRTOS/Source/list.o
 .ARM.attributes
                0x0000031b       0x34 ./Middlewares/Third_Party/FreeRTOS/Source/queue.o
 .ARM.attributes
                0x0000034f       0x34 ./Middlewares/Third_Party/FreeRTOS/Source/tasks.o
 .ARM.attributes
                0x00000383       0x34 ./Middlewares/Third_Party/FreeRTOS/Source/timers.o
 .ARM.attributes
                0x000003b7       0x34 ./Middlewares/Third_Party/FreeRTOS/Source/portable/GCC/ARM_CM4F/port.o
 .ARM.attributes
                0x000003eb       0x34 ./Middlewares/Third_Party/FreeRTOS/Source/portable/MemMang/heap_4.o
 .ARM.attributes
                0x0000041f       0x34 ./Middlewares/Third_Party/SEGGER/Config/SEGGER_SYSVIEW_Config_FreeRTOS.o
 .ARM.attributes
                0x00000453       0x34 ./Middlewares/Third_Party/SEGGER/OS/SEGGER_SYSVIEW_FreeRTOS.o
 .ARM.attributes
                0x00000487       0x34 ./Middlewares/Third_Party/SEGGER/Rec/segger_uart.o
 .ARM.attributes
                0x000004bb       0x34 ./Middlewares/Third_Party/SEGGER/segger/SEGGER_RTT.o
 .ARM.attributes
                0x000004ef       0x20 ./Middlewares/Third_Party/SEGGER/segger/SEGGER_RTT_ASM_ARMv7M.o
 .ARM.attributes
                0x0000050f       0x34 ./Middlewares/Third_Party/SEGGER/segger/SEGGER_SYSVIEW.o
 .ARM.attributes
                0x00000543       0x34 D:/STM32CubeIDE_1.19.0/STM32CubeIDE/plugins/com.st.stm32cube.ide.mcu.externaltools.gnu-tools-for-stm32.13.3.rel1.win32_1.0.0.202411081344/tools/bin/../lib/gcc/arm-none-eabi/13.3.1/../../../../arm-none-eabi/lib/thumb/v7e-m+fp/hard\libc_nano.a(libc_a-memcmp.o)
 .ARM.attributes
                0x00000577       0x34 D:/STM32CubeIDE_1.19.0/STM32CubeIDE/plugins/com.st.stm32cube.ide.mcu.externaltools.gnu-tools-for-stm32.13.3.rel1.win32_1.0.0.202411081344/tools/bin/../lib/gcc/arm-none-eabi/13.3.1/../../../../arm-none-eabi/lib/thumb/v7e-m+fp/hard\libc_nano.a(libc_a-memset.o)
 .ARM.attributes
                0x000005ab       0x34 D:/STM32CubeIDE_1.19.0/STM32CubeIDE/plugins/com.st.stm32cube.ide.mcu.externaltools.gnu-tools-for-stm32.13.3.rel1.win32_1.0.0.202411081344/tools/bin/../lib/gcc/arm-none-eabi/13.3.1/../../../../arm-none-eabi/lib/thumb/v7e-m+fp/hard\libc_nano.a(libc_a-init.o)
 .ARM.attributes
                0x000005df       0x34 D:/STM32CubeIDE_1.19.0/STM32CubeIDE/plugins/com.st.stm32cube.ide.mcu.externaltools.gnu-tools-for-stm32.13.3.rel1.win32_1.0.0.202411081344/tools/bin/../lib/gcc/arm-none-eabi/13.3.1/../../../../arm-none-eabi/lib/thumb/v7e-m+fp/hard\libc_nano.a(libc_a-memcpy-stub.o)
 .ARM.attributes
                0x00000613       0x22 D:/STM32CubeIDE_1.19.0/STM32CubeIDE/plugins/com.st.stm32cube.ide.mcu.externaltools.gnu-tools-for-stm32.13.3.rel1.win32_1.0.0.202411081344/tools/bin/../lib/gcc/arm-none-eabi/13.3.1/thumb/v7e-m+fp/hard\libgcc.a(_aeabi_uldivmod.o)
 .ARM.attributes
                0x00000635       0x34 D:/STM32CubeIDE_1.19.0/STM32CubeIDE/plugins/com.st.stm32cube.ide.mcu.externaltools.gnu-tools-for-stm32.13.3.rel1.win32_1.0.0.202411081344/tools/bin/../lib/gcc/arm-none-eabi/13.3.1/thumb/v7e-m+fp/hard\libgcc.a(_udivmoddi4.o)
 .ARM.attributes
                0x00000669       0x22 D:/STM32CubeIDE_1.19.0/STM32CubeIDE/plugins/com.st.stm32cube.ide.mcu.externaltools.gnu-tools-for-stm32.13.3.rel1.win32_1.0.0.202411081344/tools/bin/../lib/gcc/arm-none-eabi/13.3.1/thumb/v7e-m+fp/hard\libgcc.a(_dvmd_tls.o)
 .ARM.attributes
                0x0000068b       0x22 D:/STM32CubeIDE_1.19.0/STM32CubeIDE/plugins/com.st.stm32cube.ide.mcu.externaltools.gnu-tools-for-stm32.13.3.rel1.win32_1.0.0.202411081344/tools/bin/../lib/gcc/arm-none-eabi/13.3.1/thumb/v7e-m+fp/hard/crtn.o
OUTPUT(003LED_Block_Tasks.elf elf32-littlearm)
LOAD linker stubs
LOAD D:/STM32CubeIDE_1.19.0/STM32CubeIDE/plugins/com.st.stm32cube.ide.mcu.externaltools.gnu-tools-for-stm32.13.3.rel1.win32_1.0.0.202411081344/tools/bin/../lib/gcc/arm-none-eabi/13.3.1/../../../../arm-none-eabi/lib/thumb/v7e-m+fp/hard\libc.a
LOAD D:/STM32CubeIDE_1.19.0/STM32CubeIDE/plugins/com.st.stm32cube.ide.mcu.externaltools.gnu-tools-for-stm32.13.3.rel1.win32_1.0.0.202411081344/tools/bin/../lib/gcc/arm-none-eabi/13.3.1/../../../../arm-none-eabi/lib/thumb/v7e-m+fp/hard\libm.a
LOAD D:/STM32CubeIDE_1.19.0/STM32CubeIDE/plugins/com.st.stm32cube.ide.mcu.externaltools.gnu-tools-for-stm32.13.3.rel1.win32_1.0.0.202411081344/tools/bin/../lib/gcc/arm-none-eabi/13.3.1/thumb/v7e-m+fp/hard\libgcc.a

.debug_info     0x00000000    0x1aeda
 .debug_info    0x00000000     0x11a3 ./Core/Src/main.o
 .debug_info    0x000011a3      0x457 ./Core/Src/stm32f4xx_hal_msp.o
 .debug_info    0x000015fa      0xb7d ./Core/Src/stm32f4xx_hal_timebase_tim.o
 .debug_info    0x00002177      0x6a4 ./Core/Src/stm32f4xx_it.o
 .debug_info    0x0000281b      0x53e ./Core/Src/system_stm32f4xx.o
 .debug_info    0x00002d59       0x30 ./Core/Startup/startup_stm32f401retx.o
 .debug_info    0x00002d89      0x8bb ./Drivers/STM32F4xx_HAL_Driver/Src/stm32f4xx_hal.o
 .debug_info    0x00003644      0xcf6 ./Drivers/STM32F4xx_HAL_Driver/Src/stm32f4xx_hal_cortex.o
 .debug_info    0x0000433a      0x6f9 ./Drivers/STM32F4xx_HAL_Driver/Src/stm32f4xx_hal_gpio.o
 .debug_info    0x00004a33      0x905 ./Drivers/STM32F4xx_HAL_Driver/Src/stm32f4xx_hal_rcc.o
 .debug_info    0x00005338     0x2996 ./Drivers/STM32F4xx_HAL_Driver/Src/stm32f4xx_hal_tim.o
 .debug_info    0x00007cce     0x14d4 ./Drivers/STM32F4xx_HAL_Driver/Src/stm32f4xx_hal_tim_ex.o
 .debug_info    0x000091a2     0x39f1 ./Middlewares/Third_Party/FreeRTOS/Source/CMSIS_RTOS_V2/cmsis_os2.o
 .debug_info    0x0000cb93      0x2b6 ./Middlewares/Third_Party/FreeRTOS/Source/list.o
 .debug_info    0x0000ce49     0x1b80 ./Middlewares/Third_Party/FreeRTOS/Source/queue.o
 .debug_info    0x0000e9c9     0x2311 ./Middlewares/Third_Party/FreeRTOS/Source/tasks.o
 .debug_info    0x00010cda     0x148f ./Middlewares/Third_Party/FreeRTOS/Source/timers.o
 .debug_info    0x00012169      0x4e5 ./Middlewares/Third_Party/FreeRTOS/Source/portable/GCC/ARM_CM4F/port.o
 .debug_info    0x0001264e      0x4dc ./Middlewares/Third_Party/FreeRTOS/Source/portable/MemMang/heap_4.o
 .debug_info    0x00012b2a      0x17f ./Middlewares/Third_Party/SEGGER/Config/SEGGER_SYSVIEW_Config_FreeRTOS.o
 .debug_info    0x00012ca9      0x4bd ./Middlewares/Third_Party/SEGGER/OS/SEGGER_SYSVIEW_FreeRTOS.o
 .debug_info    0x00013166      0x817 ./Middlewares/Third_Party/SEGGER/Rec/segger_uart.o
 .debug_info    0x0001397d     0x14d0 ./Middlewares/Third_Party/SEGGER/segger/SEGGER_RTT.o
 .debug_info    0x00014e4d       0x25 ./Middlewares/Third_Party/SEGGER/segger/SEGGER_RTT_ASM_ARMv7M.o
 .debug_info    0x00014e72     0x6068 ./Middlewares/Third_Party/SEGGER/segger/SEGGER_SYSVIEW.o

.debug_abbrev   0x00000000     0x38f9
 .debug_abbrev  0x00000000      0x377 ./Core/Src/main.o
 .debug_abbrev  0x00000377      0x119 ./Core/Src/stm32f4xx_hal_msp.o
 .debug_abbrev  0x00000490      0x207 ./Core/Src/stm32f4xx_hal_timebase_tim.o
 .debug_abbrev  0x00000697      0x190 ./Core/Src/stm32f4xx_it.o
 .debug_abbrev  0x00000827      0x11a ./Core/Src/system_stm32f4xx.o
 .debug_abbrev  0x00000941       0x24 ./Core/Startup/startup_stm32f401retx.o
 .debug_abbrev  0x00000965      0x24b ./Drivers/STM32F4xx_HAL_Driver/Src/stm32f4xx_hal.o
 .debug_abbrev  0x00000bb0      0x31d ./Drivers/STM32F4xx_HAL_Driver/Src/stm32f4xx_hal_cortex.o
 .debug_abbrev  0x00000ecd      0x1d3 ./Drivers/STM32F4xx_HAL_Driver/Src/stm32f4xx_hal_gpio.o
 .debug_abbrev  0x000010a0      0x2b6 ./Drivers/STM32F4xx_HAL_Driver/Src/stm32f4xx_hal_rcc.o
 .debug_abbrev  0x00001356      0x28b ./Drivers/STM32F4xx_HAL_Driver/Src/stm32f4xx_hal_tim.o
 .debug_abbrev  0x000015e1      0x296 ./Drivers/STM32F4xx_HAL_Driver/Src/stm32f4xx_hal_tim_ex.o
 .debug_abbrev  0x00001877      0x539 ./Middlewares/Third_Party/FreeRTOS/Source/CMSIS_RTOS_V2/cmsis_os2.o
 .debug_abbrev  0x00001db0       0xf5 ./Middlewares/Third_Party/FreeRTOS/Source/list.o
 .debug_abbrev  0x00001ea5      0x3b6 ./Middlewares/Third_Party/FreeRTOS/Source/queue.o
 .debug_abbrev  0x0000225b      0x39e ./Middlewares/Third_Party/FreeRTOS/Source/tasks.o
 .debug_abbrev  0x000025f9      0x352 ./Middlewares/Third_Party/FreeRTOS/Source/timers.o
 .debug_abbrev  0x0000294b      0x25c ./Middlewares/Third_Party/FreeRTOS/Source/portable/GCC/ARM_CM4F/port.o
 .debug_abbrev  0x00002ba7      0x21d ./Middlewares/Third_Party/FreeRTOS/Source/portable/MemMang/heap_4.o
 .debug_abbrev  0x00002dc4       0xef ./Middlewares/Third_Party/SEGGER/Config/SEGGER_SYSVIEW_Config_FreeRTOS.o
 .debug_abbrev  0x00002eb3      0x221 ./Middlewares/Third_Party/SEGGER/OS/SEGGER_SYSVIEW_FreeRTOS.o
 .debug_abbrev  0x000030d4      0x28c ./Middlewares/Third_Party/SEGGER/Rec/segger_uart.o
 .debug_abbrev  0x00003360      0x231 ./Middlewares/Third_Party/SEGGER/segger/SEGGER_RTT.o
 .debug_abbrev  0x00003591       0x14 ./Middlewares/Third_Party/SEGGER/segger/SEGGER_RTT_ASM_ARMv7M.o
 .debug_abbrev  0x000035a5      0x354 ./Middlewares/Third_Party/SEGGER/segger/SEGGER_SYSVIEW.o

.debug_aranges  0x00000000     0x1798
 .debug_aranges
                0x00000000       0x68 ./Core/Src/main.o
 .debug_aranges
                0x00000068       0x20 ./Core/Src/stm32f4xx_hal_msp.o
 .debug_aranges
                0x00000088       0x30 ./Core/Src/stm32f4xx_hal_timebase_tim.o
 .debug_aranges
                0x000000b8       0x50 ./Core/Src/stm32f4xx_it.o
 .debug_aranges
                0x00000108       0x28 ./Core/Src/system_stm32f4xx.o
 .debug_aranges
                0x00000130       0x28 ./Core/Startup/startup_stm32f401retx.o
 .debug_aranges
                0x00000158       0xf0 ./Drivers/STM32F4xx_HAL_Driver/Src/stm32f4xx_hal.o
 .debug_aranges
                0x00000248      0x130 ./Drivers/STM32F4xx_HAL_Driver/Src/stm32f4xx_hal_cortex.o
 .debug_aranges
                0x00000378       0x58 ./Drivers/STM32F4xx_HAL_Driver/Src/stm32f4xx_hal_gpio.o
 .debug_aranges
                0x000003d0       0x88 ./Drivers/STM32F4xx_HAL_Driver/Src/stm32f4xx_hal_rcc.o
 .debug_aranges
                0x00000458      0x3d0 ./Drivers/STM32F4xx_HAL_Driver/Src/stm32f4xx_hal_tim.o
 .debug_aranges
                0x00000828      0x168 ./Drivers/STM32F4xx_HAL_Driver/Src/stm32f4xx_hal_tim_ex.o
 .debug_aranges
                0x00000990      0x2b8 ./Middlewares/Third_Party/FreeRTOS/Source/CMSIS_RTOS_V2/cmsis_os2.o
 .debug_aranges
                0x00000c48       0x40 ./Middlewares/Third_Party/FreeRTOS/Source/list.o
 .debug_aranges
                0x00000c88      0x158 ./Middlewares/Third_Party/FreeRTOS/Source/queue.o
 .debug_aranges
                0x00000de0      0x208 ./Middlewares/Third_Party/FreeRTOS/Source/tasks.o
 .debug_aranges
                0x00000fe8       0xf0 ./Middlewares/Third_Party/FreeRTOS/Source/timers.o
 .debug_aranges
                0x000010d8       0x80 ./Middlewares/Third_Party/FreeRTOS/Source/portable/GCC/ARM_CM4F/port.o
 .debug_aranges
                0x00001158       0x58 ./Middlewares/Third_Party/FreeRTOS/Source/portable/MemMang/heap_4.o
 .debug_aranges
                0x000011b0       0x28 ./Middlewares/Third_Party/SEGGER/Config/SEGGER_SYSVIEW_Config_FreeRTOS.o
 .debug_aranges
                0x000011d8       0x48 ./Middlewares/Third_Party/SEGGER/OS/SEGGER_SYSVIEW_FreeRTOS.o
 .debug_aranges
                0x00001220       0x68 ./Middlewares/Third_Party/SEGGER/Rec/segger_uart.o
 .debug_aranges
                0x00001288      0x138 ./Middlewares/Third_Party/SEGGER/segger/SEGGER_RTT.o
 .debug_aranges
                0x000013c0       0x20 ./Middlewares/Third_Party/SEGGER/segger/SEGGER_RTT_ASM_ARMv7M.o
 .debug_aranges
                0x000013e0      0x3b8 ./Middlewares/Third_Party/SEGGER/segger/SEGGER_SYSVIEW.o

.debug_rnglists
                0x00000000     0x122d
 .debug_rnglists
                0x00000000       0x4b ./Core/Src/main.o
 .debug_rnglists
                0x0000004b       0x13 ./Core/Src/stm32f4xx_hal_msp.o
 .debug_rnglists
                0x0000005e       0x20 ./Core/Src/stm32f4xx_hal_timebase_tim.o
 .debug_rnglists
                0x0000007e       0x37 ./Core/Src/stm32f4xx_it.o
 .debug_rnglists
                0x000000b5       0x1a ./Core/Src/system_stm32f4xx.o
 .debug_rnglists
                0x000000cf       0x19 ./Core/Startup/startup_stm32f401retx.o
 .debug_rnglists
                0x000000e8       0xaf ./Drivers/STM32F4xx_HAL_Driver/Src/stm32f4xx_hal.o
 .debug_rnglists
                0x00000197       0xe0 ./Drivers/STM32F4xx_HAL_Driver/Src/stm32f4xx_hal_cortex.o
 .debug_rnglists
                0x00000277       0x3f ./Drivers/STM32F4xx_HAL_Driver/Src/stm32f4xx_hal_gpio.o
 .debug_rnglists
                0x000002b6       0x66 ./Drivers/STM32F4xx_HAL_Driver/Src/stm32f4xx_hal_rcc.o
 .debug_rnglists
                0x0000031c      0x31a ./Drivers/STM32F4xx_HAL_Driver/Src/stm32f4xx_hal_tim.o
 .debug_rnglists
                0x00000636      0x125 ./Drivers/STM32F4xx_HAL_Driver/Src/stm32f4xx_hal_tim_ex.o
 .debug_rnglists
                0x0000075b      0x218 ./Middlewares/Third_Party/FreeRTOS/Source/CMSIS_RTOS_V2/cmsis_os2.o
 .debug_rnglists
                0x00000973       0x2b ./Middlewares/Third_Party/FreeRTOS/Source/list.o
 .debug_rnglists
                0x0000099e      0x109 ./Middlewares/Third_Party/FreeRTOS/Source/queue.o
 .debug_rnglists
                0x00000aa7      0x1a0 ./Middlewares/Third_Party/FreeRTOS/Source/tasks.o
 .debug_rnglists
                0x00000c47       0xb8 ./Middlewares/Third_Party/FreeRTOS/Source/timers.o
 .debug_rnglists
                0x00000cff       0x5d ./Middlewares/Third_Party/FreeRTOS/Source/portable/GCC/ARM_CM4F/port.o
 .debug_rnglists
                0x00000d5c       0x42 ./Middlewares/Third_Party/FreeRTOS/Source/portable/MemMang/heap_4.o
 .debug_rnglists
                0x00000d9e       0x19 ./Middlewares/Third_Party/SEGGER/Config/SEGGER_SYSVIEW_Config_FreeRTOS.o
 .debug_rnglists
                0x00000db7       0x36 ./Middlewares/Third_Party/SEGGER/OS/SEGGER_SYSVIEW_FreeRTOS.o
 .debug_rnglists
                0x00000ded       0x4b ./Middlewares/Third_Party/SEGGER/Rec/segger_uart.o
 .debug_rnglists
                0x00000e38       0xf5 ./Middlewares/Third_Party/SEGGER/segger/SEGGER_RTT.o
 .debug_rnglists
                0x00000f2d      0x300 ./Middlewares/Third_Party/SEGGER/segger/SEGGER_SYSVIEW.o

.debug_macro    0x00000000     0x4a4b
 .debug_macro   0x00000000      0x3df ./Core/Src/main.o
 .debug_macro   0x000003df      0x175 ./Core/Src/main.o
 .debug_macro   0x00000554       0x66 ./Core/Src/main.o
 .debug_macro   0x000005ba       0x74 ./Core/Src/main.o
 .debug_macro   0x0000062e       0xdd ./Core/Src/main.o
 .debug_macro   0x0000070b       0x61 ./Core/Src/main.o
 .debug_macro   0x0000076c       0x2a ./Core/Src/main.o
 .debug_macro   0x00000796       0x43 ./Core/Src/main.o
 .debug_macro   0x000007d9       0x34 ./Core/Src/main.o
 .debug_macro   0x0000080d       0x16 ./Core/Src/main.o
 .debug_macro   0x00000823       0x3c ./Core/Src/main.o
 .debug_macro   0x0000085f      0x370 ./Core/Src/main.o
 .debug_macro   0x00000bcf       0x16 ./Core/Src/main.o
 .debug_macro   0x00000be5       0x4a ./Core/Src/main.o
 .debug_macro   0x00000c2f       0x34 ./Core/Src/main.o
 .debug_macro   0x00000c63       0x10 ./Core/Src/main.o
 .debug_macro   0x00000c73       0x58 ./Core/Src/main.o
 .debug_macro   0x00000ccb       0x8e ./Core/Src/main.o
 .debug_macro   0x00000d59       0x1c ./Core/Src/main.o
 .debug_macro   0x00000d75      0x185 ./Core/Src/main.o
 .debug_macro   0x00000efa       0x16 ./Core/Src/main.o
 .debug_macro   0x00000f10       0x16 ./Core/Src/main.o
 .debug_macro   0x00000f26      0x146 ./Core/Src/main.o
 .debug_macro   0x0000106c       0x16 ./Core/Src/main.o
 .debug_macro   0x00001082       0x20 ./Core/Src/main.o
 .debug_macro   0x000010a2      0x294 ./Core/Src/stm32f4xx_hal_msp.o
 .debug_macro   0x00001336      0x1c4 ./Core/Src/stm32f4xx_hal_timebase_tim.o
 .debug_macro   0x000014fa      0x1dd ./Core/Src/stm32f4xx_it.o
 .debug_macro   0x000016d7      0x1c4 ./Core/Src/system_stm32f4xx.o
 .debug_macro   0x0000189b      0x224 ./Drivers/STM32F4xx_HAL_Driver/Src/stm32f4xx_hal.o
 .debug_macro   0x00001abf      0x1c4 ./Drivers/STM32F4xx_HAL_Driver/Src/stm32f4xx_hal_cortex.o
 .debug_macro   0x00001c83      0x1ca ./Drivers/STM32F4xx_HAL_Driver/Src/stm32f4xx_hal_gpio.o
 .debug_macro   0x00001e4d      0x1e8 ./Drivers/STM32F4xx_HAL_Driver/Src/stm32f4xx_hal_rcc.o
 .debug_macro   0x00002035      0x1c5 ./Drivers/STM32F4xx_HAL_Driver/Src/stm32f4xx_hal_tim.o
 .debug_macro   0x000021fa      0x1c4 ./Drivers/STM32F4xx_HAL_Driver/Src/stm32f4xx_hal_tim_ex.o
 .debug_macro   0x000023be      0x42c ./Middlewares/Third_Party/FreeRTOS/Source/CMSIS_RTOS_V2/cmsis_os2.o
 .debug_macro   0x000027ea       0x10 ./Middlewares/Third_Party/FreeRTOS/Source/CMSIS_RTOS_V2/cmsis_os2.o
 .debug_macro   0x000027fa       0x10 ./Middlewares/Third_Party/FreeRTOS/Source/CMSIS_RTOS_V2/cmsis_os2.o
 .debug_macro   0x0000280a       0xf5 ./Middlewares/Third_Party/FreeRTOS/Source/CMSIS_RTOS_V2/cmsis_os2.o
 .debug_macro   0x000028ff       0x91 ./Middlewares/Third_Party/FreeRTOS/Source/CMSIS_RTOS_V2/cmsis_os2.o
 .debug_macro   0x00002990       0x8d ./Middlewares/Third_Party/FreeRTOS/Source/CMSIS_RTOS_V2/cmsis_os2.o
 .debug_macro   0x00002a1d       0x9a ./Middlewares/Third_Party/FreeRTOS/Source/CMSIS_RTOS_V2/cmsis_os2.o
 .debug_macro   0x00002ab7       0x22 ./Middlewares/Third_Party/FreeRTOS/Source/CMSIS_RTOS_V2/cmsis_os2.o
 .debug_macro   0x00002ad9       0x56 ./Middlewares/Third_Party/FreeRTOS/Source/CMSIS_RTOS_V2/cmsis_os2.o
 .debug_macro   0x00002b2f      0x1f8 ./Middlewares/Third_Party/FreeRTOS/Source/list.o
 .debug_macro   0x00002d27      0x287 ./Middlewares/Third_Party/FreeRTOS/Source/queue.o
 .debug_macro   0x00002fae       0x87 ./Middlewares/Third_Party/FreeRTOS/Source/queue.o
 .debug_macro   0x00003035      0x2f0 ./Middlewares/Third_Party/FreeRTOS/Source/tasks.o
 .debug_macro   0x00003325       0x10 ./Middlewares/Third_Party/FreeRTOS/Source/tasks.o
 .debug_macro   0x00003335      0x24d ./Middlewares/Third_Party/FreeRTOS/Source/timers.o
 .debug_macro   0x00003582       0x97 ./Middlewares/Third_Party/FreeRTOS/Source/timers.o
 .debug_macro   0x00003619      0x207 ./Middlewares/Third_Party/FreeRTOS/Source/portable/GCC/ARM_CM4F/port.o
 .debug_macro   0x00003820      0x21f ./Middlewares/Third_Party/FreeRTOS/Source/portable/MemMang/heap_4.o
 .debug_macro   0x00003a3f      0x147 ./Middlewares/Third_Party/SEGGER/Config/SEGGER_SYSVIEW_Config_FreeRTOS.o
 .debug_macro   0x00003b86      0x213 ./Middlewares/Third_Party/SEGGER/OS/SEGGER_SYSVIEW_FreeRTOS.o
 .debug_macro   0x00003d99      0x42d ./Middlewares/Third_Party/SEGGER/Rec/segger_uart.o
 .debug_macro   0x000041c6       0x37 ./Middlewares/Third_Party/SEGGER/Rec/segger_uart.o
 .debug_macro   0x000041fd      0x138 ./Middlewares/Third_Party/SEGGER/Rec/segger_uart.o
 .debug_macro   0x00004335      0x1f4 ./Middlewares/Third_Party/SEGGER/segger/SEGGER_RTT.o
 .debug_macro   0x00004529       0x31 ./Middlewares/Third_Party/SEGGER/segger/SEGGER_RTT.o
 .debug_macro   0x0000455a      0x259 ./Middlewares/Third_Party/SEGGER/segger/SEGGER_SYSVIEW.o
 .debug_macro   0x000047b3      0x298 ./Middlewares/Third_Party/SEGGER/segger/SEGGER_SYSVIEW.o

.debug_line     0x00000000    0x192b2
 .debug_line    0x00000000      0xd43 ./Core/Src/main.o
 .debug_line    0x00000d43      0x9b0 ./Core/Src/stm32f4xx_hal_msp.o
 .debug_line    0x000016f3      0x7a0 ./Core/Src/stm32f4xx_hal_timebase_tim.o
 .debug_line    0x00001e93      0x7ab ./Core/Src/stm32f4xx_it.o
 .debug_line    0x0000263e      0x798 ./Core/Src/system_stm32f4xx.o
 .debug_line    0x00002dd6       0x7a ./Core/Startup/startup_stm32f401retx.o
 .debug_line    0x00002e50      0xa14 ./Drivers/STM32F4xx_HAL_Driver/Src/stm32f4xx_hal.o
 .debug_line    0x00003864      0xce4 ./Drivers/STM32F4xx_HAL_Driver/Src/stm32f4xx_hal_cortex.o
 .debug_line    0x00004548      0xb30 ./Drivers/STM32F4xx_HAL_Driver/Src/stm32f4xx_hal_gpio.o
 .debug_line    0x00005078      0xe21 ./Drivers/STM32F4xx_HAL_Driver/Src/stm32f4xx_hal_rcc.o
 .debug_line    0x00005e99     0x3553 ./Drivers/STM32F4xx_HAL_Driver/Src/stm32f4xx_hal_tim.o
 .debug_line    0x000093ec     0x190f ./Drivers/STM32F4xx_HAL_Driver/Src/stm32f4xx_hal_tim_ex.o
 .debug_line    0x0000acfb     0x26a3 ./Middlewares/Third_Party/FreeRTOS/Source/CMSIS_RTOS_V2/cmsis_os2.o
 .debug_line    0x0000d39e      0x91b ./Middlewares/Third_Party/FreeRTOS/Source/list.o
 .debug_line    0x0000dcb9     0x188c ./Middlewares/Third_Party/FreeRTOS/Source/queue.o
 .debug_line    0x0000f545     0x1e70 ./Middlewares/Third_Party/FreeRTOS/Source/tasks.o
 .debug_line    0x000113b5      0xf5b ./Middlewares/Third_Party/FreeRTOS/Source/timers.o
 .debug_line    0x00012310      0x9a3 ./Middlewares/Third_Party/FreeRTOS/Source/portable/GCC/ARM_CM4F/port.o
 .debug_line    0x00012cb3      0xb32 ./Middlewares/Third_Party/FreeRTOS/Source/portable/MemMang/heap_4.o
 .debug_line    0x000137e5      0x6f4 ./Middlewares/Third_Party/SEGGER/Config/SEGGER_SYSVIEW_Config_FreeRTOS.o
 .debug_line    0x00013ed9      0xa2c ./Middlewares/Third_Party/SEGGER/OS/SEGGER_SYSVIEW_FreeRTOS.o
 .debug_line    0x00014905      0xc0a ./Middlewares/Third_Party/SEGGER/Rec/segger_uart.o
 .debug_line    0x0001550f      0xf84 ./Middlewares/Third_Party/SEGGER/segger/SEGGER_RTT.o
 .debug_line    0x00016493       0x86 ./Middlewares/Third_Party/SEGGER/segger/SEGGER_RTT_ASM_ARMv7M.o
 .debug_line    0x00016519     0x2d99 ./Middlewares/Third_Party/SEGGER/segger/SEGGER_SYSVIEW.o

.debug_str      0x00000000    0xaa31a
 .debug_str     0x00000000    0xaa31a ./Core/Src/main.o
                              0x9f559 (size before relaxing)
 .debug_str     0x000aa31a    0x99879 ./Core/Src/stm32f4xx_hal_msp.o
 .debug_str     0x000aa31a    0x851f8 ./Core/Src/stm32f4xx_hal_timebase_tim.o
 .debug_str     0x000aa31a    0x84ce5 ./Core/Src/stm32f4xx_it.o
 .debug_str     0x000aa31a    0x84863 ./Core/Src/system_stm32f4xx.o
 .debug_str     0x000aa31a       0x79 ./Core/Startup/startup_stm32f401retx.o
 .debug_str     0x000aa31a    0x85285 ./Drivers/STM32F4xx_HAL_Driver/Src/stm32f4xx_hal.o
 .debug_str     0x000aa31a    0x84fef ./Drivers/STM32F4xx_HAL_Driver/Src/stm32f4xx_hal_cortex.o
 .debug_str     0x000aa31a    0x849de ./Drivers/STM32F4xx_HAL_Driver/Src/stm32f4xx_hal_gpio.o
 .debug_str     0x000aa31a    0x84c97 ./Drivers/STM32F4xx_HAL_Driver/Src/stm32f4xx_hal_rcc.o
 .debug_str     0x000aa31a    0x85bdb ./Drivers/STM32F4xx_HAL_Driver/Src/stm32f4xx_hal_tim.o
 .debug_str     0x000aa31a    0x853e7 ./Drivers/STM32F4xx_HAL_Driver/Src/stm32f4xx_hal_tim_ex.o
 .debug_str     0x000aa31a    0xa109c ./Middlewares/Third_Party/FreeRTOS/Source/CMSIS_RTOS_V2/cmsis_os2.o
 .debug_str     0x000aa31a    0x1c8e4 ./Middlewares/Third_Party/FreeRTOS/Source/list.o
 .debug_str     0x000aa31a    0x1e424 ./Middlewares/Third_Party/FreeRTOS/Source/queue.o
 .debug_str     0x000aa31a    0x1eff0 ./Middlewares/Third_Party/FreeRTOS/Source/tasks.o
 .debug_str     0x000aa31a    0x1e956 ./Middlewares/Third_Party/FreeRTOS/Source/timers.o
 .debug_str     0x000aa31a    0x1a48a ./Middlewares/Third_Party/FreeRTOS/Source/portable/GCC/ARM_CM4F/port.o
 .debug_str     0x000aa31a    0x1d226 ./Middlewares/Third_Party/FreeRTOS/Source/portable/MemMang/heap_4.o
 .debug_str     0x000aa31a    0x18f4c ./Middlewares/Third_Party/SEGGER/Config/SEGGER_SYSVIEW_Config_FreeRTOS.o
 .debug_str     0x000aa31a    0x1d03a ./Middlewares/Third_Party/SEGGER/OS/SEGGER_SYSVIEW_FreeRTOS.o
 .debug_str     0x000aa31a    0x8b8e9 ./Middlewares/Third_Party/SEGGER/Rec/segger_uart.o
 .debug_str     0x000aa31a     0x88c2 ./Middlewares/Third_Party/SEGGER/segger/SEGGER_RTT.o
 .debug_str     0x000aa31a       0x84 ./Middlewares/Third_Party/SEGGER/segger/SEGGER_RTT_ASM_ARMv7M.o
 .debug_str     0x000aa31a     0xc06e ./Middlewares/Third_Party/SEGGER/segger/SEGGER_SYSVIEW.o

.comment        0x00000000       0x43
 .comment       0x00000000       0x43 ./Core/Src/main.o
                                 0x44 (size before relaxing)
 .comment       0x00000043       0x44 ./Core/Src/stm32f4xx_hal_msp.o
 .comment       0x00000043       0x44 ./Core/Src/stm32f4xx_hal_timebase_tim.o
 .comment       0x00000043       0x44 ./Core/Src/stm32f4xx_it.o
 .comment       0x00000043       0x44 ./Core/Src/system_stm32f4xx.o
 .comment       0x00000043       0x44 ./Drivers/STM32F4xx_HAL_Driver/Src/stm32f4xx_hal.o
 .comment       0x00000043       0x44 ./Drivers/STM32F4xx_HAL_Driver/Src/stm32f4xx_hal_cortex.o
 .comment       0x00000043       0x44 ./Drivers/STM32F4xx_HAL_Driver/Src/stm32f4xx_hal_gpio.o
 .comment       0x00000043       0x44 ./Drivers/STM32F4xx_HAL_Driver/Src/stm32f4xx_hal_rcc.o
 .comment       0x00000043       0x44 ./Drivers/STM32F4xx_HAL_Driver/Src/stm32f4xx_hal_tim.o
 .comment       0x00000043       0x44 ./Drivers/STM32F4xx_HAL_Driver/Src/stm32f4xx_hal_tim_ex.o
 .comment       0x00000043       0x44 ./Middlewares/Third_Party/FreeRTOS/Source/CMSIS_RTOS_V2/cmsis_os2.o
 .comment       0x00000043       0x44 ./Middlewares/Third_Party/FreeRTOS/Source/list.o
 .comment       0x00000043       0x44 ./Middlewares/Third_Party/FreeRTOS/Source/queue.o
 .comment       0x00000043       0x44 ./Middlewares/Third_Party/FreeRTOS/Source/tasks.o
 .comment       0x00000043       0x44 ./Middlewares/Third_Party/FreeRTOS/Source/timers.o
 .comment       0x00000043       0x44 ./Middlewares/Third_Party/FreeRTOS/Source/portable/GCC/ARM_CM4F/port.o
 .comment       0x00000043       0x44 ./Middlewares/Third_Party/FreeRTOS/Source/portable/MemMang/heap_4.o
 .comment       0x00000043       0x44 ./Middlewares/Third_Party/SEGGER/Config/SEGGER_SYSVIEW_Config_FreeRTOS.o
 .comment       0x00000043       0x44 ./Middlewares/Third_Party/SEGGER/OS/SEGGER_SYSVIEW_FreeRTOS.o
 .comment       0x00000043       0x44 ./Middlewares/Third_Party/SEGGER/Rec/segger_uart.o
 .comment       0x00000043       0x44 ./Middlewares/Third_Party/SEGGER/segger/SEGGER_RTT.o
 .comment       0x00000043       0x44 ./Middlewares/Third_Party/SEGGER/segger/SEGGER_SYSVIEW.o

.debug_frame    0x00000000     0x6390
 .debug_frame   0x00000000      0x158 ./Core/Src/main.o
 .debug_frame   0x00000158       0x34 ./Core/Src/stm32f4xx_hal_msp.o
 .debug_frame   0x0000018c       0x74 ./Core/Src/stm32f4xx_hal_timebase_tim.o
 .debug_frame   0x00000200       0xc4 ./Core/Src/stm32f4xx_it.o
 .debug_frame   0x000002c4       0x58 ./Core/Src/system_stm32f4xx.o
 .debug_frame   0x0000031c      0x374 ./Drivers/STM32F4xx_HAL_Driver/Src/stm32f4xx_hal.o
 .debug_frame   0x00000690      0x508 ./Drivers/STM32F4xx_HAL_Driver/Src/stm32f4xx_hal_cortex.o
 .debug_frame   0x00000b98      0x14c ./Drivers/STM32F4xx_HAL_Driver/Src/stm32f4xx_hal_gpio.o
 .debug_frame   0x00000ce4      0x1f4 ./Drivers/STM32F4xx_HAL_Driver/Src/stm32f4xx_hal_rcc.o
 .debug_frame   0x00000ed8     0x11b8 ./Drivers/STM32F4xx_HAL_Driver/Src/stm32f4xx_hal_tim.o
 .debug_frame   0x00002090      0x638 ./Drivers/STM32F4xx_HAL_Driver/Src/stm32f4xx_hal_tim_ex.o
 .debug_frame   0x000026c8      0xc04 ./Middlewares/Third_Party/FreeRTOS/Source/CMSIS_RTOS_V2/cmsis_os2.o
 .debug_frame   0x000032cc       0xd8 ./Middlewares/Third_Party/FreeRTOS/Source/list.o
 .debug_frame   0x000033a4      0x5ec ./Middlewares/Third_Party/FreeRTOS/Source/queue.o
 .debug_frame   0x00003990      0x8f8 ./Middlewares/Third_Party/FreeRTOS/Source/tasks.o
 .debug_frame   0x00004288      0x400 ./Middlewares/Third_Party/FreeRTOS/Source/timers.o
 .debug_frame   0x00004688      0x1a8 ./Middlewares/Third_Party/FreeRTOS/Source/portable/GCC/ARM_CM4F/port.o
 .debug_frame   0x00004830      0x12c ./Middlewares/Third_Party/FreeRTOS/Source/portable/MemMang/heap_4.o
 .debug_frame   0x0000495c       0x48 ./Middlewares/Third_Party/SEGGER/Config/SEGGER_SYSVIEW_Config_FreeRTOS.o
 .debug_frame   0x000049a4      0x104 ./Middlewares/Third_Party/SEGGER/OS/SEGGER_SYSVIEW_FreeRTOS.o
 .debug_frame   0x00004aa8      0x178 ./Middlewares/Third_Party/SEGGER/Rec/segger_uart.o
 .debug_frame   0x00004c20      0x52c ./Middlewares/Third_Party/SEGGER/segger/SEGGER_RTT.o
 .debug_frame   0x0000514c     0x1148 ./Middlewares/Third_Party/SEGGER/segger/SEGGER_SYSVIEW.o
 .debug_frame   0x00006294       0x28 D:/STM32CubeIDE_1.19.0/STM32CubeIDE/plugins/com.st.stm32cube.ide.mcu.externaltools.gnu-tools-for-stm32.13.3.rel1.win32_1.0.0.202411081344/tools/bin/../lib/gcc/arm-none-eabi/13.3.1/../../../../arm-none-eabi/lib/thumb/v7e-m+fp/hard\libc_nano.a(libc_a-memcmp.o)
 .debug_frame   0x000062bc       0x20 D:/STM32CubeIDE_1.19.0/STM32CubeIDE/plugins/com.st.stm32cube.ide.mcu.externaltools.gnu-tools-for-stm32.13.3.rel1.win32_1.0.0.202411081344/tools/bin/../lib/gcc/arm-none-eabi/13.3.1/../../../../arm-none-eabi/lib/thumb/v7e-m+fp/hard\libc_nano.a(libc_a-memset.o)
 .debug_frame   0x000062dc       0x2c D:/STM32CubeIDE_1.19.0/STM32CubeIDE/plugins/com.st.stm32cube.ide.mcu.externaltools.gnu-tools-for-stm32.13.3.rel1.win32_1.0.0.202411081344/tools/bin/../lib/gcc/arm-none-eabi/13.3.1/../../../../arm-none-eabi/lib/thumb/v7e-m+fp/hard\libc_nano.a(libc_a-init.o)
 .debug_frame   0x00006308       0x28 D:/STM32CubeIDE_1.19.0/STM32CubeIDE/plugins/com.st.stm32cube.ide.mcu.externaltools.gnu-tools-for-stm32.13.3.rel1.win32_1.0.0.202411081344/tools/bin/../lib/gcc/arm-none-eabi/13.3.1/../../../../arm-none-eabi/lib/thumb/v7e-m+fp/hard\libc_nano.a(libc_a-memcpy-stub.o)
 .debug_frame   0x00006330       0x2c D:/STM32CubeIDE_1.19.0/STM32CubeIDE/plugins/com.st.stm32cube.ide.mcu.externaltools.gnu-tools-for-stm32.13.3.rel1.win32_1.0.0.202411081344/tools/bin/../lib/gcc/arm-none-eabi/13.3.1/thumb/v7e-m+fp/hard\libgcc.a(_aeabi_uldivmod.o)
 .debug_frame   0x0000635c       0x34 D:/STM32CubeIDE_1.19.0/STM32CubeIDE/plugins/com.st.stm32cube.ide.mcu.externaltools.gnu-tools-for-stm32.13.3.rel1.win32_1.0.0.202411081344/tools/bin/../lib/gcc/arm-none-eabi/13.3.1/thumb/v7e-m+fp/hard\libgcc.a(_udivmoddi4.o)

.debug_line_str
                0x00000000       0x9e
 .debug_line_str
                0x00000000       0x9e ./Core/Startup/startup_stm32f401retx.o
                                 0x5d (size before relaxing)
 .debug_line_str
                0x0000009e       0x76 ./Middlewares/Third_Party/SEGGER/segger/SEGGER_RTT_ASM_ARMv7M.o
