../Middlewares/Third_Party/SEGGER/segger/SEGGER_SYSVIEW.c:376:12:_EncodeData	32	static
../Middlewares/Third_Party/SEGGER/segger/SEGGER_SYSVIEW.c:415:12:_EncodeFloat	32	static
../Middlewares/Third_Party/SEGGER/segger/SEGGER_SYSVIEW.c:455:12:_EncodeStr	32	static
../Middlewares/Third_Party/SEGGER/segger/SEGGER_SYSVIEW.c:513:12:_PreparePacket	16	static
../Middlewares/Third_Party/SEGGER/segger/SEGGER_SYSVIEW.c:530:13:_HandleIncomingPacket	16	static
../Middlewares/Third_Party/SEGGER/segger/SEGGER_SYSVIEW.c:590:13:_CheckDownBuffer	16	static
../Middlewares/Third_Party/SEGGER/segger/SEGGER_SYSVIEW.c:628:12:_TrySendOverflowPacket	56	static
../Middlewares/Third_Party/SEGGER/segger/SEGGER_SYSVIEW.c:730:13:_SendPacket	32	static
../Middlewares/Third_Party/SEGGER/segger/SEGGER_SYSVIEW.c:855:12:_SendPacket_Ex	40	static
../Middlewares/Third_Party/SEGGER/segger/SEGGER_SYSVIEW.c:960:12:_VPrintHost	144	static,ignoring_inline_asm
../Middlewares/Third_Party/SEGGER/segger/SEGGER_SYSVIEW.c:1041:13:_StoreChar	48	static
../Middlewares/Third_Party/SEGGER/segger/SEGGER_SYSVIEW.c:1083:13:_PrintUnsigned	48	static
../Middlewares/Third_Party/SEGGER/segger/SEGGER_SYSVIEW.c:1174:13:_PrintInt	40	static
../Middlewares/Third_Party/SEGGER/segger/SEGGER_SYSVIEW.c:1247:13:_VPrintTarget	104	static,ignoring_inline_asm
../Middlewares/Third_Party/SEGGER/segger/SEGGER_SYSVIEW.c:1418:6:_SendStartEvent	40	static,ignoring_inline_asm
../Middlewares/Third_Party/SEGGER/segger/SEGGER_SYSVIEW.c:1441:6:_SendInitEvent	96	static,ignoring_inline_asm
../Middlewares/Third_Party/SEGGER/segger/SEGGER_SYSVIEW.c:1483:6:_RecordSystime	88	static,ignoring_inline_asm
../Middlewares/Third_Party/SEGGER/segger/SEGGER_SYSVIEW.c:1543:6:SEGGER_SYSVIEW_Init	32	static
../Middlewares/Third_Party/SEGGER/segger/SEGGER_SYSVIEW.c:1572:6:SEGGER_SYSVIEW_Init_Ex	32	static
../Middlewares/Third_Party/SEGGER/segger/SEGGER_SYSVIEW.c:1626:6:SEGGER_SYSVIEW_InitAdditionalBuffer	32	static
../Middlewares/Third_Party/SEGGER/segger/SEGGER_SYSVIEW.c:1642:6:SEGGER_SYSVIEW_SetRAMBase	16	static
../Middlewares/Third_Party/SEGGER/segger/SEGGER_SYSVIEW.c:1656:6:SEGGER_SYSVIEW_RecordVoid	24	static,ignoring_inline_asm
../Middlewares/Third_Party/SEGGER/segger/SEGGER_SYSVIEW.c:1676:6:SEGGER_SYSVIEW_RecordU32	40	static,ignoring_inline_asm
../Middlewares/Third_Party/SEGGER/segger/SEGGER_SYSVIEW.c:1699:6:SEGGER_SYSVIEW_RecordU32x2	56	static,ignoring_inline_asm
../Middlewares/Third_Party/SEGGER/segger/SEGGER_SYSVIEW.c:1724:6:SEGGER_SYSVIEW_RecordU32x3	64	static,ignoring_inline_asm
../Middlewares/Third_Party/SEGGER/segger/SEGGER_SYSVIEW.c:1751:6:SEGGER_SYSVIEW_RecordU32x4	72	static,ignoring_inline_asm
../Middlewares/Third_Party/SEGGER/segger/SEGGER_SYSVIEW.c:1780:6:SEGGER_SYSVIEW_RecordU32x5	80	static,ignoring_inline_asm
../Middlewares/Third_Party/SEGGER/segger/SEGGER_SYSVIEW.c:1811:6:SEGGER_SYSVIEW_RecordU32x6	88	static,ignoring_inline_asm
../Middlewares/Third_Party/SEGGER/segger/SEGGER_SYSVIEW.c:1844:6:SEGGER_SYSVIEW_RecordU32x7	96	static,ignoring_inline_asm
../Middlewares/Third_Party/SEGGER/segger/SEGGER_SYSVIEW.c:1879:6:SEGGER_SYSVIEW_RecordU32x8	104	static,ignoring_inline_asm
../Middlewares/Third_Party/SEGGER/segger/SEGGER_SYSVIEW.c:1916:6:SEGGER_SYSVIEW_RecordU32x9	112	static,ignoring_inline_asm
../Middlewares/Third_Party/SEGGER/segger/SEGGER_SYSVIEW.c:1955:6:SEGGER_SYSVIEW_RecordU32x10	120	static,ignoring_inline_asm
../Middlewares/Third_Party/SEGGER/segger/SEGGER_SYSVIEW.c:1990:6:SEGGER_SYSVIEW_RecordString	32	static,ignoring_inline_asm
../Middlewares/Third_Party/SEGGER/segger/SEGGER_SYSVIEW.c:2026:6:SEGGER_SYSVIEW_Start	8	static
../Middlewares/Third_Party/SEGGER/segger/SEGGER_SYSVIEW.c:2072:6:SEGGER_SYSVIEW_Start_Ex	24	static,ignoring_inline_asm
../Middlewares/Third_Party/SEGGER/segger/SEGGER_SYSVIEW.c:2116:6:SEGGER_SYSVIEW_Stop	8	static
../Middlewares/Third_Party/SEGGER/segger/SEGGER_SYSVIEW.c:2123:6:SEGGER_SYSVIEW_Stop_Ex	40	static,ignoring_inline_asm
../Middlewares/Third_Party/SEGGER/segger/SEGGER_SYSVIEW.c:2144:5:SEGGER_SYSVIEW_GetChannelID	4	static
../Middlewares/Third_Party/SEGGER/segger/SEGGER_SYSVIEW.c:2156:6:SEGGER_SYSVIEW_GetSysDesc	56	static,ignoring_inline_asm
../Middlewares/Third_Party/SEGGER/segger/SEGGER_SYSVIEW.c:2184:6:SEGGER_SYSVIEW_SendTaskInfo	80	static,ignoring_inline_asm
../Middlewares/Third_Party/SEGGER/segger/SEGGER_SYSVIEW.c:2216:6:SEGGER_SYSVIEW_SendStackInfo	64	static,ignoring_inline_asm
../Middlewares/Third_Party/SEGGER/segger/SEGGER_SYSVIEW.c:2241:6:SEGGER_SYSVIEW_SampleData	40	static,ignoring_inline_asm
../Middlewares/Third_Party/SEGGER/segger/SEGGER_SYSVIEW.c:2261:30:SEGGER_SYSVIEW_GetMainContext	4	static
../Middlewares/Third_Party/SEGGER/segger/SEGGER_SYSVIEW.c:2272:6:SEGGER_SYSVIEW_SendTaskList	8	static
../Middlewares/Third_Party/SEGGER/segger/SEGGER_SYSVIEW.c:2302:6:SEGGER_SYSVIEW_SendSysDesc	32	static,ignoring_inline_asm
../Middlewares/Third_Party/SEGGER/segger/SEGGER_SYSVIEW.c:2320:6:SEGGER_SYSVIEW_RecordSystime	24	static
../Middlewares/Third_Party/SEGGER/segger/SEGGER_SYSVIEW.c:2344:6:SEGGER_SYSVIEW_RecordEnterISR	32	static,ignoring_inline_asm
../Middlewares/Third_Party/SEGGER/segger/SEGGER_SYSVIEW.c:2371:6:SEGGER_SYSVIEW_RecordExitISR	16	static,ignoring_inline_asm
../Middlewares/Third_Party/SEGGER/segger/SEGGER_SYSVIEW.c:2393:6:SEGGER_SYSVIEW_RecordExitISRToScheduler	16	static,ignoring_inline_asm
../Middlewares/Third_Party/SEGGER/segger/SEGGER_SYSVIEW.c:2411:6:SEGGER_SYSVIEW_RecordEnterTimer	40	static,ignoring_inline_asm
../Middlewares/Third_Party/SEGGER/segger/SEGGER_SYSVIEW.c:2429:6:SEGGER_SYSVIEW_RecordExitTimer	16	static,ignoring_inline_asm
../Middlewares/Third_Party/SEGGER/segger/SEGGER_SYSVIEW.c:2447:6:SEGGER_SYSVIEW_RecordEndCall	40	static,ignoring_inline_asm
../Middlewares/Third_Party/SEGGER/segger/SEGGER_SYSVIEW.c:2469:6:SEGGER_SYSVIEW_RecordEndCallU32	48	static,ignoring_inline_asm
../Middlewares/Third_Party/SEGGER/segger/SEGGER_SYSVIEW.c:2488:6:SEGGER_SYSVIEW_OnIdle	16	static,ignoring_inline_asm
../Middlewares/Third_Party/SEGGER/segger/SEGGER_SYSVIEW.c:2507:6:SEGGER_SYSVIEW_OnTaskCreate	40	static,ignoring_inline_asm
../Middlewares/Third_Party/SEGGER/segger/SEGGER_SYSVIEW.c:2532:6:SEGGER_SYSVIEW_OnTaskTerminate	40	static,ignoring_inline_asm
../Middlewares/Third_Party/SEGGER/segger/SEGGER_SYSVIEW.c:2556:6:SEGGER_SYSVIEW_OnTaskStartExec	40	static,ignoring_inline_asm
../Middlewares/Third_Party/SEGGER/segger/SEGGER_SYSVIEW.c:2576:6:SEGGER_SYSVIEW_OnTaskStopExec	16	static,ignoring_inline_asm
../Middlewares/Third_Party/SEGGER/segger/SEGGER_SYSVIEW.c:2594:6:SEGGER_SYSVIEW_OnTaskStartReady	40	static,ignoring_inline_asm
../Middlewares/Third_Party/SEGGER/segger/SEGGER_SYSVIEW.c:2617:6:SEGGER_SYSVIEW_OnTaskStopReady	48	static,ignoring_inline_asm
../Middlewares/Third_Party/SEGGER/segger/SEGGER_SYSVIEW.c:2640:6:SEGGER_SYSVIEW_MarkStart	40	static,ignoring_inline_asm
../Middlewares/Third_Party/SEGGER/segger/SEGGER_SYSVIEW.c:2661:6:SEGGER_SYSVIEW_MarkStop	40	static,ignoring_inline_asm
../Middlewares/Third_Party/SEGGER/segger/SEGGER_SYSVIEW.c:2682:6:SEGGER_SYSVIEW_Mark	48	static,ignoring_inline_asm
../Middlewares/Third_Party/SEGGER/segger/SEGGER_SYSVIEW.c:2709:6:SEGGER_SYSVIEW_NameMarker	48	static,ignoring_inline_asm
../Middlewares/Third_Party/SEGGER/segger/SEGGER_SYSVIEW.c:2737:6:SEGGER_SYSVIEW_NameResource	40	static,ignoring_inline_asm
../Middlewares/Third_Party/SEGGER/segger/SEGGER_SYSVIEW.c:2763:6:SEGGER_SYSVIEW_RegisterData	192	static,ignoring_inline_asm
../Middlewares/Third_Party/SEGGER/segger/SEGGER_SYSVIEW.c:2835:6:SEGGER_SYSVIEW_HeapDefine	80	static,ignoring_inline_asm
../Middlewares/Third_Party/SEGGER/segger/SEGGER_SYSVIEW.c:2884:6:SEGGER_SYSVIEW_HeapAlloc	72	static,ignoring_inline_asm
../Middlewares/Third_Party/SEGGER/segger/SEGGER_SYSVIEW.c:2936:6:SEGGER_SYSVIEW_HeapAllocEx	80	static,ignoring_inline_asm
../Middlewares/Third_Party/SEGGER/segger/SEGGER_SYSVIEW.c:2966:6:SEGGER_SYSVIEW_HeapFree	56	static,ignoring_inline_asm
../Middlewares/Third_Party/SEGGER/segger/SEGGER_SYSVIEW.c:2996:5:SEGGER_SYSVIEW_SendPacket	32	static,ignoring_inline_asm
../Middlewares/Third_Party/SEGGER/segger/SEGGER_SYSVIEW.c:3026:5:SEGGER_SYSVIEW_SendPacket_Ex	32	static,ignoring_inline_asm
../Middlewares/Third_Party/SEGGER/segger/SEGGER_SYSVIEW.c:3055:5:SEGGER_SYSVIEW_EncodeU32	24	static
../Middlewares/Third_Party/SEGGER/segger/SEGGER_SYSVIEW.c:3082:5:SEGGER_SYSVIEW_EncodeString	24	static
../Middlewares/Third_Party/SEGGER/segger/SEGGER_SYSVIEW.c:3108:5:SEGGER_SYSVIEW_EncodeData	24	static
../Middlewares/Third_Party/SEGGER/segger/SEGGER_SYSVIEW.c:3136:5:SEGGER_SYSVIEW_EncodeId	24	static
../Middlewares/Third_Party/SEGGER/segger/SEGGER_SYSVIEW.c:3164:5:SEGGER_SYSVIEW_ShrinkId	16	static
../Middlewares/Third_Party/SEGGER/segger/SEGGER_SYSVIEW.c:3186:6:SEGGER_SYSVIEW_RegisterModule	24	static,ignoring_inline_asm
../Middlewares/Third_Party/SEGGER/segger/SEGGER_SYSVIEW.c:3224:6:SEGGER_SYSVIEW_RecordModuleDescription	56	static,ignoring_inline_asm
../Middlewares/Third_Party/SEGGER/segger/SEGGER_SYSVIEW.c:3265:6:SEGGER_SYSVIEW_SendModule	56	static,ignoring_inline_asm
../Middlewares/Third_Party/SEGGER/segger/SEGGER_SYSVIEW.c:3307:6:SEGGER_SYSVIEW_SendModuleDescription	16	static
../Middlewares/Third_Party/SEGGER/segger/SEGGER_SYSVIEW.c:3328:6:SEGGER_SYSVIEW_SendNumModules	32	static,ignoring_inline_asm
../Middlewares/Third_Party/SEGGER/segger/SEGGER_SYSVIEW.c:3355:6:SEGGER_SYSVIEW_PrintfHostEx	28	static
../Middlewares/Third_Party/SEGGER/segger/SEGGER_SYSVIEW.c:3392:6:SEGGER_SYSVIEW_VPrintfHostEx	24	static
../Middlewares/Third_Party/SEGGER/segger/SEGGER_SYSVIEW.c:3422:6:SEGGER_SYSVIEW_PrintfHost	16	static
../Middlewares/Third_Party/SEGGER/segger/SEGGER_SYSVIEW.c:3457:6:SEGGER_SYSVIEW_VPrintfHost	16	static
../Middlewares/Third_Party/SEGGER/segger/SEGGER_SYSVIEW.c:3488:6:SEGGER_SYSVIEW_WarnfHost	16	static
../Middlewares/Third_Party/SEGGER/segger/SEGGER_SYSVIEW.c:3524:6:SEGGER_SYSVIEW_VWarnfHost	16	static
../Middlewares/Third_Party/SEGGER/segger/SEGGER_SYSVIEW.c:3555:6:SEGGER_SYSVIEW_ErrorfHost	16	static
../Middlewares/Third_Party/SEGGER/segger/SEGGER_SYSVIEW.c:3591:6:SEGGER_SYSVIEW_VErrorfHost	16	static
../Middlewares/Third_Party/SEGGER/segger/SEGGER_SYSVIEW.c:3620:6:SEGGER_SYSVIEW_PrintfTargetEx	28	static
../Middlewares/Third_Party/SEGGER/segger/SEGGER_SYSVIEW.c:3641:6:SEGGER_SYSVIEW_VPrintfTargetEx	24	static
../Middlewares/Third_Party/SEGGER/segger/SEGGER_SYSVIEW.c:3656:6:SEGGER_SYSVIEW_PrintfTarget	16	static
../Middlewares/Third_Party/SEGGER/segger/SEGGER_SYSVIEW.c:3676:6:SEGGER_SYSVIEW_VPrintfTarget	16	static
../Middlewares/Third_Party/SEGGER/segger/SEGGER_SYSVIEW.c:3691:6:SEGGER_SYSVIEW_WarnfTarget	16	static
../Middlewares/Third_Party/SEGGER/segger/SEGGER_SYSVIEW.c:3711:6:SEGGER_SYSVIEW_VWarnfTarget	16	static
../Middlewares/Third_Party/SEGGER/segger/SEGGER_SYSVIEW.c:3726:6:SEGGER_SYSVIEW_ErrorfTarget	16	static
../Middlewares/Third_Party/SEGGER/segger/SEGGER_SYSVIEW.c:3746:6:SEGGER_SYSVIEW_VErrorfTarget	16	static
../Middlewares/Third_Party/SEGGER/segger/SEGGER_SYSVIEW.c:3763:6:SEGGER_SYSVIEW__PrintElf	56	static,ignoring_inline_asm
../Middlewares/Third_Party/SEGGER/segger/SEGGER_SYSVIEW.c:3789:6:SEGGER_SYSVIEW__PrintElf_U32	72	static,ignoring_inline_asm
../Middlewares/Third_Party/SEGGER/segger/SEGGER_SYSVIEW.c:3817:6:SEGGER_SYSVIEW__PrintElf_U32x2	80	static,ignoring_inline_asm
../Middlewares/Third_Party/SEGGER/segger/SEGGER_SYSVIEW.c:3847:6:SEGGER_SYSVIEW__PrintElf_U32x3	88	static,ignoring_inline_asm
../Middlewares/Third_Party/SEGGER/segger/SEGGER_SYSVIEW.c:3879:6:SEGGER_SYSVIEW__PrintElf_U32x4	96	static,ignoring_inline_asm
../Middlewares/Third_Party/SEGGER/segger/SEGGER_SYSVIEW.c:3913:6:SEGGER_SYSVIEW__PrintElf_U32x5	104	static,ignoring_inline_asm
../Middlewares/Third_Party/SEGGER/segger/SEGGER_SYSVIEW.c:3949:6:SEGGER_SYSVIEW__PrintElf_U32x6	112	static,ignoring_inline_asm
../Middlewares/Third_Party/SEGGER/segger/SEGGER_SYSVIEW.c:3987:6:SEGGER_SYSVIEW__PrintElf_U32x7	120	static,ignoring_inline_asm
../Middlewares/Third_Party/SEGGER/segger/SEGGER_SYSVIEW.c:4027:6:SEGGER_SYSVIEW__PrintElf_U32x8	128	static,ignoring_inline_asm
../Middlewares/Third_Party/SEGGER/segger/SEGGER_SYSVIEW.c:4069:6:SEGGER_SYSVIEW__PrintElf_U32x9	136	static,ignoring_inline_asm
../Middlewares/Third_Party/SEGGER/segger/SEGGER_SYSVIEW.c:4113:6:SEGGER_SYSVIEW__PrintElf_U32x10	144	static,ignoring_inline_asm
../Middlewares/Third_Party/SEGGER/segger/SEGGER_SYSVIEW.c:4152:6:SEGGER_SYSVIEW__PrintElf_Fmt	72	static,ignoring_inline_asm
../Middlewares/Third_Party/SEGGER/segger/SEGGER_SYSVIEW.c:4182:6:SEGGER_SYSVIEW_Print	48	static,ignoring_inline_asm
../Middlewares/Third_Party/SEGGER/segger/SEGGER_SYSVIEW.c:4204:6:SEGGER_SYSVIEW_Warn	48	static,ignoring_inline_asm
../Middlewares/Third_Party/SEGGER/segger/SEGGER_SYSVIEW.c:4226:6:SEGGER_SYSVIEW_Error	48	static,ignoring_inline_asm
../Middlewares/Third_Party/SEGGER/segger/SEGGER_SYSVIEW.c:4248:6:SEGGER_SYSVIEW_EnableEvents	16	static
../Middlewares/Third_Party/SEGGER/segger/SEGGER_SYSVIEW.c:4262:6:SEGGER_SYSVIEW_DisableEvents	16	static
../Middlewares/Third_Party/SEGGER/segger/SEGGER_SYSVIEW.c:4277:5:SEGGER_SYSVIEW_IsStarted	8	static
