../Core/Src/main.c:91:5:main	24	static,ignoring_inline_asm
../Core/Src/main.c:199:6:SystemClock_Config	88	static
../Core/Src/main.c:241:13:MX_GPIO_Init	40	static
../Core/Src/main.c:278:6:switch_priority	32	static
../Core/Src/main.c:307:13:led_green_handler	16	static
../Core/Src/main.c:319:13:led_red_handler	16	static
../Core/Src/main.c:330:6:button_interrupt_handler	8	static
../Core/Src/main.c:345:6:StartDefaultTask	16	static
../Core/Src/main.c:364:6:HAL_TIM_PeriodElapsedCallback	16	static
../Core/Src/main.c:382:6:Error_Handler	4	static,ignoring_inline_asm
