../Core/Src/main.c:85:5:main	40	static,ignoring_inline_asm
../Core/Src/main.c:205:6:SystemClock_Config	88	static
../Core/Src/main.c:247:13:MX_USART2_UART_Init	8	static
../Core/Src/main.c:280:13:MX_GPIO_Init	16	static
../Core/Src/main.c:295:13:task1_handler	120	static,ignoring_inline_asm
../Core/Src/main.c:307:13:task2_handler	120	static,ignoring_inline_asm
../Core/Src/main.c:327:6:StartDefaultTask	16	static
../Core/Src/main.c:346:6:HAL_TIM_PeriodElapsedCallback	16	static
../Core/Src/main.c:364:6:Error_Handler	4	static,ignoring_inline_asm
