../Core/Src/main.c:87:6:printmsg	16	static
../Core/Src/main.c:92:13:vprintmsg	16	static
../Core/Src/main.c:98:13:prvNewPrintString	16	static
../Core/Src/main.c:124:13:prvPrintTask	24	static
../Core/Src/main.c:150:5:main	16	static
../Core/Src/main.c:258:6:SystemClock_Config	88	static
../Core/Src/main.c:292:13:MX_USART2_UART_Init	8	static
../Core/Src/main.c:312:13:MX_GPIO_Init	16	static
../Core/Src/main.c:320:6:StartDefaultTask	16	static
../Core/Src/main.c:328:6:HAL_TIM_PeriodElapsedCallback	16	static
../Core/Src/main.c:336:6:Error_Handler	4	static,ignoring_inline_asm
