../Middlewares/Third_Party/SEGGER/segger/SEGGER_RTT.c:272:13:_DoInit	16	static,ignoring_inline_asm
../Middlewares/Third_Party/SEGGER/segger/SEGGER_RTT.c:332:17:_WriteBlocking	48	static,ignoring_inline_asm
../Middlewares/Third_Party/SEGGER/segger/SEGGER_RTT.c:394:13:_WriteNoCheck	40	static,ignoring_inline_asm
../Middlewares/Third_Party/SEGGER/segger/SEGGER_RTT.c:462:13:_PostTerminalSwitch	24	static
../Middlewares/Third_Party/SEGGER/segger/SEGGER_RTT.c:484:17:_GetAvailWriteSpace	32	static
../Middlewares/Third_Party/SEGGER/segger/SEGGER_RTT.c:531:10:SEGGER_RTT_ReadUpBufferNoLock	56	static
../Middlewares/Third_Party/SEGGER/segger/SEGGER_RTT.c:623:10:SEGGER_RTT_ReadNoLock	56	static
../Middlewares/Third_Party/SEGGER/segger/SEGGER_RTT.c:720:10:SEGGER_RTT_ReadUpBuffer	32	static,ignoring_inline_asm
../Middlewares/Third_Party/SEGGER/segger/SEGGER_RTT.c:752:10:SEGGER_RTT_Read	32	static,ignoring_inline_asm
../Middlewares/Third_Party/SEGGER/segger/SEGGER_RTT.c:791:6:SEGGER_RTT_WriteWithOverwriteNoLock	40	static,ignoring_inline_asm
../Middlewares/Third_Party/SEGGER/segger/SEGGER_RTT.c:983:10:SEGGER_RTT_WriteDownBufferNoLock	40	static
../Middlewares/Third_Party/SEGGER/segger/SEGGER_RTT.c:1058:10:SEGGER_RTT_WriteNoLock	40	static
../Middlewares/Third_Party/SEGGER/segger/SEGGER_RTT.c:1134:10:SEGGER_RTT_WriteDownBuffer	40	static,ignoring_inline_asm
../Middlewares/Third_Party/SEGGER/segger/SEGGER_RTT.c:1163:10:SEGGER_RTT_Write	40	static,ignoring_inline_asm
../Middlewares/Third_Party/SEGGER/segger/SEGGER_RTT.c:1193:10:SEGGER_RTT_WriteString	24	static
../Middlewares/Third_Party/SEGGER/segger/SEGGER_RTT.c:1223:10:SEGGER_RTT_PutCharSkipNoLock	32	static,ignoring_inline_asm
../Middlewares/Third_Party/SEGGER/segger/SEGGER_RTT.c:1273:10:SEGGER_RTT_PutCharSkip	40	static,ignoring_inline_asm
../Middlewares/Third_Party/SEGGER/segger/SEGGER_RTT.c:1332:10:SEGGER_RTT_PutChar	40	static,ignoring_inline_asm
../Middlewares/Third_Party/SEGGER/segger/SEGGER_RTT.c:1395:5:SEGGER_RTT_GetKey	16	static
../Middlewares/Third_Party/SEGGER/segger/SEGGER_RTT.c:1423:5:SEGGER_RTT_WaitKey	16	static
../Middlewares/Third_Party/SEGGER/segger/SEGGER_RTT.c:1446:5:SEGGER_RTT_HasKey	24	static
../Middlewares/Third_Party/SEGGER/segger/SEGGER_RTT.c:1474:10:SEGGER_RTT_HasData	24	static
../Middlewares/Third_Party/SEGGER/segger/SEGGER_RTT.c:1495:10:SEGGER_RTT_HasDataUp	24	static
../Middlewares/Third_Party/SEGGER/segger/SEGGER_RTT.c:1524:5:SEGGER_RTT_AllocDownBuffer	40	static,ignoring_inline_asm
../Middlewares/Third_Party/SEGGER/segger/SEGGER_RTT.c:1573:5:SEGGER_RTT_AllocUpBuffer	40	static,ignoring_inline_asm
../Middlewares/Third_Party/SEGGER/segger/SEGGER_RTT.c:1628:5:SEGGER_RTT_ConfigUpBuffer	48	static,ignoring_inline_asm
../Middlewares/Third_Party/SEGGER/segger/SEGGER_RTT.c:1680:5:SEGGER_RTT_ConfigDownBuffer	48	static,ignoring_inline_asm
../Middlewares/Third_Party/SEGGER/segger/SEGGER_RTT.c:1723:5:SEGGER_RTT_SetNameUpBuffer	40	static,ignoring_inline_asm
../Middlewares/Third_Party/SEGGER/segger/SEGGER_RTT.c:1758:5:SEGGER_RTT_SetNameDownBuffer	40	static,ignoring_inline_asm
../Middlewares/Third_Party/SEGGER/segger/SEGGER_RTT.c:1794:5:SEGGER_RTT_SetFlagsUpBuffer	40	static,ignoring_inline_asm
../Middlewares/Third_Party/SEGGER/segger/SEGGER_RTT.c:1830:5:SEGGER_RTT_SetFlagsDownBuffer	40	static,ignoring_inline_asm
../Middlewares/Third_Party/SEGGER/segger/SEGGER_RTT.c:1858:6:SEGGER_RTT_Init	8	static
../Middlewares/Third_Party/SEGGER/segger/SEGGER_RTT.c:1879:5:SEGGER_RTT_SetTerminal	40	static,ignoring_inline_asm
../Middlewares/Third_Party/SEGGER/segger/SEGGER_RTT.c:1928:5:SEGGER_RTT_TerminalOut	40	static,ignoring_inline_asm
../Middlewares/Third_Party/SEGGER/segger/SEGGER_RTT.c:2016:10:SEGGER_RTT_GetAvailWriteSpace	24	static
../Middlewares/Third_Party/SEGGER/segger/SEGGER_RTT.c:2037:10:SEGGER_RTT_GetBytesInBuffer	32	static
