2026-08-13 00:59:57,696 [INFO] WebApp:194 - Connection lost
2026-08-13 00:59:58,243 [INFO] WebApp:191 - Connection restablished
2026-08-13 01:00:03,014 [INFO] WebApp:194 - Connection lost
2026-08-13 01:00:03,370 [INFO] WebApp:191 - Connection restablished
2026-08-13 02:26:53,577 [INFO] WebApp:194 - Connection lost
2026-08-13 02:27:07,624 [INFO] WebApp:191 - Connection restablished
2026-08-13 02:27:08,591 [INFO] WebApp:194 - Connection lost
2026-08-13 02:27:08,782 [INFO] WebApp:191 - Connection restablished
2026-08-13 02:27:46,220 [INFO] WebApp:194 - Connection lost
2026-08-13 02:28:01,463 [INFO] WebApp:191 - Connection restablished
2026-08-13 02:28:33,683 [INFO] WebApp:194 - Connection lost
2026-08-13 02:28:44,782 [INFO] WebApp:191 - Connection restablished
2026-08-13 02:29:07,604 [INFO] WebApp:194 - Connection lost
2026-08-13 02:29:19,399 [INFO] WebApp:191 - Connection restablished
2026-08-13 02:30:17,195 [INFO] WebApp:194 - Connection lost
2026-08-13 02:30:32,343 [INFO] WebApp:191 - Connection restablished
2026-08-13 02:31:16,401 [INFO] WebApp:194 - Connection lost
2026-08-13 02:31:31,062 [INFO] WebApp:191 - Connection restablished
2026-08-13 02:32:17,926 [INFO] WebApp:194 - Connection lost
2026-08-13 02:32:32,919 [INFO] WebApp:191 - Connection restablished
2026-08-13 02:32:57,666 [INFO] WebApp:194 - Connection lost
2026-08-13 02:33:08,838 [INFO] WebApp:191 - Connection restablished
2026-08-13 02:33:30,280 [INFO] WebApp:194 - Connection lost
2026-08-13 02:33:41,486 [INFO] WebApp:191 - Connection restablished
2026-08-13 02:34:16,745 [INFO] WebApp:194 - Connection lost
2026-08-13 02:34:27,985 [INFO] WebApp:191 - Connection restablished
2026-08-13 02:34:45,162 [INFO] WebApp:194 - Connection lost
2026-08-13 02:34:55,839 [INFO] WebApp:191 - Connection restablished
2026-08-13 02:35:16,030 [INFO] WebApp:194 - Connection lost
2026-08-13 02:35:27,512 [INFO] WebApp:191 - Connection restablished
2026-08-13 02:35:40,925 [INFO] WebApp:194 - Connection lost
2026-08-13 02:35:52,397 [INFO] WebApp:191 - Connection restablished
2026-08-13 02:36:09,520 [INFO] WebApp:194 - Connection lost
2026-08-13 02:36:36,682 [INFO] WebApp:191 - Connection restablished
2026-08-13 02:36:38,916 [INFO] WebApp:194 - Connection lost
2026-08-13 02:36:39,091 [INFO] WebApp:191 - Connection restablished
2026-08-13 02:37:08,547 [INFO] WebApp:194 - Connection lost
2026-08-13 02:37:18,266 [INFO] WebApp:191 - Connection restablished
2026-08-13 02:37:37,117 [INFO] WebApp:194 - Connection lost
2026-08-13 02:37:48,334 [INFO] WebApp:191 - Connection restablished
2026-08-13 02:38:02,356 [INFO] WebApp:194 - Connection lost
2026-08-13 02:38:13,893 [INFO] WebApp:191 - Connection restablished
2026-08-13 02:38:47,491 [INFO] WebApp:194 - Connection lost
2026-08-13 02:38:58,304 [INFO] WebApp:191 - Connection restablished
2026-08-13 02:39:53,172 [INFO] WebApp:194 - Connection lost
2026-08-13 02:40:07,874 [INFO] WebApp:191 - Connection restablished
2026-08-13 02:42:27,580 [INFO] WebApp:194 - Connection lost
2026-08-13 02:42:42,368 [INFO] WebApp:191 - Connection restablished
2026-08-13 08:57:25,033 [INFO] WebApp:194 - Connection lost
2026-08-13 09:03:33,348 [INFO] WebApp:191 - Connection restablished
2026-08-13 09:34:35,698 [INFO] MainUpdater:2872 - connection check result : 10
2026-08-13 09:34:35,698 [INFO] MainUpdater:2872 - connection check result : 10
2026-08-13 09:34:35,715 [ERROR] IocParser:57 - IOException caught: D:\Workspace\RTOS_Workspace\freeRTOS\freeRTOS_Projects.ioc (The system cannot find the file specified)
2026-08-13 09:34:35,715 [ERROR] PeripheralListParser:95 - Something went wrong with ioc file reading: D:\Workspace\RTOS_Workspace\freeRTOS\freeRTOS_Projects.ioc (The system cannot find the file specified)
2026-08-13 09:34:35,716 [ERROR] RegexParser:59 - Issue caught when parsing regex: D:\Workspace\RTOS_Workspace\freeRTOS\freeRTOS_Projects.ioc (The system cannot find the file specified)
2026-08-13 09:34:35,785 [INFO] MicroXplorer:468 - Change Database Path : 
2026-08-13 09:34:35,786 [INFO] MicroXplorer:498 - Change Database Version : DB.6.0.150
2026-08-13 09:34:35,844 [ERROR] ProjectManagerView:395 - 
java.lang.NullPointerException: Cannot invoke "javax.swing.JTextField.getText()" because the return value of "java.util.List.get(int)" is null
	at com.st.microxplorer.plugins.projectmanager.gui.ProjectChoiceTab$9.caretUpdate(ProjectChoiceTab.java:2706) ~[filemanager.jar:?]
	at javax.swing.text.JTextComponent.fireCaretUpdate(JTextComponent.java:408) ~[?:?]
	at javax.swing.text.JTextComponent$MutableCaretEvent.fire(JTextComponent.java:4484) ~[?:?]
	at javax.swing.text.JTextComponent$MutableCaretEvent.stateChanged(JTextComponent.java:4506) ~[?:?]
	at javax.swing.text.DefaultCaret.fireStateChanged(DefaultCaret.java:857) ~[?:?]
	at javax.swing.text.DefaultCaret.changeCaretPosition(DefaultCaret.java:1343) ~[?:?]
	at javax.swing.text.DefaultCaret.handleSetDot(DefaultCaret.java:1242) ~[?:?]
	at javax.swing.text.DefaultCaret.setDot(DefaultCaret.java:1223) ~[?:?]
	at javax.swing.text.DefaultCaret$Handler.insertUpdate(DefaultCaret.java:1819) ~[?:?]
	at javax.swing.text.AbstractDocument.fireInsertUpdate(AbstractDocument.java:227) ~[?:?]
	at javax.swing.text.AbstractDocument.handleInsertString(AbstractDocument.java:781) ~[?:?]
	at javax.swing.text.AbstractDocument.insertString(AbstractDocument.java:740) ~[?:?]
	at javax.swing.text.PlainDocument.insertString(PlainDocument.java:131) ~[?:?]
	at javax.swing.text.AbstractDocument.replace(AbstractDocument.java:699) ~[?:?]
	at javax.swing.text.JTextComponent.setText(JTextComponent.java:1725) ~[?:?]
	at com.st.microxplorer.plugins.projectmanager.gui.ProjectChoiceTab.createHeapStackFields(ProjectChoiceTab.java:993) ~[filemanager.jar:?]
	at com.st.microxplorer.plugins.projectmanager.gui.ProjectChoiceTab.buildLinkSettingsPanel(ProjectChoiceTab.java:3813) ~[filemanager.jar:?]
	at com.st.microxplorer.plugins.projectmanager.gui.ProjectChoiceTab.defineWindowsFields(ProjectChoiceTab.java:1987) ~[filemanager.jar:?]
	at com.st.microxplorer.plugins.projectmanager.gui.ProjectChoiceTab.updateSettings(ProjectChoiceTab.java:558) ~[filemanager.jar:?]
	at com.st.microxplorer.plugins.projectmanager.gui.ProjectSettingsPanel.UpdateDialog(ProjectSettingsPanel.java:247) ~[filemanager.jar:?]
	at com.st.microxplorer.plugins.projectmanager.ProjectManagerView.propertyChange(ProjectManagerView.java:392) ~[filemanager.jar:?]
	at java.beans.PropertyChangeSupport.fire(PropertyChangeSupport.java:343) ~[?:?]
	at java.beans.PropertyChangeSupport.firePropertyChange(PropertyChangeSupport.java:335) ~[?:?]
	at java.beans.PropertyChangeSupport.firePropertyChange(PropertyChangeSupport.java:268) ~[?:?]
	at com.st.microxplorer.util.MXPropertyChangeSupport.firePropertyChange(MXPropertyChangeSupport.java:54) ~[STM32CubeMX.jar:?]
	at com.st.microxplorer.mxsystem.MxSystem.closeConfig(MxSystem.java:899) ~[STM32CubeMX.jar:?]
	at com.st.microxplorer.maingui.MainPanel.closeConfig(MainPanel.java:792) ~[STM32CubeMX.jar:?]
	at com.st.microxplorer.plugins.filemanager.engine.OpenFileManager.loadConfigurationFile(OpenFileManager.java:288) ~[filemanager.jar:?]
	at com.st.microxplorer.plugins.filemanager.engine.MainFileManager.userLoadConfig(MainFileManager.java:364) ~[filemanager.jar:?]
	at com.st.microxplorer.plugins.filemanager.engine.MainFileManager.userLoadConfig(MainFileManager.java:342) ~[filemanager.jar:?]
	at com.st.microxplorer.plugins.filemanager.FileManagerView.getSpecificTask(FileManagerView.java:264) ~[filemanager.jar:?]
	at com.st.stm32cube.common.mx.editor.CubeMxEditor.getMxTabbedPaneInstance(CubeMxEditor.java:1198) ~[com.st.stm32cube.common.mx_6.15.0.202507011659/:?]
	at com.st.stm32cube.common.mx.editor.CubeMxEditor$12$1.createSwingComponent(CubeMxEditor.java:1068) ~[com.st.stm32cube.common.mx_6.15.0.202507011659/:?]
	at com.st.stm32cube.common.mx.oss.core.awtswtbridge.EmbeddedSwingComposite.doComponentCreation(EmbeddedSwingComposite.java:492) ~[com.st.stm32cube.common.mx.oss_6.15.0.202507011659/:?]
	at com.st.stm32cube.common.mx.oss.core.awtswtbridge.EmbeddedSwingComposite$4.run(EmbeddedSwingComposite.java:291) ~[com.st.stm32cube.common.mx.oss_6.15.0.202507011659/:?]
	at com.st.stm32cube.common.mx.oss.core.awtswtbridge.AwtEnvironment$2.run(AwtEnvironment.java:166) ~[com.st.stm32cube.common.mx.oss_6.15.0.202507011659/:?]
	at java.awt.event.InvocationEvent.dispatch(InvocationEvent.java:318) ~[?:?]
	at java.awt.EventQueue.dispatchEventImpl(EventQueue.java:773) ~[?:?]
	at java.awt.EventQueue$4.run(EventQueue.java:720) ~[?:?]
	at java.awt.EventQueue$4.run(EventQueue.java:714) ~[?:?]
	at java.security.AccessController.doPrivileged(AccessController.java:400) ~[?:?]
	at java.security.ProtectionDomain$JavaSecurityAccessImpl.doIntersectionPrivilege(ProtectionDomain.java:87) ~[?:?]
	at java.awt.EventQueue.dispatchEvent(EventQueue.java:742) ~[?:?]
	at java.awt.EventDispatchThread.pumpOneEventForFilters(EventDispatchThread.java:203) ~[?:?]
	at java.awt.EventDispatchThread.pumpEventsForFilter(EventDispatchThread.java:124) ~[?:?]
	at java.awt.EventDispatchThread.pumpEventsForHierarchy(EventDispatchThread.java:113) ~[?:?]
	at java.awt.EventDispatchThread.pumpEvents(EventDispatchThread.java:109) ~[?:?]
	at java.awt.EventDispatchThread.pumpEvents(EventDispatchThread.java:101) ~[?:?]
	at java.awt.EventDispatchThread.run(EventDispatchThread.java:90) ~[?:?]
2026-08-13 09:34:35,863 [WARN] ThirdParty:871 - waiting for thirdparty lock release [close project]
2026-08-13 09:34:35,863 [INFO] ThirdParty:873 - entering critical section [close project]
2026-08-13 09:34:35,863 [INFO] ThirdParty:883 - exiting critical section [close project]
2026-08-13 09:34:35,867 [INFO] PinOutPanel:1589 - setPackage(No Configuration,No Configuration)
2026-08-13 09:34:35,893 [WARN] IpParametersView:155 - Warning: This peripheral hasn't parameters
2026-08-13 09:34:35,920 [WARN] MainPanel:289 - <html><b><center>Warning: This peripheral has no parameters to be configured<br></b></html>
2026-08-13 09:34:35,942 [INFO] UtilMem:75 - Begin LoadConfig() Used Memory: 769399584 Bytes (1073741824)
2026-08-13 09:34:35,943 [INFO] MicroXplorer:468 - Change Database Path : 
2026-08-13 09:34:35,944 [INFO] MicroXplorer:498 - Change Database Version : DB.6.0.150
2026-08-13 09:34:35,944 [INFO] OpenFileManager:355 - Change cursor
2026-08-13 09:34:35,975 [INFO] RulesReader:64 - Compatibility file has been processed (317 Rules)
2026-08-13 09:34:35,982 [INFO] Mcu:2029 - Initializing MCU STM32F401R(D-E)Tx STM32F401RETx STM32F401RET6
2026-08-13 09:34:36,913 [INFO] Context:786 - Trying to add GPIOservice into a context  which must be forbidden
2026-08-13 09:34:37,325 [INFO] ImportTextPane:234 - (OptionalMessage_ERROR) Pin2 (VP_RIF_VS_RIF1) cannot be retrieved for this MCU
2026-08-13 09:34:37,338 [WARN] ModelIntegratedComponent:63 - No mode defined for component null
2026-08-13 09:34:37,338 [WARN] ModelIntegratedComponent:63 - No mode defined for component null
2026-08-13 09:34:37,338 [WARN] ModelIntegratedComponent:63 - No mode defined for component null
2026-08-13 09:34:37,338 [WARN] ModelIntegratedComponent:63 - No mode defined for component null
2026-08-13 09:34:37,338 [WARN] ModelIntegratedComponent:63 - No mode defined for component null
2026-08-13 09:34:37,338 [WARN] ModelIntegratedComponent:63 - No mode defined for component null
2026-08-13 09:34:37,338 [WARN] ModelIntegratedComponent:63 - No mode defined for component null
2026-08-13 09:34:37,338 [WARN] ModelIntegratedComponent:63 - No mode defined for component null
2026-08-13 09:34:37,338 [WARN] ModelIntegratedComponent:63 - No mode defined for component null
2026-08-13 09:34:37,339 [WARN] ModelIntegratedComponent:63 - No mode defined for component null
2026-08-13 09:34:37,339 [WARN] ModelIntegratedComponent:63 - No mode defined for component null
2026-08-13 09:34:37,339 [WARN] ModelIntegratedComponent:63 - No mode defined for component null
2026-08-13 09:34:37,339 [WARN] ModelIntegratedComponent:63 - No mode defined for component null
2026-08-13 09:34:37,339 [WARN] ModelIntegratedComponent:63 - No mode defined for component null
2026-08-13 09:34:37,339 [WARN] ModelIntegratedComponent:63 - No mode defined for component null
2026-08-13 09:34:37,339 [WARN] ModelIntegratedComponent:63 - No mode defined for component null
2026-08-13 09:34:37,339 [WARN] ModelIntegratedComponent:63 - No mode defined for component null
2026-08-13 09:34:37,339 [WARN] ModelIntegratedComponent:63 - No mode defined for component null
2026-08-13 09:34:37,339 [WARN] ModelIntegratedComponent:63 - No mode defined for component null
2026-08-13 09:34:37,339 [WARN] ModelIntegratedComponent:63 - No mode defined for component null
2026-08-13 09:34:37,339 [WARN] ModelIntegratedComponent:63 - No mode defined for component null
2026-08-13 09:34:37,339 [WARN] ModelIntegratedComponent:63 - No mode defined for component null
2026-08-13 09:34:37,339 [WARN] ModelIntegratedComponent:63 - No mode defined for component null
2026-08-13 09:34:37,339 [WARN] ModelIntegratedComponent:63 - No mode defined for component null
2026-08-13 09:34:37,339 [WARN] ModelIntegratedComponent:63 - No mode defined for component null
2026-08-13 09:34:37,340 [WARN] ModelIntegratedComponent:63 - No mode defined for component null
2026-08-13 09:34:37,340 [WARN] ModelIntegratedComponent:63 - No mode defined for component null
2026-08-13 09:34:37,340 [WARN] ModelIntegratedComponent:63 - No mode defined for component null
2026-08-13 09:34:37,340 [WARN] ModelIntegratedComponent:63 - No mode defined for component null
2026-08-13 09:34:37,340 [WARN] ModelIntegratedComponent:63 - No mode defined for component null
2026-08-13 09:34:37,340 [WARN] ModelIntegratedComponent:63 - No mode defined for component null
2026-08-13 09:34:37,340 [WARN] ModelIntegratedComponent:63 - No mode defined for component null
2026-08-13 09:34:37,340 [WARN] ModelIntegratedComponent:63 - No mode defined for component null
2026-08-13 09:34:37,340 [WARN] ModelIntegratedComponent:63 - No mode defined for component null
2026-08-13 09:34:37,340 [WARN] ModelIntegratedComponent:63 - No mode defined for component null
2026-08-13 09:34:37,340 [WARN] ModelPack:524 - Component already loaded: STMicroelectronics:HAL Drivers:0.0.0:STMicroelectronics:Device:STMicro_Driver:XSPI:HAL::0.0.1:HAL_XSPI
2026-08-13 09:34:37,393 [INFO] RtosManager:558 - Registered RTOS mode: class=CMSIS, group=RTOS, mode=CMSIS_V1, owner=FREERTOS
2026-08-13 09:34:37,394 [INFO] RtosManager:558 - Registered RTOS mode: class=CMSIS, group=RTOS2, mode=CMSIS_V2, owner=FREERTOS
2026-08-13 09:34:37,394 [INFO] RtosManager:558 - Registered RTOS mode: class=RTOS, group=Core, mode=CMSIS_V1, owner=FREERTOS
2026-08-13 09:34:37,394 [INFO] RtosManager:558 - Registered RTOS mode: class=RTOS, group=Core, mode=CMSIS_V2, owner=FREERTOS
2026-08-13 09:34:37,394 [WARN] ModelIntegratedComponent:184 - Missing modes for component STMicroelectronics:FreeRTOS:0.0.1:STMicroelectronics:RTOS:FreeRTOS:Core:::10.2.0:
2026-08-13 09:34:37,425 [INFO] ThirdPartyModel:298 - Start build external matchings
2026-08-13 09:34:37,458 [INFO] ThirdPartyModel:316 - End build external matchings
2026-08-13 09:34:37,462 [INFO] RtosManager:1018 - Current active RTOS is FREERTOS [Cortex-M4NS]
2026-08-13 09:34:37,694 [INFO] UtilMem:75 - End LoadConfig() Used Memory: 951593696 Bytes (1073741824)
2026-08-13 09:34:37,759 [WARN] ThirdParty:833 - waiting for thirdparty lock release [change project]
2026-08-13 09:34:37,759 [INFO] ThirdParty:835 - entering critical section [change project]
2026-08-13 09:34:37,759 [INFO] ThirdParty:1030 - CMSIS Pack Vendor :STMicroelectronics USBPD 4.1
2026-08-13 09:34:37,759 [INFO] ThirdParty:1030 - CMSIS Pack Vendor :STMicroelectronics USB_HOST 2.0.0
2026-08-13 09:34:37,759 [INFO] ThirdParty:1030 - CMSIS Pack Vendor :STMicroelectronics FP-ATR-ASTRA1 2.0.3
2026-08-13 09:34:37,759 [INFO] ThirdParty:1030 - CMSIS Pack Vendor :STMicroelectronics LIBJPEG 8.0.0
2026-08-13 09:34:37,759 [INFO] ThirdParty:1030 - CMSIS Pack Vendor :STMicroelectronics FP-ATR-ASTRA1 2.0.2
2026-08-13 09:34:37,759 [INFO] ThirdParty:1030 - CMSIS Pack Vendor :STMicroelectronics USB_DEVICE 3.0.0
2026-08-13 09:34:37,760 [INFO] ThirdParty:1030 - CMSIS Pack Vendor :STMicroelectronics HAL Drivers 0.0.0
2026-08-13 09:34:37,760 [INFO] ThirdParty:1030 - CMSIS Pack Vendor :STMicroelectronics X-CUBE-BLEMGR 4.1.0
2026-08-13 09:34:37,760 [INFO] ThirdParty:1030 - CMSIS Pack Vendor :STMicroelectronics X-CUBE-FREERTOS 1.5.0
2026-08-13 09:34:37,760 [INFO] ThirdParty:1030 - CMSIS Pack Vendor :STMicroelectronics MBEDTLS 2.16.2
2026-08-13 09:34:37,760 [INFO] ThirdParty:1030 - CMSIS Pack Vendor :STMicroelectronics MBEDTLS 2.14.1
2026-08-13 09:34:37,760 [INFO] ThirdParty:1030 - CMSIS Pack Vendor :STMicroelectronics USB_DEVICE 2.0.0
2026-08-13 09:34:37,760 [INFO] ThirdParty:1030 - CMSIS Pack Vendor :STMicroelectronics X-CUBE-FREERTOS 1.6.0
2026-08-13 09:34:37,760 [INFO] ThirdParty:1030 - CMSIS Pack Vendor :STMicroelectronics X-CUBE-AI 10.2.1
2026-08-13 09:34:37,760 [INFO] ThirdParty:1030 - CMSIS Pack Vendor :STMicroelectronics ThreadX 1.0.0
2026-08-13 09:34:37,760 [INFO] ThirdParty:1030 - CMSIS Pack Vendor :STMicroelectronics X-CUBE-MEMS1 12.1.0
2026-08-13 09:34:37,760 [INFO] ThirdParty:1030 - CMSIS Pack Vendor :STMicroelectronics FreeRTOS 0.0.1
2026-08-13 09:34:37,760 [INFO] ThirdParty:1030 - CMSIS Pack Vendor :STMicroelectronics X-CUBE-AZRTOS-H7RS 1.3.0
2026-08-13 09:34:37,760 [INFO] ThirdParty:1030 - CMSIS Pack Vendor :STMicroelectronics USB_DEVICE 1.0.0
2026-08-13 09:34:37,760 [INFO] ThirdParty:1030 - CMSIS Pack Vendor :STMicroelectronics X-CUBE-AZRTOS-H7RS 1.2.0
2026-08-13 09:34:37,760 [INFO] ThirdParty:1030 - CMSIS Pack Vendor :STMicroelectronics STM32_WPAN 1.0.0
2026-08-13 09:34:37,760 [INFO] ThirdParty:1030 - CMSIS Pack Vendor :STMicroelectronics ThreadX 0.0.2
2026-08-13 09:34:37,760 [INFO] ThirdParty:1030 - CMSIS Pack Vendor :STMicroelectronics lwIP 2.0.3
2026-08-13 09:34:37,760 [INFO] ThirdParty:1030 - CMSIS Pack Vendor :STMicroelectronics lwIP 2.1.2
2026-08-13 09:34:37,760 [INFO] ThirdParty:1030 - CMSIS Pack Vendor :STMicroelectronics X-CUBE-MEMS1 13.0.0
2026-08-13 09:34:37,760 [INFO] ThirdParty:1030 - CMSIS Pack Vendor :STMicroelectronics USB_HOST 1.0.0
2026-08-13 09:34:37,760 [INFO] ThirdParty:1030 - CMSIS Pack Vendor :STMicroelectronics PDM2PCM 3.1.0
2026-08-13 09:34:37,760 [INFO] ThirdParty:1030 - CMSIS Pack Vendor :STMicroelectronics PDM2PCM 3.2.0
2026-08-13 09:34:37,761 [INFO] ThirdParty:1030 - CMSIS Pack Vendor :STMicroelectronics PDM2PCM 3.3.0
2026-08-13 09:34:37,761 [INFO] ThirdParty:841 - exiting critical section [change project]
2026-08-13 09:34:37,996 [INFO] PinOutPanel:1589 - setPackage(No Configuration,No Configuration)
2026-08-13 09:34:37,998 [INFO] PinOutPanel:1589 - setPackage(STM32F401RETx,LQFP64)
2026-08-13 09:34:38,275 [INFO] UtilMem:75 - Before build in PCC Used Memory: 739746296 Bytes (1073741824)
2026-08-13 09:34:38,504 [INFO] UtilMem:75 - After build in PCC Used Memory: 785883640 Bytes (1073741824)
2026-08-13 09:34:38,512 [INFO] ApiDbMcu:532 - Load IP Config File for FREERTOS
2026-08-13 09:34:38,524 [INFO] IPUIPlugin:80 - create IPUIPlugin
2026-08-13 09:34:38,524 [INFO] IPUIPlugin:80 - create IPUIPlugin
2026-08-13 09:34:38,524 [INFO] IPUIPlugin:80 - create IPUIPlugin
2026-08-13 09:34:38,524 [INFO] IPUIPlugin:80 - create IPUIPlugin
2026-08-13 09:34:38,524 [INFO] IPUIPlugin:80 - create IPUIPlugin
2026-08-13 09:34:38,524 [INFO] IPUIPlugin:80 - create IPUIPlugin
2026-08-13 09:34:38,524 [INFO] IPUIPlugin:80 - create IPUIPlugin
2026-08-13 09:34:38,526 [INFO] IPUIPlugin:80 - create IPUIPlugin
2026-08-13 09:34:38,526 [INFO] IPUIPlugin:80 - create IPUIPlugin
2026-08-13 09:34:38,526 [INFO] IPUIPlugin:80 - create IPUIPlugin
2026-08-13 09:34:38,526 [INFO] IPUIPlugin:80 - create IPUIPlugin
2026-08-13 09:34:38,526 [INFO] IPUIPlugin:80 - create IPUIPlugin
2026-08-13 09:34:38,526 [INFO] IPUIPlugin:80 - create IPUIPlugin
2026-08-13 09:34:38,526 [INFO] IPUIPlugin:80 - create IPUIPlugin
2026-08-13 09:34:38,526 [INFO] IPUIPlugin:80 - create IPUIPlugin
2026-08-13 09:34:38,526 [INFO] IPUIPlugin:80 - create IPUIPlugin
2026-08-13 09:34:38,526 [INFO] IPUIPlugin:80 - create IPUIPlugin
2026-08-13 09:34:38,526 [INFO] IPUIPlugin:80 - create IPUIPlugin
2026-08-13 09:34:38,526 [INFO] IPUIPlugin:80 - create IPUIPlugin
2026-08-13 09:34:38,526 [INFO] IPUIPlugin:80 - create IPUIPlugin
2026-08-13 09:34:38,526 [INFO] IPUIPlugin:80 - create IPUIPlugin
2026-08-13 09:34:38,527 [INFO] IPUIPlugin:80 - create IPUIPlugin
2026-08-13 09:34:38,527 [INFO] IPUIPlugin:80 - create IPUIPlugin
2026-08-13 09:34:38,527 [INFO] IPUIPlugin:80 - create IPUIPlugin
2026-08-13 09:34:38,527 [INFO] IPUIPlugin:80 - create IPUIPlugin
2026-08-13 09:34:38,527 [INFO] IPUIPlugin:80 - create IPUIPlugin
2026-08-13 09:34:38,527 [INFO] IPUIPlugin:80 - create IPUIPlugin
2026-08-13 09:34:38,527 [INFO] IPUIPlugin:80 - create IPUIPlugin
2026-08-13 09:34:38,527 [INFO] IPUIPlugin:80 - create IPUIPlugin
2026-08-13 09:34:38,528 [INFO] IPUIPlugin:80 - create IPUIPlugin
2026-08-13 09:34:38,528 [INFO] IPUIPlugin:80 - create IPUIPlugin
2026-08-13 09:34:38,528 [INFO] IPUIPlugin:80 - create IPUIPlugin
2026-08-13 09:34:38,528 [INFO] IPUIPlugin:80 - create IPUIPlugin
2026-08-13 09:34:38,528 [INFO] IPUIPlugin:80 - create IPUIPlugin
2026-08-13 09:34:38,528 [INFO] IPUIPlugin:80 - create IPUIPlugin
2026-08-13 09:34:38,528 [INFO] IPUIPlugin:80 - create IPUIPlugin
2026-08-13 09:34:38,528 [INFO] IPUIPlugin:80 - create IPUIPlugin
2026-08-13 09:34:38,529 [INFO] IPUIPlugin:80 - create IPUIPlugin
2026-08-13 09:34:38,534 [INFO] ApiDbMcu:532 - Load IP Config File for PDM2PCM
2026-08-13 09:34:38,540 [WARN] FreeRTOS:1023 - Null or empty value: should not occur! (nothing added to the table)
2026-08-13 09:34:38,572 [INFO] CADModel:165 - CPN selected for project levelSTM32F401RET6
2026-08-13 09:34:38,572 [INFO] CADModel:114 - Register for checkConnection events
2026-08-13 09:34:38,573 [INFO] RtosManager:728 - Active RTOS found at IOC load: FREERTOS [Cortex-M4NS]
2026-08-13 09:34:38,635 [INFO] OpenFileManager:386 - Restore cursor
2026-08-13 10:00:22,643 [INFO] WebApp:194 - Connection lost
2026-08-13 13:57:40,634 [INFO] WebApp:191 - Connection restablished
2026-08-13 13:57:40,928 [INFO] WebApp:194 - Connection lost
2026-08-13 13:57:41,095 [INFO] WebApp:191 - Connection restablished
2026-08-13 14:02:09,573 [INFO] WebApp:194 - Connection lost
2026-08-13 14:02:09,844 [INFO] WebApp:191 - Connection restablished
2026-08-13 14:02:21,578 [INFO] WebApp:194 - Connection lost
2026-08-13 14:02:21,785 [INFO] WebApp:191 - Connection restablished
2026-08-13 17:37:26,932 [INFO] WebApp:194 - Connection lost
2026-08-13 17:38:02,299 [INFO] WebApp:191 - Connection restablished
2026-08-13 17:38:05,804 [INFO] WebApp:194 - Connection lost
2026-08-13 17:38:05,993 [INFO] WebApp:191 - Connection restablished
2026-08-13 17:38:06,313 [INFO] WebApp:194 - Connection lost
2026-08-13 17:38:06,520 [INFO] WebApp:191 - Connection restablished
2026-08-13 20:05:39,281 [INFO] WebApp:194 - Connection lost
2026-08-13 20:05:39,630 [INFO] WebApp:191 - Connection restablished
2026-08-13 20:35:38,460 [INFO] WebApp:194 - Connection lost
2026-08-13 20:35:52,667 [INFO] WebApp:191 - Connection restablished
2026-08-13 20:35:56,324 [INFO] WebApp:194 - Connection lost
2026-08-13 20:35:56,673 [INFO] WebApp:191 - Connection restablished
2026-08-13 20:35:56,832 [INFO] WebApp:194 - Connection lost
2026-08-13 20:35:57,069 [INFO] WebApp:191 - Connection restablished
2026-08-13 21:19:00,219 [INFO] WebApp:194 - Connection lost
2026-08-13 21:20:52,795 [INFO] WebApp:191 - Connection restablished
2026-08-13 21:20:55,090 [INFO] WebApp:194 - Connection lost
2026-08-13 21:20:55,385 [INFO] WebApp:191 - Connection restablished
2026-08-13 21:26:37,293 [INFO] WebApp:194 - Connection lost
2026-08-13 21:26:37,686 [INFO] WebApp:191 - Connection restablished
2026-08-13 21:26:41,044 [INFO] WebApp:194 - Connection lost
2026-08-13 21:26:41,517 [INFO] WebApp:191 - Connection restablished
2026-08-13 21:52:31,680 [INFO] WebApp:194 - Connection lost
2026-08-13 21:52:31,971 [INFO] WebApp:191 - Connection restablished
2026-08-13 21:52:37,555 [INFO] WebApp:194 - Connection lost
2026-08-13 21:52:37,747 [INFO] WebApp:191 - Connection restablished
2026-08-13 22:28:38,336 [INFO] WebApp:194 - Connection lost
2026-08-13 22:29:02,285 [INFO] WebApp:191 - Connection restablished
2026-08-13 23:21:31,478 [INFO] WebApp:194 - Connection lost
2026-08-13 23:21:32,048 [INFO] WebApp:191 - Connection restablished
2026-08-13 23:21:32,159 [INFO] WebApp:194 - Connection lost
2026-08-13 23:21:32,331 [INFO] WebApp:191 - Connection restablished
2026-08-13 23:23:29,375 [INFO] WebApp:194 - Connection lost
2026-08-13 23:23:30,327 [INFO] WebApp:191 - Connection restablished
2026-08-13 23:41:21,640 [INFO] WebApp:194 - Connection lost
2026-08-13 23:41:22,735 [INFO] WebApp:191 - Connection restablished
2026-08-13 23:41:23,955 [INFO] WebApp:194 - Connection lost
2026-08-13 23:41:24,869 [INFO] WebApp:191 - Connection restablished
2026-08-13 23:46:21,833 [INFO] WebApp:194 - Connection lost
2026-08-13 23:46:22,674 [INFO] WebApp:191 - Connection restablished
2026-08-13 23:46:27,040 [INFO] WebApp:194 - Connection lost
2026-08-13 23:46:27,409 [INFO] WebApp:191 - Connection restablished
2026-08-13 23:46:48,318 [INFO] WebApp:194 - Connection lost
2026-08-13 23:46:48,618 [INFO] WebApp:191 - Connection restablished
2026-08-13 23:46:50,596 [INFO] WebApp:194 - Connection lost
2026-08-13 23:46:50,833 [INFO] WebApp:191 - Connection restablished
2026-08-13 23:46:53,713 [INFO] WebApp:194 - Connection lost
2026-08-13 23:46:53,957 [INFO] WebApp:191 - Connection restablished
2026-08-13 23:51:48,614 [INFO] WebApp:194 - Connection lost
2026-08-13 23:51:50,166 [INFO] WebApp:191 - Connection restablished
2026-08-13 23:51:54,488 [INFO] WebApp:194 - Connection lost
2026-08-13 23:51:54,853 [INFO] WebApp:191 - Connection restablished
