2026-08-22 11:43:23,143 [ERROR] LogOutputStream:75 - [STDERR_REDIRECT] 
2026-08-22 11:43:43,718 [INFO] Activator:176 - 


2026-08-22 11:43:43,719 [INFO] Activator:177 - !SESSION log4j initialized
2026-08-22 11:43:48,300 [INFO] LogOutputStream:77 - [STDOUT_REDIRECT] 
2026-08-22 11:43:49,073 [INFO] ApplicationProperties:184 - Using Application install path: D:\STM32CubeIDE_1.19.0\STM32CubeIDE\plugins\com.st.stm32cube.common.mx_6.15.0.202507011659
2026-08-22 11:43:49,089 [INFO] DbMcusXml:78 - Set database path to: D:\STM32CubeIDE_1.19.0\STM32CubeIDE\plugins\com.st.stm32cube.common.mx_6.15.0.202507011659\\db\/mcu/
2026-08-22 11:43:49,089 [INFO] ApiDb:274 - Set plugin database path to: D:\STM32CubeIDE_1.19.0\STM32CubeIDE\plugins\com.st.stm32cube.common.mx_6.15.0.202507011659\\db\/plugins/boardmanager/
2026-08-22 11:43:49,090 [WARN] ApiDb:259 - Overriding images path with different value:  => D:\STM32CubeIDE_1.19.0\STM32CubeIDE\plugins\com.st.stm32cube.common.mx_6.15.0.202507011659\\db\/plugins/mcufinder/images/
2026-08-22 11:43:49,097 [INFO] ApiDb:250 - Set database path to: C:\Users\LENOVO\.stmcufinder\plugins\mcufinder//mcu/
2026-08-22 11:43:49,098 [INFO] DbMcusAds:125 - Set database path to: C:\Users\LENOVO\.stmcufinder\plugins\mcufinder//mcu/
2026-08-22 11:43:49,101 [INFO] CrossReferenceDbSqlite:203 - Set database path to: C:\Users\LENOVO\.stmcufinder\plugins\mcufinder//mcu/cs/
2026-08-22 11:43:49,210 [INFO] RulesReader:64 - Compatibility file has been processed (317 Rules)
2026-08-22 11:43:49,289 [INFO] DbMcusXml:78 - Set database path to: D:\STM32CubeIDE_1.19.0\STM32CubeIDE\plugins\com.st.stm32cube.common.mx_6.15.0.202507011659\\db\/mcu/
2026-08-22 11:43:49,289 [INFO] ApiDb:274 - Set plugin database path to: D:\STM32CubeIDE_1.19.0\STM32CubeIDE\plugins\com.st.stm32cube.common.mx_6.15.0.202507011659\\db\/plugins/boardmanager/
2026-08-22 11:43:49,289 [INFO] ApiDb:261 - Set plugin images path to: D:\STM32CubeIDE_1.19.0\STM32CubeIDE\plugins\com.st.stm32cube.common.mx_6.15.0.202507011659\\db\/plugins/mcufinder/images/
2026-08-22 11:43:49,290 [WARN] DbFile:41 - Overriding database path with different value: C:\Users\LENOVO\.stmcufinder\plugins\mcufinder/ => C:\Users\LENOVO\.stmcufinder\plugins\mcufinder
2026-08-22 11:43:49,290 [INFO] ApiDb:250 - Set database path to: C:\Users\LENOVO\.stmcufinder\plugins\mcufinder//mcu/
2026-08-22 11:43:49,290 [WARN] DbFile:41 - Overriding database path with different value: C:\Users\LENOVO\.stmcufinder\plugins\mcufinder/ => C:\Users\LENOVO\.stmcufinder\plugins\mcufinder
2026-08-22 11:43:49,290 [INFO] DbMcusAds:125 - Set database path to: C:\Users\LENOVO\.stmcufinder\plugins\mcufinder//mcu/
2026-08-22 11:43:49,290 [WARN] DbFile:41 - Overriding database path with different value: C:\Users\LENOVO\.stmcufinder\plugins\mcufinder/ => C:\Users\LENOVO\.stmcufinder\plugins\mcufinder
2026-08-22 11:43:49,290 [WARN] DbFile:41 - Overriding database path with different value: C:\Users\LENOVO\.stmcufinder\plugins\mcufinder/ => C:\Users\LENOVO\.stmcufinder\plugins\mcufinder
2026-08-22 11:43:49,290 [INFO] CrossReferenceDbSqlite:203 - Set database path to: C:\Users\LENOVO\.stmcufinder\plugins\mcufinder//mcu/cs/
2026-08-22 11:43:49,368 [INFO] MainPanel:274 - HeapMemory: 268435456
2026-08-22 11:43:49,469 [INFO] DbMcusXml:78 - Set database path to: D:\STM32CubeIDE_1.19.0\STM32CubeIDE\plugins\com.st.stm32cube.common.mx_6.15.0.202507011659\\db\/mcu/
2026-08-22 11:43:49,470 [INFO] ApiDb:274 - Set plugin database path to: D:\STM32CubeIDE_1.19.0\STM32CubeIDE\plugins\com.st.stm32cube.common.mx_6.15.0.202507011659\\db\/plugins/boardmanager/
2026-08-22 11:43:49,470 [INFO] ApiDb:261 - Set plugin images path to: D:\STM32CubeIDE_1.19.0\STM32CubeIDE\plugins\com.st.stm32cube.common.mx_6.15.0.202507011659\\db\/plugins/mcufinder/images/
2026-08-22 11:43:49,470 [WARN] DbFile:41 - Overriding database path with different value: C:\Users\LENOVO\.stmcufinder\plugins\mcufinder/ => C:\Users\LENOVO\.stmcufinder\plugins\mcufinder
2026-08-22 11:43:49,470 [INFO] ApiDb:250 - Set database path to: C:\Users\LENOVO\.stmcufinder\plugins\mcufinder//mcu/
2026-08-22 11:43:49,470 [WARN] DbFile:41 - Overriding database path with different value: C:\Users\LENOVO\.stmcufinder\plugins\mcufinder/ => C:\Users\LENOVO\.stmcufinder\plugins\mcufinder
2026-08-22 11:43:49,470 [INFO] DbMcusAds:125 - Set database path to: C:\Users\LENOVO\.stmcufinder\plugins\mcufinder//mcu/
2026-08-22 11:43:49,470 [WARN] DbFile:41 - Overriding database path with different value: C:\Users\LENOVO\.stmcufinder\plugins\mcufinder/ => C:\Users\LENOVO\.stmcufinder\plugins\mcufinder
2026-08-22 11:43:49,470 [WARN] DbFile:41 - Overriding database path with different value: C:\Users\LENOVO\.stmcufinder\plugins\mcufinder/ => C:\Users\LENOVO\.stmcufinder\plugins\mcufinder
2026-08-22 11:43:49,470 [INFO] CrossReferenceDbSqlite:203 - Set database path to: C:\Users\LENOVO\.stmcufinder\plugins\mcufinder//mcu/cs/
2026-08-22 11:43:49,486 [INFO] ApplicationProperties:184 - Using Application install path: D:\STM32CubeIDE_1.19.0\STM32CubeIDE\plugins\com.st.stm32cube.common.mx_6.15.0.202507011659
2026-08-22 11:43:49,488 [INFO] PluginManage:196 - Search for loadable plugins [exclusion list=, ]
2026-08-22 11:43:49,489 [INFO] PluginManage:310 - Check plugin analytics
2026-08-22 11:43:49,639 [INFO] AnalyticsPlugin:253 - Accepted Software Licenses: 
2026-08-22 11:43:49,639 [INFO] AnalyticsPlugin:255 - Accepted CMSIS Pack Licenses: 
2026-08-22 11:43:49,639 [INFO] AnalyticsPlugin:257 - Accepted Firmware Licenses: FW.G0.1.6.0,FW.F4.1.28.0
2026-08-22 11:43:49,641 [INFO] PluginManage:359 - Loaded plugin analytics (category:tool,tabindex:-1)
2026-08-22 11:43:49,641 [INFO] PluginManage:310 - Check plugin cadmodel
2026-08-22 11:43:49,646 [INFO] CADModel:105 - Init CAD model plugin
2026-08-22 11:43:49,646 [INFO] PluginManage:359 - Loaded plugin cadmodel (category:power,tabindex:5)
2026-08-22 11:43:49,647 [INFO] PluginManage:310 - Check plugin clock
2026-08-22 11:43:49,654 [INFO] PluginManage:359 - Loaded plugin clock (category:base,tabindex:2)
2026-08-22 11:43:49,654 [INFO] PluginManage:310 - Check plugin ddr
2026-08-22 11:43:49,656 [INFO] PluginManage:359 - Loaded plugin ddr (category:tool,tabindex:6)
2026-08-22 11:43:49,656 [INFO] PluginManage:310 - Check plugin filemanager
2026-08-22 11:43:49,804 [INFO] PluginManage:359 - Loaded plugin filemanager (category:base,tabindex:10)
2026-08-22 11:43:49,804 [INFO] PluginManage:310 - Check plugin ipmanager
2026-08-22 11:43:49,811 [INFO] PluginManage:359 - Loaded plugin ipmanager (category:base,tabindex:5)
2026-08-22 11:43:49,811 [INFO] PluginManage:310 - Check plugin lpbam
2026-08-22 11:43:49,817 [INFO] PluginManage:359 - Loaded plugin lpbam (category:base,tabindex:0)
2026-08-22 11:43:49,817 [INFO] PluginManage:310 - Check plugin memorymap
2026-08-22 11:43:49,830 [INFO] PluginManage:359 - Loaded plugin memorymap (category:base,tabindex:4)
2026-08-22 11:43:49,830 [INFO] PluginManage:310 - Check plugin pinoutandconfiguration
2026-08-22 11:43:49,838 [INFO] PluginManage:359 - Loaded plugin pinoutandconfiguration (category:base,tabindex:1)
2026-08-22 11:43:49,838 [INFO] PluginManage:310 - Check plugin pinoutconfig
2026-08-22 11:43:49,914 [WARN] SupportedApi:132 - Cannot load RTOS API schema: s4s-elt-must-match.1: The content of 'definitions' must match (annotation?, (simpleType | complexType)?, (unique | key | keyref)*)). A problem was found starting at: attribute.
2026-08-22 11:43:50,055 [INFO] PluginManage:359 - Loaded plugin pinoutconfig (category:base,tabindex:0)
2026-08-22 11:43:50,055 [INFO] PluginManage:310 - Check plugin power
2026-08-22 11:43:50,065 [INFO] PluginManage:359 - Loaded plugin power (category:power,tabindex:4)
2026-08-22 11:43:50,065 [INFO] PluginManage:310 - Check plugin projectmanager
2026-08-22 11:43:50,081 [INFO] PluginManage:359 - Loaded plugin projectmanager (category:projectmanager,tabindex:4)
2026-08-22 11:43:50,081 [INFO] PluginManage:310 - Check plugin rif
2026-08-22 11:43:50,092 [INFO] PluginManage:359 - Loaded plugin rif (category:base,tabindex:3)
2026-08-22 11:43:50,093 [INFO] PluginManage:310 - Check plugin thirdparty
2026-08-22 11:43:50,226 [WARN] IntegrityCheckThread:84 - waiting for thirdparty lock release [integrity check]
2026-08-22 11:43:50,226 [INFO] PluginManage:359 - Loaded plugin thirdparty (category:base,tabindex:-1)
2026-08-22 11:43:50,226 [INFO] IntegrityCheckThread:86 - entering critical section [integrity check]
2026-08-22 11:43:50,226 [INFO] PluginManage:310 - Check plugin tools
2026-08-22 11:43:50,226 [INFO] ThirdPartyUpdaterWithRetryManager:70 - Updater plugin not ready yet. [1/15]
2026-08-22 11:43:50,228 [INFO] PluginManage:359 - Loaded plugin tools (category:base,tabindex:7)
2026-08-22 11:43:50,228 [INFO] PluginManage:310 - Check plugin tutovideos
2026-08-22 11:43:50,407 [INFO] PluginManage:359 - Loaded plugin tutovideos (category:base,tabindex:-1)
2026-08-22 11:43:50,407 [INFO] PluginManage:310 - Check plugin updater
2026-08-22 11:43:50,426 [INFO] PluginManage:359 - Loaded plugin updater (category:base,tabindex:12)
2026-08-22 11:43:50,426 [INFO] PluginManage:310 - Check plugin userauth
2026-08-22 11:43:50,430 [INFO] UserAuth:118 - Init User Auth plugin
2026-08-22 11:43:50,430 [INFO] PluginManage:359 - Loaded plugin userauth (category:base,tabindex:14)
2026-08-22 11:43:50,431 [INFO] PluginManage:283 - PluginManage : Loaded plugins [18]
2026-08-22 11:43:50,616 [INFO] PinOutPanel:1589 - setPackage(No Configuration,No Configuration)
2026-08-22 11:43:50,696 [INFO] CADModel:165 - CPN selected for project level
2026-08-22 11:43:50,696 [INFO] CADModel:114 - Register for checkConnection events
2026-08-22 11:43:50,713 [INFO] IPUIPlugin:80 - create IPUIPlugin
2026-08-22 11:43:50,713 [INFO] PluginManager:220 - loadIPPluginJar : add adc
2026-08-22 11:43:50,716 [INFO] IPUIPlugin:80 - create IPUIPlugin
2026-08-22 11:43:50,716 [INFO] PluginManager:220 - loadIPPluginJar : add aes
2026-08-22 11:43:50,719 [INFO] IPUIPlugin:80 - create IPUIPlugin
2026-08-22 11:43:50,719 [INFO] PluginManager:220 - loadIPPluginJar : add can
2026-08-22 11:43:50,721 [INFO] IPUIPlugin:80 - create IPUIPlugin
2026-08-22 11:43:50,721 [INFO] PluginManager:220 - loadIPPluginJar : add comp
2026-08-22 11:43:50,724 [INFO] IPUIPlugin:80 - create IPUIPlugin
2026-08-22 11:43:50,724 [INFO] PluginManager:220 - loadIPPluginJar : add cryp
2026-08-22 11:43:50,728 [INFO] IPUIPlugin:80 - create IPUIPlugin
2026-08-22 11:43:50,728 [INFO] PluginManager:220 - loadIPPluginJar : add ddr_ctrl_phy
2026-08-22 11:43:50,731 [INFO] IPUIPlugin:80 - create IPUIPlugin
2026-08-22 11:43:50,731 [INFO] PluginManager:220 - loadIPPluginJar : add dfsdm
2026-08-22 11:43:50,736 [INFO] IPUIPlugin:80 - create IPUIPlugin
2026-08-22 11:43:50,737 [INFO] PluginManager:220 - loadIPPluginJar : add dma
2026-08-22 11:43:50,739 [INFO] IPUIPlugin:80 - create IPUIPlugin
2026-08-22 11:43:50,740 [INFO] PluginManager:220 - loadIPPluginJar : add dma3
2026-08-22 11:43:50,743 [INFO] IPUIPlugin:80 - create IPUIPlugin
2026-08-22 11:43:50,743 [INFO] PluginManager:220 - loadIPPluginJar : add extmemmanager
2026-08-22 11:43:50,744 [INFO] IPUIPlugin:80 - create IPUIPlugin
2026-08-22 11:43:50,745 [INFO] PluginManager:220 - loadIPPluginJar : add fatfs
2026-08-22 11:43:50,750 [INFO] IPUIPlugin:80 - create IPUIPlugin
2026-08-22 11:43:50,750 [INFO] PluginManager:220 - loadIPPluginJar : add fmc
2026-08-22 11:43:50,755 [INFO] IPUIPlugin:80 - create IPUIPlugin
2026-08-22 11:43:50,755 [INFO] PluginManager:220 - loadIPPluginJar : add freertos
2026-08-22 11:43:50,756 [INFO] IPUIPlugin:80 - create IPUIPlugin
2026-08-22 11:43:50,757 [INFO] PluginManager:220 - loadIPPluginJar : add genericplugin
2026-08-22 11:43:50,759 [INFO] IPUIPlugin:80 - create IPUIPlugin
2026-08-22 11:43:50,759 [INFO] PluginManager:220 - loadIPPluginJar : add gfxmmu
2026-08-22 11:43:50,763 [INFO] IPUIPlugin:80 - create IPUIPlugin
2026-08-22 11:43:50,764 [INFO] PluginManager:220 - loadIPPluginJar : add gic
2026-08-22 11:43:50,767 [INFO] IPUIPlugin:80 - create IPUIPlugin
2026-08-22 11:43:50,767 [INFO] PluginManager:220 - loadIPPluginJar : add gpio
2026-08-22 11:43:50,770 [INFO] IPUIPlugin:80 - create IPUIPlugin
2026-08-22 11:43:50,770 [INFO] PluginManager:220 - loadIPPluginJar : add gtzc
2026-08-22 11:43:50,772 [INFO] IPUIPlugin:80 - create IPUIPlugin
2026-08-22 11:43:50,772 [INFO] PluginManager:220 - loadIPPluginJar : add hash
2026-08-22 11:43:50,775 [INFO] IPUIPlugin:80 - create IPUIPlugin
2026-08-22 11:43:50,775 [INFO] PluginManager:220 - loadIPPluginJar : add i2c
2026-08-22 11:43:50,777 [INFO] IPUIPlugin:80 - create IPUIPlugin
2026-08-22 11:43:50,777 [INFO] PluginManager:220 - loadIPPluginJar : add i2s
2026-08-22 11:43:50,779 [INFO] IPUIPlugin:80 - create IPUIPlugin
2026-08-22 11:43:50,779 [INFO] PluginManager:220 - loadIPPluginJar : add i3c
2026-08-22 11:43:50,783 [INFO] IPUIPlugin:80 - create IPUIPlugin
2026-08-22 11:43:50,783 [INFO] PluginManager:220 - loadIPPluginJar : add ipddr
2026-08-22 11:43:50,790 [INFO] IPUIPlugin:80 - create IPUIPlugin
2026-08-22 11:43:50,791 [INFO] PluginManager:220 - loadIPPluginJar : add linkedlist
2026-08-22 11:43:50,794 [INFO] IPUIPlugin:80 - create IPUIPlugin
2026-08-22 11:43:50,794 [INFO] PluginManager:220 - loadIPPluginJar : add lorawan
2026-08-22 11:43:50,796 [INFO] IPUIPlugin:80 - create IPUIPlugin
2026-08-22 11:43:50,796 [INFO] PluginManager:220 - loadIPPluginJar : add ltdc
2026-08-22 11:43:50,801 [INFO] IPUIPlugin:80 - create IPUIPlugin
2026-08-22 11:43:50,802 [INFO] PluginManager:220 - loadIPPluginJar : add mdma
2026-08-22 11:43:50,805 [INFO] IPUIPlugin:80 - create IPUIPlugin
2026-08-22 11:43:50,805 [INFO] PluginManager:220 - loadIPPluginJar : add nvic
2026-08-22 11:43:50,809 [INFO] IPUIPlugin:80 - create IPUIPlugin
2026-08-22 11:43:50,809 [INFO] PluginManager:220 - loadIPPluginJar : add opamp
2026-08-22 11:43:50,811 [INFO] IPUIPlugin:80 - create IPUIPlugin
2026-08-22 11:43:50,811 [INFO] PluginManager:220 - loadIPPluginJar : add openamp
2026-08-22 11:43:50,814 [INFO] IPUIPlugin:80 - create IPUIPlugin
2026-08-22 11:43:50,814 [INFO] PluginManager:220 - loadIPPluginJar : add pdm2pcm
2026-08-22 11:43:50,820 [INFO] IPUIPlugin:80 - create IPUIPlugin
2026-08-22 11:43:50,822 [INFO] PluginManager:220 - loadIPPluginJar : add plateformsettings
2026-08-22 11:43:50,823 [INFO] IPUIPlugin:80 - create IPUIPlugin
2026-08-22 11:43:50,823 [INFO] PluginManager:220 - loadIPPluginJar : add quadspi
2026-08-22 11:43:50,825 [INFO] IPUIPlugin:80 - create IPUIPlugin
2026-08-22 11:43:50,826 [INFO] PluginManager:220 - loadIPPluginJar : add radio
2026-08-22 11:43:50,829 [INFO] IPUIPlugin:80 - create IPUIPlugin
2026-08-22 11:43:50,830 [INFO] PluginManager:220 - loadIPPluginJar : add resmgrutility
2026-08-22 11:43:50,833 [INFO] IPUIPlugin:80 - create IPUIPlugin
2026-08-22 11:43:50,833 [INFO] PluginManager:220 - loadIPPluginJar : add sai
2026-08-22 11:43:50,836 [INFO] IPUIPlugin:80 - create IPUIPlugin
2026-08-22 11:43:50,836 [INFO] PluginManager:220 - loadIPPluginJar : add spi
2026-08-22 11:43:50,841 [INFO] IPUIPlugin:80 - create IPUIPlugin
2026-08-22 11:43:50,841 [INFO] PluginManager:220 - loadIPPluginJar : add stm32_wpan
2026-08-22 11:43:50,842 [INFO] IPUIPlugin:80 - create IPUIPlugin
2026-08-22 11:43:50,842 [INFO] PluginManager:220 - loadIPPluginJar : add tim
2026-08-22 11:43:50,844 [INFO] IPUIPlugin:80 - create IPUIPlugin
2026-08-22 11:43:50,844 [INFO] PluginManager:220 - loadIPPluginJar : add touchsensing
2026-08-22 11:43:50,845 [INFO] IPUIPlugin:80 - create IPUIPlugin
2026-08-22 11:43:50,846 [INFO] PluginManager:220 - loadIPPluginJar : add tracer_emb
2026-08-22 11:43:50,847 [INFO] IPUIPlugin:80 - create IPUIPlugin
2026-08-22 11:43:50,847 [INFO] PluginManager:220 - loadIPPluginJar : add ts
2026-08-22 11:43:50,849 [INFO] IPUIPlugin:80 - create IPUIPlugin
2026-08-22 11:43:50,849 [INFO] PluginManager:220 - loadIPPluginJar : add tsc
2026-08-22 11:43:50,850 [INFO] IPUIPlugin:80 - create IPUIPlugin
2026-08-22 11:43:50,850 [INFO] PluginManager:220 - loadIPPluginJar : add ucpd
2026-08-22 11:43:50,852 [INFO] IPUIPlugin:80 - create IPUIPlugin
2026-08-22 11:43:50,852 [INFO] PluginManager:220 - loadIPPluginJar : add usart
2026-08-22 11:43:50,854 [INFO] IPUIPlugin:80 - create IPUIPlugin
2026-08-22 11:43:50,854 [INFO] PluginManager:220 - loadIPPluginJar : add usbx
2026-08-22 11:43:50,971 [FATAL] Updater:351 - Updater called before beeing initialized
2026-08-22 11:43:51,006 [INFO] RulesReader:64 - Compatibility file has been processed (317 Rules)
2026-08-22 11:43:51,015 [INFO] RulesReader:64 - Compatibility file has been processed (317 Rules)
2026-08-22 11:43:51,023 [INFO] CADModel:165 - CPN selected for project level
2026-08-22 11:43:51,023 [INFO] CADModel:114 - Register for checkConnection events
2026-08-22 11:43:51,023 [FATAL] Updater:351 - Updater called before beeing initialized
2026-08-22 11:43:51,023 [ERROR] CADModel:125 - Updater not yet initialized, retry later 
2026-08-22 11:43:51,171 [FATAL] Updater:351 - Updater called before beeing initialized
2026-08-22 11:43:51,173 [INFO] CADModel:165 - CPN selected for project level
2026-08-22 11:43:51,173 [INFO] CADModel:114 - Register for checkConnection events
2026-08-22 11:43:51,173 [FATAL] Updater:351 - Updater called before beeing initialized
2026-08-22 11:43:51,174 [ERROR] CADModel:125 - Updater not yet initialized, retry later 
2026-08-22 11:43:51,176 [FATAL] Updater:351 - Updater called before beeing initialized
2026-08-22 11:43:51,272 [FATAL] Updater:351 - Updater called before beeing initialized
2026-08-22 11:43:51,275 [INFO] DbMcusAds:53 - JSON generation date=Wed Jul 15 15:14:54 IST 2026 (1784108694001)
2026-08-22 11:43:51,275 [FATAL] Updater:351 - Updater called before beeing initialized
2026-08-22 11:43:51,305 [WARN] DetailPanel:346 - Failed to get advertising image, set to default
2026-08-22 11:43:51,372 [FATAL] Updater:351 - Updater called before beeing initialized
2026-08-22 11:43:51,374 [FATAL] Updater:351 - Updater called before beeing initialized
2026-08-22 11:43:51,374 [FATAL] Updater:351 - Updater called before beeing initialized
2026-08-22 11:43:51,374 [WARN] DetailPanel:346 - Failed to get advertising image, set to default
2026-08-22 11:43:51,375 [FATAL] Updater:351 - Updater called before beeing initialized
2026-08-22 11:43:51,416 [ERROR] Updater:1198 - MainUpdater not yet initialized. External WinMGr cannot be set.
2026-08-22 11:43:51,419 [INFO] Updater:1134 - Updater Version found : 6.15.0
2026-08-22 11:43:51,450 [INFO] ApplicationProperties:184 - Using Application install path: D:\STM32CubeIDE_1.19.0\STM32CubeIDE\plugins\com.st.stm32cube.common.mx_6.15.0.202507011659
2026-08-22 11:43:53,028 [ERROR] LogOutputStream:75 - [STDERR_REDIRECT] Aug 22, 2026 11:43:53 AM java.util.prefs.WindowsPreferences <init>
2026-08-22 11:43:53,030 [ERROR] LogOutputStream:75 - [STDERR_REDIRECT] WARNING: Could not open/create prefs root node Software\JavaSoft\Prefs at root 0xffffffff80000002. Windows RegCreateKeyEx(...) returned error code 5.
2026-08-22 11:43:53,030 [ERROR] LogOutputStream:75 - [STDERR_REDIRECT] 
2026-08-22 11:43:53,227 [INFO] ThirdPartyUpdaterWithRetryManager:70 - Updater plugin not ready yet. [2/15]
2026-08-22 11:43:53,269 [INFO] MainUpdater:2872 - connection check result : 10
2026-08-22 11:43:53,269 [INFO] MainUpdater:289 - Updater Check For Update Now.
2026-08-22 11:43:53,269 [INFO] MicroXplorer:498 - Change Database Version : DB.6.0.150
2026-08-22 11:43:53,284 [INFO] McuFinderGlobals:63 - Set McuFinder mode to 2 (CubeIDE integrated)
2026-08-22 11:43:53,286 [INFO] UserAuth:487 - Internet connection configuration mode: 1
2026-08-22 11:43:53,315 [INFO] JxBrowserEngine:152 - Initiate JxBrowser Engine with user profile folder
2026-08-22 11:43:53,416 [INFO] CheckServerUpdateThread:120 - End of CheckServer Thread
2026-08-22 11:43:55,570 [INFO] WebApp:169 - Instantiating new browser for Auth
2026-08-22 11:43:56,338 [WARN] PackLoader:240 - Cannot read IP mode file for STMicroelectronics.FP-ATR-ASTRA1.2.0.3
2026-08-22 11:43:56,344 [WARN] PackLoader:240 - Cannot read IP mode file for STMicroelectronics.FP-ATR-ASTRA1.2.0.2
2026-08-22 11:43:56,363 [WARN] PackLoader:240 - Cannot read IP mode file for STMicroelectronics.X-CUBE-BLEMGR.4.1.0
2026-08-22 11:43:56,383 [WARN] PackLoader:240 - Cannot read IP mode file for STMicroelectronics.X-CUBE-FREERTOS.1.6.0
2026-08-22 11:43:56,405 [WARN] PackLoader:240 - Cannot read IP mode file for STMicroelectronics.X-CUBE-AZRTOS-H7RS.1.3.0
2026-08-22 11:43:56,455 [WARN] PackLoader:240 - Cannot read IP mode file for STMicroelectronics.X-CUBE-MEMS1.13.0.0
2026-08-22 11:43:56,530 [WARN] PackLoader:240 - Cannot read IP mode file for STMicroelectronics.X-CUBE-FREERTOS.1.5.0
2026-08-22 11:43:56,537 [ERROR] Engine:466 - C:\Users\LENOVO\.stm32cubemx\thirdparties\pdsc\STMicroelectronics.X-CUBE-BLEMGR.4.2.0.pdsc: PDSC version is not supported
2026-08-22 11:43:56,539 [ERROR] Engine:466 - C:\Users\LENOVO\.stm32cubemx\thirdparties\pdsc\STMicroelectronics.X-CUBE-WBA.1.1.0.pdsc: PDSC version is not supported
2026-08-22 11:43:56,545 [WARN] PackLoader:240 - Cannot read IP mode file for STMicroelectronics.X-CUBE-AI.10.2.1
2026-08-22 11:43:56,587 [WARN] PackLoader:240 - Cannot read IP mode file for STMicroelectronics.X-CUBE-MEMS1.12.1.0
2026-08-22 11:43:56,701 [WARN] PackLoader:240 - Cannot read IP mode file for STMicroelectronics.X-CUBE-AZRTOS-H7RS.1.2.0
2026-08-22 11:43:56,705 [INFO] ThirdParty:978 - Integrity check success = true
2026-08-22 11:43:56,705 [INFO] IntegrityCheckThread:100 - exiting critical section [integrity check]
2026-08-22 11:43:56,705 [INFO] IntegrityCheckThread:103 - End integrity checks thread
2026-08-22 11:43:56,756 [INFO] WebApp:463 - Apply proxy settings
2026-08-22 11:43:56,756 [INFO] WebApp:548 - Chromium requires no authentication
2026-08-22 11:43:56,778 [INFO] WebApp:491 - Direct internet connection detected
2026-08-22 11:43:56,828 [INFO] WebApp:900 - Register for checkConnection events
2026-08-22 11:43:56,828 [INFO] WebApp:463 - Apply proxy settings
2026-08-22 11:43:56,828 [INFO] WebApp:548 - Chromium requires no authentication
2026-08-22 11:43:56,829 [INFO] WebApp:491 - Direct internet connection detected
2026-08-22 11:43:57,013 [INFO] WebApp:225 - Starting web application
2026-08-22 11:43:57,013 [INFO] WebApp:593 - Web application path used D:\STM32CubeIDE_1.19.0\STM32CubeIDE\plugins\com.st.stm32cube.common.mx_6.15.0.202507011659\db\plugins\mcufinder\reactClient1\index.html
2026-08-22 11:43:57,169 [INFO] UserAuth:487 - Internet connection configuration mode: 1
2026-08-22 11:43:57,248 [INFO] WebApp:191 - Connection restablished
2026-08-22 12:53:24,308 [ERROR] LogOutputStream:75 - [STDERR_REDIRECT] 
2026-08-22 12:53:24,308 [ERROR] LogOutputStream:75 - [STDERR_REDIRECT] 
2026-08-22 12:55:03,842 [INFO] Activator:176 - 


2026-08-22 12:55:03,845 [INFO] Activator:177 - !SESSION log4j initialized
2026-08-22 12:55:08,207 [INFO] LogOutputStream:77 - [STDOUT_REDIRECT] 
2026-08-22 12:55:08,878 [INFO] ApplicationProperties:184 - Using Application install path: D:\STM32CubeIDE_1.19.0\STM32CubeIDE\plugins\com.st.stm32cube.common.mx_6.15.0.202507011659
2026-08-22 12:55:08,892 [INFO] DbMcusXml:78 - Set database path to: D:\STM32CubeIDE_1.19.0\STM32CubeIDE\plugins\com.st.stm32cube.common.mx_6.15.0.202507011659\\db\/mcu/
2026-08-22 12:55:08,892 [INFO] ApiDb:274 - Set plugin database path to: D:\STM32CubeIDE_1.19.0\STM32CubeIDE\plugins\com.st.stm32cube.common.mx_6.15.0.202507011659\\db\/plugins/boardmanager/
2026-08-22 12:55:08,892 [WARN] ApiDb:259 - Overriding images path with different value:  => D:\STM32CubeIDE_1.19.0\STM32CubeIDE\plugins\com.st.stm32cube.common.mx_6.15.0.202507011659\\db\/plugins/mcufinder/images/
2026-08-22 12:55:08,911 [INFO] ApiDb:250 - Set database path to: C:\Users\LENOVO\.stmcufinder\plugins\mcufinder//mcu/
2026-08-22 12:55:08,924 [INFO] DbMcusAds:125 - Set database path to: C:\Users\LENOVO\.stmcufinder\plugins\mcufinder//mcu/
2026-08-22 12:55:08,926 [INFO] CrossReferenceDbSqlite:203 - Set database path to: C:\Users\LENOVO\.stmcufinder\plugins\mcufinder//mcu/cs/
2026-08-22 12:55:09,019 [INFO] RulesReader:64 - Compatibility file has been processed (317 Rules)
2026-08-22 12:55:09,114 [INFO] DbMcusXml:78 - Set database path to: D:\STM32CubeIDE_1.19.0\STM32CubeIDE\plugins\com.st.stm32cube.common.mx_6.15.0.202507011659\\db\/mcu/
2026-08-22 12:55:09,114 [INFO] ApiDb:274 - Set plugin database path to: D:\STM32CubeIDE_1.19.0\STM32CubeIDE\plugins\com.st.stm32cube.common.mx_6.15.0.202507011659\\db\/plugins/boardmanager/
2026-08-22 12:55:09,114 [INFO] ApiDb:261 - Set plugin images path to: D:\STM32CubeIDE_1.19.0\STM32CubeIDE\plugins\com.st.stm32cube.common.mx_6.15.0.202507011659\\db\/plugins/mcufinder/images/
2026-08-22 12:55:09,114 [WARN] DbFile:41 - Overriding database path with different value: C:\Users\LENOVO\.stmcufinder\plugins\mcufinder/ => C:\Users\LENOVO\.stmcufinder\plugins\mcufinder
2026-08-22 12:55:09,114 [INFO] ApiDb:250 - Set database path to: C:\Users\LENOVO\.stmcufinder\plugins\mcufinder//mcu/
2026-08-22 12:55:09,114 [WARN] DbFile:41 - Overriding database path with different value: C:\Users\LENOVO\.stmcufinder\plugins\mcufinder/ => C:\Users\LENOVO\.stmcufinder\plugins\mcufinder
2026-08-22 12:55:09,114 [INFO] DbMcusAds:125 - Set database path to: C:\Users\LENOVO\.stmcufinder\plugins\mcufinder//mcu/
2026-08-22 12:55:09,114 [WARN] DbFile:41 - Overriding database path with different value: C:\Users\LENOVO\.stmcufinder\plugins\mcufinder/ => C:\Users\LENOVO\.stmcufinder\plugins\mcufinder
2026-08-22 12:55:09,114 [WARN] DbFile:41 - Overriding database path with different value: C:\Users\LENOVO\.stmcufinder\plugins\mcufinder/ => C:\Users\LENOVO\.stmcufinder\plugins\mcufinder
2026-08-22 12:55:09,114 [INFO] CrossReferenceDbSqlite:203 - Set database path to: C:\Users\LENOVO\.stmcufinder\plugins\mcufinder//mcu/cs/
2026-08-22 12:55:09,172 [INFO] MainPanel:274 - HeapMemory: 268435456
2026-08-22 12:55:09,238 [INFO] DbMcusXml:78 - Set database path to: D:\STM32CubeIDE_1.19.0\STM32CubeIDE\plugins\com.st.stm32cube.common.mx_6.15.0.202507011659\\db\/mcu/
2026-08-22 12:55:09,238 [INFO] ApiDb:274 - Set plugin database path to: D:\STM32CubeIDE_1.19.0\STM32CubeIDE\plugins\com.st.stm32cube.common.mx_6.15.0.202507011659\\db\/plugins/boardmanager/
2026-08-22 12:55:09,238 [INFO] ApiDb:261 - Set plugin images path to: D:\STM32CubeIDE_1.19.0\STM32CubeIDE\plugins\com.st.stm32cube.common.mx_6.15.0.202507011659\\db\/plugins/mcufinder/images/
2026-08-22 12:55:09,238 [WARN] DbFile:41 - Overriding database path with different value: C:\Users\LENOVO\.stmcufinder\plugins\mcufinder/ => C:\Users\LENOVO\.stmcufinder\plugins\mcufinder
2026-08-22 12:55:09,238 [INFO] ApiDb:250 - Set database path to: C:\Users\LENOVO\.stmcufinder\plugins\mcufinder//mcu/
2026-08-22 12:55:09,238 [WARN] DbFile:41 - Overriding database path with different value: C:\Users\LENOVO\.stmcufinder\plugins\mcufinder/ => C:\Users\LENOVO\.stmcufinder\plugins\mcufinder
2026-08-22 12:55:09,238 [INFO] DbMcusAds:125 - Set database path to: C:\Users\LENOVO\.stmcufinder\plugins\mcufinder//mcu/
2026-08-22 12:55:09,238 [WARN] DbFile:41 - Overriding database path with different value: C:\Users\LENOVO\.stmcufinder\plugins\mcufinder/ => C:\Users\LENOVO\.stmcufinder\plugins\mcufinder
2026-08-22 12:55:09,238 [WARN] DbFile:41 - Overriding database path with different value: C:\Users\LENOVO\.stmcufinder\plugins\mcufinder/ => C:\Users\LENOVO\.stmcufinder\plugins\mcufinder
2026-08-22 12:55:09,238 [INFO] CrossReferenceDbSqlite:203 - Set database path to: C:\Users\LENOVO\.stmcufinder\plugins\mcufinder//mcu/cs/
2026-08-22 12:55:09,252 [INFO] ApplicationProperties:184 - Using Application install path: D:\STM32CubeIDE_1.19.0\STM32CubeIDE\plugins\com.st.stm32cube.common.mx_6.15.0.202507011659
2026-08-22 12:55:09,256 [INFO] PluginManage:196 - Search for loadable plugins [exclusion list=, ]
2026-08-22 12:55:09,256 [INFO] PluginManage:310 - Check plugin analytics
2026-08-22 12:55:09,390 [INFO] AnalyticsPlugin:253 - Accepted Software Licenses: 
2026-08-22 12:55:09,390 [INFO] AnalyticsPlugin:255 - Accepted CMSIS Pack Licenses: 
2026-08-22 12:55:09,390 [INFO] AnalyticsPlugin:257 - Accepted Firmware Licenses: FW.G0.1.6.0,FW.F4.1.28.0
2026-08-22 12:55:09,390 [INFO] PluginManage:359 - Loaded plugin analytics (category:tool,tabindex:-1)
2026-08-22 12:55:09,390 [INFO] PluginManage:310 - Check plugin cadmodel
2026-08-22 12:55:09,390 [INFO] CADModel:105 - Init CAD model plugin
2026-08-22 12:55:09,390 [INFO] PluginManage:359 - Loaded plugin cadmodel (category:power,tabindex:5)
2026-08-22 12:55:09,390 [INFO] PluginManage:310 - Check plugin clock
2026-08-22 12:55:09,398 [INFO] PluginManage:359 - Loaded plugin clock (category:base,tabindex:2)
2026-08-22 12:55:09,398 [INFO] PluginManage:310 - Check plugin ddr
2026-08-22 12:55:09,404 [INFO] PluginManage:359 - Loaded plugin ddr (category:tool,tabindex:6)
2026-08-22 12:55:09,404 [INFO] PluginManage:310 - Check plugin filemanager
2026-08-22 12:55:09,552 [INFO] PluginManage:359 - Loaded plugin filemanager (category:base,tabindex:10)
2026-08-22 12:55:09,552 [INFO] PluginManage:310 - Check plugin ipmanager
2026-08-22 12:55:09,562 [INFO] PluginManage:359 - Loaded plugin ipmanager (category:base,tabindex:5)
2026-08-22 12:55:09,562 [INFO] PluginManage:310 - Check plugin lpbam
2026-08-22 12:55:09,567 [INFO] PluginManage:359 - Loaded plugin lpbam (category:base,tabindex:0)
2026-08-22 12:55:09,567 [INFO] PluginManage:310 - Check plugin memorymap
2026-08-22 12:55:09,569 [INFO] PluginManage:359 - Loaded plugin memorymap (category:base,tabindex:4)
2026-08-22 12:55:09,569 [INFO] PluginManage:310 - Check plugin pinoutandconfiguration
2026-08-22 12:55:09,583 [INFO] PluginManage:359 - Loaded plugin pinoutandconfiguration (category:base,tabindex:1)
2026-08-22 12:55:09,583 [INFO] PluginManage:310 - Check plugin pinoutconfig
2026-08-22 12:55:09,658 [WARN] SupportedApi:132 - Cannot load RTOS API schema: s4s-elt-must-match.1: The content of 'definitions' must match (annotation?, (simpleType | complexType)?, (unique | key | keyref)*)). A problem was found starting at: attribute.
2026-08-22 12:55:09,751 [INFO] PluginManage:359 - Loaded plugin pinoutconfig (category:base,tabindex:0)
2026-08-22 12:55:09,751 [INFO] PluginManage:310 - Check plugin power
2026-08-22 12:55:09,760 [INFO] PluginManage:359 - Loaded plugin power (category:power,tabindex:4)
2026-08-22 12:55:09,760 [INFO] PluginManage:310 - Check plugin projectmanager
2026-08-22 12:55:09,774 [INFO] PluginManage:359 - Loaded plugin projectmanager (category:projectmanager,tabindex:4)
2026-08-22 12:55:09,776 [INFO] PluginManage:310 - Check plugin rif
2026-08-22 12:55:09,780 [INFO] PluginManage:359 - Loaded plugin rif (category:base,tabindex:3)
2026-08-22 12:55:09,783 [INFO] PluginManage:310 - Check plugin thirdparty
2026-08-22 12:55:09,879 [INFO] PluginManage:359 - Loaded plugin thirdparty (category:base,tabindex:-1)
2026-08-22 12:55:09,879 [WARN] IntegrityCheckThread:84 - waiting for thirdparty lock release [integrity check]
2026-08-22 12:55:09,881 [INFO] IntegrityCheckThread:86 - entering critical section [integrity check]
2026-08-22 12:55:09,881 [INFO] ThirdPartyUpdaterWithRetryManager:70 - Updater plugin not ready yet. [1/15]
2026-08-22 12:55:09,879 [INFO] PluginManage:310 - Check plugin tools
2026-08-22 12:55:09,881 [INFO] PluginManage:359 - Loaded plugin tools (category:base,tabindex:7)
2026-08-22 12:55:09,881 [INFO] PluginManage:310 - Check plugin tutovideos
2026-08-22 12:55:10,024 [INFO] PluginManage:359 - Loaded plugin tutovideos (category:base,tabindex:-1)
2026-08-22 12:55:10,024 [INFO] PluginManage:310 - Check plugin updater
2026-08-22 12:55:10,042 [INFO] PluginManage:359 - Loaded plugin updater (category:base,tabindex:12)
2026-08-22 12:55:10,042 [INFO] PluginManage:310 - Check plugin userauth
2026-08-22 12:55:10,046 [INFO] UserAuth:118 - Init User Auth plugin
2026-08-22 12:55:10,046 [INFO] PluginManage:359 - Loaded plugin userauth (category:base,tabindex:14)
2026-08-22 12:55:10,046 [INFO] PluginManage:283 - PluginManage : Loaded plugins [18]
2026-08-22 12:55:10,237 [INFO] PinOutPanel:1589 - setPackage(No Configuration,No Configuration)
2026-08-22 12:55:10,300 [INFO] CADModel:165 - CPN selected for project level
2026-08-22 12:55:10,309 [INFO] CADModel:114 - Register for checkConnection events
2026-08-22 12:55:10,318 [INFO] IPUIPlugin:80 - create IPUIPlugin
2026-08-22 12:55:10,318 [INFO] PluginManager:220 - loadIPPluginJar : add adc
2026-08-22 12:55:10,326 [INFO] IPUIPlugin:80 - create IPUIPlugin
2026-08-22 12:55:10,326 [INFO] PluginManager:220 - loadIPPluginJar : add aes
2026-08-22 12:55:10,326 [INFO] IPUIPlugin:80 - create IPUIPlugin
2026-08-22 12:55:10,326 [INFO] PluginManager:220 - loadIPPluginJar : add can
2026-08-22 12:55:10,330 [INFO] IPUIPlugin:80 - create IPUIPlugin
2026-08-22 12:55:10,330 [INFO] PluginManager:220 - loadIPPluginJar : add comp
2026-08-22 12:55:10,332 [INFO] IPUIPlugin:80 - create IPUIPlugin
2026-08-22 12:55:10,332 [INFO] PluginManager:220 - loadIPPluginJar : add cryp
2026-08-22 12:55:10,332 [INFO] IPUIPlugin:80 - create IPUIPlugin
2026-08-22 12:55:10,332 [INFO] PluginManager:220 - loadIPPluginJar : add ddr_ctrl_phy
2026-08-22 12:55:10,336 [INFO] IPUIPlugin:80 - create IPUIPlugin
2026-08-22 12:55:10,336 [INFO] PluginManager:220 - loadIPPluginJar : add dfsdm
2026-08-22 12:55:10,336 [INFO] IPUIPlugin:80 - create IPUIPlugin
2026-08-22 12:55:10,336 [INFO] PluginManager:220 - loadIPPluginJar : add dma
2026-08-22 12:55:10,343 [INFO] IPUIPlugin:80 - create IPUIPlugin
2026-08-22 12:55:10,343 [INFO] PluginManager:220 - loadIPPluginJar : add dma3
2026-08-22 12:55:10,346 [INFO] IPUIPlugin:80 - create IPUIPlugin
2026-08-22 12:55:10,346 [INFO] PluginManager:220 - loadIPPluginJar : add extmemmanager
2026-08-22 12:55:10,346 [INFO] IPUIPlugin:80 - create IPUIPlugin
2026-08-22 12:55:10,348 [INFO] PluginManager:220 - loadIPPluginJar : add fatfs
2026-08-22 12:55:10,350 [INFO] IPUIPlugin:80 - create IPUIPlugin
2026-08-22 12:55:10,350 [INFO] PluginManager:220 - loadIPPluginJar : add fmc
2026-08-22 12:55:10,356 [INFO] IPUIPlugin:80 - create IPUIPlugin
2026-08-22 12:55:10,356 [INFO] PluginManager:220 - loadIPPluginJar : add freertos
2026-08-22 12:55:10,356 [INFO] IPUIPlugin:80 - create IPUIPlugin
2026-08-22 12:55:10,356 [INFO] PluginManager:220 - loadIPPluginJar : add genericplugin
2026-08-22 12:55:10,358 [INFO] IPUIPlugin:80 - create IPUIPlugin
2026-08-22 12:55:10,358 [INFO] PluginManager:220 - loadIPPluginJar : add gfxmmu
2026-08-22 12:55:10,363 [INFO] IPUIPlugin:80 - create IPUIPlugin
2026-08-22 12:55:10,363 [INFO] PluginManager:220 - loadIPPluginJar : add gic
2026-08-22 12:55:10,364 [INFO] IPUIPlugin:80 - create IPUIPlugin
2026-08-22 12:55:10,364 [INFO] PluginManager:220 - loadIPPluginJar : add gpio
2026-08-22 12:55:10,364 [INFO] IPUIPlugin:80 - create IPUIPlugin
2026-08-22 12:55:10,364 [INFO] PluginManager:220 - loadIPPluginJar : add gtzc
2026-08-22 12:55:10,364 [INFO] IPUIPlugin:80 - create IPUIPlugin
2026-08-22 12:55:10,364 [INFO] PluginManager:220 - loadIPPluginJar : add hash
2026-08-22 12:55:10,364 [INFO] IPUIPlugin:80 - create IPUIPlugin
2026-08-22 12:55:10,364 [INFO] PluginManager:220 - loadIPPluginJar : add i2c
2026-08-22 12:55:10,373 [INFO] IPUIPlugin:80 - create IPUIPlugin
2026-08-22 12:55:10,373 [INFO] PluginManager:220 - loadIPPluginJar : add i2s
2026-08-22 12:55:10,377 [INFO] IPUIPlugin:80 - create IPUIPlugin
2026-08-22 12:55:10,377 [INFO] PluginManager:220 - loadIPPluginJar : add i3c
2026-08-22 12:55:10,379 [INFO] IPUIPlugin:80 - create IPUIPlugin
2026-08-22 12:55:10,379 [INFO] PluginManager:220 - loadIPPluginJar : add ipddr
2026-08-22 12:55:10,379 [INFO] IPUIPlugin:80 - create IPUIPlugin
2026-08-22 12:55:10,379 [INFO] PluginManager:220 - loadIPPluginJar : add linkedlist
2026-08-22 12:55:10,379 [INFO] IPUIPlugin:80 - create IPUIPlugin
2026-08-22 12:55:10,379 [INFO] PluginManager:220 - loadIPPluginJar : add lorawan
2026-08-22 12:55:10,379 [INFO] IPUIPlugin:80 - create IPUIPlugin
2026-08-22 12:55:10,379 [INFO] PluginManager:220 - loadIPPluginJar : add ltdc
2026-08-22 12:55:10,396 [INFO] IPUIPlugin:80 - create IPUIPlugin
2026-08-22 12:55:10,396 [INFO] PluginManager:220 - loadIPPluginJar : add mdma
2026-08-22 12:55:10,398 [INFO] IPUIPlugin:80 - create IPUIPlugin
2026-08-22 12:55:10,398 [INFO] PluginManager:220 - loadIPPluginJar : add nvic
2026-08-22 12:55:10,400 [INFO] IPUIPlugin:80 - create IPUIPlugin
2026-08-22 12:55:10,402 [INFO] PluginManager:220 - loadIPPluginJar : add opamp
2026-08-22 12:55:10,402 [INFO] IPUIPlugin:80 - create IPUIPlugin
2026-08-22 12:55:10,402 [INFO] PluginManager:220 - loadIPPluginJar : add openamp
2026-08-22 12:55:10,402 [INFO] IPUIPlugin:80 - create IPUIPlugin
2026-08-22 12:55:10,402 [INFO] PluginManager:220 - loadIPPluginJar : add pdm2pcm
2026-08-22 12:55:10,411 [INFO] IPUIPlugin:80 - create IPUIPlugin
2026-08-22 12:55:10,413 [INFO] PluginManager:220 - loadIPPluginJar : add plateformsettings
2026-08-22 12:55:10,415 [INFO] IPUIPlugin:80 - create IPUIPlugin
2026-08-22 12:55:10,415 [INFO] PluginManager:220 - loadIPPluginJar : add quadspi
2026-08-22 12:55:10,415 [INFO] IPUIPlugin:80 - create IPUIPlugin
2026-08-22 12:55:10,415 [INFO] PluginManager:220 - loadIPPluginJar : add radio
2026-08-22 12:55:10,415 [INFO] IPUIPlugin:80 - create IPUIPlugin
2026-08-22 12:55:10,420 [INFO] PluginManager:220 - loadIPPluginJar : add resmgrutility
2026-08-22 12:55:10,420 [INFO] IPUIPlugin:80 - create IPUIPlugin
2026-08-22 12:55:10,420 [INFO] PluginManager:220 - loadIPPluginJar : add sai
2026-08-22 12:55:10,420 [INFO] IPUIPlugin:80 - create IPUIPlugin
2026-08-22 12:55:10,420 [INFO] PluginManager:220 - loadIPPluginJar : add spi
2026-08-22 12:55:10,427 [INFO] IPUIPlugin:80 - create IPUIPlugin
2026-08-22 12:55:10,427 [INFO] PluginManager:220 - loadIPPluginJar : add stm32_wpan
2026-08-22 12:55:10,427 [INFO] IPUIPlugin:80 - create IPUIPlugin
2026-08-22 12:55:10,427 [INFO] PluginManager:220 - loadIPPluginJar : add tim
2026-08-22 12:55:10,433 [INFO] IPUIPlugin:80 - create IPUIPlugin
2026-08-22 12:55:10,433 [INFO] PluginManager:220 - loadIPPluginJar : add touchsensing
2026-08-22 12:55:10,435 [INFO] IPUIPlugin:80 - create IPUIPlugin
2026-08-22 12:55:10,435 [INFO] PluginManager:220 - loadIPPluginJar : add tracer_emb
2026-08-22 12:55:10,437 [INFO] IPUIPlugin:80 - create IPUIPlugin
2026-08-22 12:55:10,437 [INFO] PluginManager:220 - loadIPPluginJar : add ts
2026-08-22 12:55:10,437 [INFO] IPUIPlugin:80 - create IPUIPlugin
2026-08-22 12:55:10,437 [INFO] PluginManager:220 - loadIPPluginJar : add tsc
2026-08-22 12:55:10,439 [INFO] IPUIPlugin:80 - create IPUIPlugin
2026-08-22 12:55:10,439 [INFO] PluginManager:220 - loadIPPluginJar : add ucpd
2026-08-22 12:55:10,441 [INFO] IPUIPlugin:80 - create IPUIPlugin
2026-08-22 12:55:10,441 [INFO] PluginManager:220 - loadIPPluginJar : add usart
2026-08-22 12:55:10,445 [INFO] IPUIPlugin:80 - create IPUIPlugin
2026-08-22 12:55:10,447 [INFO] PluginManager:220 - loadIPPluginJar : add usbx
2026-08-22 12:55:10,587 [FATAL] Updater:351 - Updater called before beeing initialized
2026-08-22 12:55:10,617 [INFO] RulesReader:64 - Compatibility file has been processed (317 Rules)
2026-08-22 12:55:10,625 [INFO] RulesReader:64 - Compatibility file has been processed (317 Rules)
2026-08-22 12:55:10,632 [INFO] CADModel:165 - CPN selected for project level
2026-08-22 12:55:10,632 [INFO] CADModel:114 - Register for checkConnection events
2026-08-22 12:55:10,632 [FATAL] Updater:351 - Updater called before beeing initialized
2026-08-22 12:55:10,632 [ERROR] CADModel:125 - Updater not yet initialized, retry later 
2026-08-22 12:55:10,767 [FATAL] Updater:351 - Updater called before beeing initialized
2026-08-22 12:55:10,770 [INFO] CADModel:165 - CPN selected for project level
2026-08-22 12:55:10,770 [INFO] CADModel:114 - Register for checkConnection events
2026-08-22 12:55:10,770 [FATAL] Updater:351 - Updater called before beeing initialized
2026-08-22 12:55:10,770 [ERROR] CADModel:125 - Updater not yet initialized, retry later 
2026-08-22 12:55:10,770 [FATAL] Updater:351 - Updater called before beeing initialized
2026-08-22 12:55:10,863 [FATAL] Updater:351 - Updater called before beeing initialized
2026-08-22 12:55:10,866 [INFO] DbMcusAds:53 - JSON generation date=Wed Jul 15 15:14:54 IST 2026 (1784108694001)
2026-08-22 12:55:10,866 [FATAL] Updater:351 - Updater called before beeing initialized
2026-08-22 12:55:10,880 [WARN] DetailPanel:346 - Failed to get advertising image, set to default
2026-08-22 12:55:10,959 [FATAL] Updater:351 - Updater called before beeing initialized
2026-08-22 12:55:10,959 [FATAL] Updater:351 - Updater called before beeing initialized
2026-08-22 12:55:10,959 [FATAL] Updater:351 - Updater called before beeing initialized
2026-08-22 12:55:10,959 [WARN] DetailPanel:346 - Failed to get advertising image, set to default
2026-08-22 12:55:10,959 [FATAL] Updater:351 - Updater called before beeing initialized
2026-08-22 12:55:10,998 [ERROR] Updater:1198 - MainUpdater not yet initialized. External WinMGr cannot be set.
2026-08-22 12:55:10,998 [INFO] Updater:1134 - Updater Version found : 6.15.0
2026-08-22 12:55:11,004 [INFO] ApplicationProperties:184 - Using Application install path: D:\STM32CubeIDE_1.19.0\STM32CubeIDE\plugins\com.st.stm32cube.common.mx_6.15.0.202507011659
2026-08-22 12:55:12,625 [ERROR] LogOutputStream:75 - [STDERR_REDIRECT] Aug 22, 2026 12:55:12 PM java.util.prefs.WindowsPreferences <init>
2026-08-22 12:55:12,625 [ERROR] LogOutputStream:75 - [STDERR_REDIRECT] WARNING: Could not open/create prefs root node Software\JavaSoft\Prefs at root 0xffffffff80000002. Windows RegCreateKeyEx(...) returned error code 5.
2026-08-22 12:55:12,625 [ERROR] LogOutputStream:75 - [STDERR_REDIRECT] 
2026-08-22 12:55:12,874 [INFO] MainUpdater:2872 - connection check result : 10
2026-08-22 12:55:12,874 [INFO] MainUpdater:289 - Updater Check For Update Now.
2026-08-22 12:55:12,877 [INFO] MicroXplorer:498 - Change Database Version : DB.6.0.150
2026-08-22 12:55:12,879 [INFO] McuFinderGlobals:63 - Set McuFinder mode to 2 (CubeIDE integrated)
2026-08-22 12:55:12,879 [INFO] UserAuth:487 - Internet connection configuration mode: 1
2026-08-22 12:55:12,886 [WARN] MainUpdater:1193 - Updater busy. Cannot search thirdparties
2026-08-22 12:55:12,886 [INFO] ThirdPartyUpdaterWithRetryManager:96 - Updater plugin is busy. [1/15]
2026-08-22 12:55:12,905 [INFO] JxBrowserEngine:152 - Initiate JxBrowser Engine with user profile folder
2026-08-22 12:55:13,041 [INFO] CheckServerUpdateThread:120 - End of CheckServer Thread
2026-08-22 12:55:13,533 [INFO] WebApp:169 - Instantiating new browser for Auth
2026-08-22 12:55:14,173 [INFO] WebApp:463 - Apply proxy settings
2026-08-22 12:55:14,173 [INFO] WebApp:548 - Chromium requires no authentication
2026-08-22 12:55:14,179 [INFO] WebApp:491 - Direct internet connection detected
2026-08-22 12:55:14,188 [INFO] WebApp:900 - Register for checkConnection events
2026-08-22 12:55:14,188 [INFO] WebApp:463 - Apply proxy settings
2026-08-22 12:55:14,188 [INFO] WebApp:548 - Chromium requires no authentication
2026-08-22 12:55:14,202 [INFO] WebApp:491 - Direct internet connection detected
2026-08-22 12:55:14,371 [INFO] WebApp:225 - Starting web application
2026-08-22 12:55:14,371 [INFO] WebApp:593 - Web application path used D:\STM32CubeIDE_1.19.0\STM32CubeIDE\plugins\com.st.stm32cube.common.mx_6.15.0.202507011659\db\plugins\mcufinder\reactClient1\index.html
2026-08-22 12:55:14,439 [INFO] UserAuth:487 - Internet connection configuration mode: 1
2026-08-22 12:55:14,521 [INFO] WebApp:191 - Connection restablished
2026-08-22 12:55:15,963 [WARN] PackLoader:240 - Cannot read IP mode file for STMicroelectronics.FP-ATR-ASTRA1.2.0.3
2026-08-22 12:55:15,968 [WARN] PackLoader:240 - Cannot read IP mode file for STMicroelectronics.FP-ATR-ASTRA1.2.0.2
2026-08-22 12:55:15,983 [WARN] PackLoader:240 - Cannot read IP mode file for STMicroelectronics.X-CUBE-BLEMGR.4.1.0
2026-08-22 12:55:16,029 [WARN] PackLoader:240 - Cannot read IP mode file for STMicroelectronics.X-CUBE-FREERTOS.1.6.0
2026-08-22 12:55:16,060 [WARN] PackLoader:240 - Cannot read IP mode file for STMicroelectronics.X-CUBE-AZRTOS-H7RS.1.3.0
2026-08-22 12:55:16,115 [WARN] PackLoader:240 - Cannot read IP mode file for STMicroelectronics.X-CUBE-MEMS1.13.0.0
2026-08-22 12:55:16,197 [WARN] PackLoader:240 - Cannot read IP mode file for STMicroelectronics.X-CUBE-FREERTOS.1.5.0
2026-08-22 12:55:16,202 [ERROR] Engine:466 - C:\Users\LENOVO\.stm32cubemx\thirdparties\pdsc\STMicroelectronics.X-CUBE-BLEMGR.4.2.0.pdsc: PDSC version is not supported
2026-08-22 12:55:16,204 [ERROR] Engine:466 - C:\Users\LENOVO\.stm32cubemx\thirdparties\pdsc\STMicroelectronics.X-CUBE-WBA.1.1.0.pdsc: PDSC version is not supported
2026-08-22 12:55:16,208 [WARN] PackLoader:240 - Cannot read IP mode file for STMicroelectronics.X-CUBE-AI.10.2.1
2026-08-22 12:55:16,235 [WARN] PackLoader:240 - Cannot read IP mode file for STMicroelectronics.X-CUBE-MEMS1.12.1.0
2026-08-22 12:55:16,309 [WARN] PackLoader:240 - Cannot read IP mode file for STMicroelectronics.X-CUBE-AZRTOS-H7RS.1.2.0
2026-08-22 12:55:16,312 [INFO] ThirdParty:978 - Integrity check success = true
2026-08-22 12:55:16,312 [INFO] IntegrityCheckThread:100 - exiting critical section [integrity check]
2026-08-22 12:55:16,312 [INFO] IntegrityCheckThread:103 - End integrity checks thread
2026-08-22 13:01:35,881 [INFO] Activator:176 - 


2026-08-22 13:01:35,883 [INFO] Activator:177 - !SESSION log4j initialized
2026-08-22 13:01:39,887 [INFO] LogOutputStream:77 - [STDOUT_REDIRECT] 
2026-08-22 13:01:40,499 [INFO] ApplicationProperties:184 - Using Application install path: D:\STM32CubeIDE_1.19.0\STM32CubeIDE\plugins\com.st.stm32cube.common.mx_6.15.0.202507011659
2026-08-22 13:01:40,512 [INFO] DbMcusXml:78 - Set database path to: D:\STM32CubeIDE_1.19.0\STM32CubeIDE\plugins\com.st.stm32cube.common.mx_6.15.0.202507011659\\db\/mcu/
2026-08-22 13:01:40,513 [INFO] ApiDb:274 - Set plugin database path to: D:\STM32CubeIDE_1.19.0\STM32CubeIDE\plugins\com.st.stm32cube.common.mx_6.15.0.202507011659\\db\/plugins/boardmanager/
2026-08-22 13:01:40,513 [WARN] ApiDb:259 - Overriding images path with different value:  => D:\STM32CubeIDE_1.19.0\STM32CubeIDE\plugins\com.st.stm32cube.common.mx_6.15.0.202507011659\\db\/plugins/mcufinder/images/
2026-08-22 13:01:40,516 [INFO] ApiDb:250 - Set database path to: C:\Users\LENOVO\.stmcufinder\plugins\mcufinder//mcu/
2026-08-22 13:01:40,517 [INFO] DbMcusAds:125 - Set database path to: C:\Users\LENOVO\.stmcufinder\plugins\mcufinder//mcu/
2026-08-22 13:01:40,518 [INFO] CrossReferenceDbSqlite:203 - Set database path to: C:\Users\LENOVO\.stmcufinder\plugins\mcufinder//mcu/cs/
2026-08-22 13:01:40,609 [INFO] RulesReader:64 - Compatibility file has been processed (317 Rules)
2026-08-22 13:01:40,712 [INFO] DbMcusXml:78 - Set database path to: D:\STM32CubeIDE_1.19.0\STM32CubeIDE\plugins\com.st.stm32cube.common.mx_6.15.0.202507011659\\db\/mcu/
2026-08-22 13:01:40,712 [INFO] ApiDb:274 - Set plugin database path to: D:\STM32CubeIDE_1.19.0\STM32CubeIDE\plugins\com.st.stm32cube.common.mx_6.15.0.202507011659\\db\/plugins/boardmanager/
2026-08-22 13:01:40,712 [INFO] ApiDb:261 - Set plugin images path to: D:\STM32CubeIDE_1.19.0\STM32CubeIDE\plugins\com.st.stm32cube.common.mx_6.15.0.202507011659\\db\/plugins/mcufinder/images/
2026-08-22 13:01:40,712 [WARN] DbFile:41 - Overriding database path with different value: C:\Users\LENOVO\.stmcufinder\plugins\mcufinder/ => C:\Users\LENOVO\.stmcufinder\plugins\mcufinder
2026-08-22 13:01:40,712 [INFO] ApiDb:250 - Set database path to: C:\Users\LENOVO\.stmcufinder\plugins\mcufinder//mcu/
2026-08-22 13:01:40,712 [WARN] DbFile:41 - Overriding database path with different value: C:\Users\LENOVO\.stmcufinder\plugins\mcufinder/ => C:\Users\LENOVO\.stmcufinder\plugins\mcufinder
2026-08-22 13:01:40,712 [INFO] DbMcusAds:125 - Set database path to: C:\Users\LENOVO\.stmcufinder\plugins\mcufinder//mcu/
2026-08-22 13:01:40,712 [WARN] DbFile:41 - Overriding database path with different value: C:\Users\LENOVO\.stmcufinder\plugins\mcufinder/ => C:\Users\LENOVO\.stmcufinder\plugins\mcufinder
2026-08-22 13:01:40,713 [WARN] DbFile:41 - Overriding database path with different value: C:\Users\LENOVO\.stmcufinder\plugins\mcufinder/ => C:\Users\LENOVO\.stmcufinder\plugins\mcufinder
2026-08-22 13:01:40,713 [INFO] CrossReferenceDbSqlite:203 - Set database path to: C:\Users\LENOVO\.stmcufinder\plugins\mcufinder//mcu/cs/
2026-08-22 13:01:40,774 [INFO] MainPanel:274 - HeapMemory: 268435456
2026-08-22 13:01:40,836 [INFO] DbMcusXml:78 - Set database path to: D:\STM32CubeIDE_1.19.0\STM32CubeIDE\plugins\com.st.stm32cube.common.mx_6.15.0.202507011659\\db\/mcu/
2026-08-22 13:01:40,837 [INFO] ApiDb:274 - Set plugin database path to: D:\STM32CubeIDE_1.19.0\STM32CubeIDE\plugins\com.st.stm32cube.common.mx_6.15.0.202507011659\\db\/plugins/boardmanager/
2026-08-22 13:01:40,837 [INFO] ApiDb:261 - Set plugin images path to: D:\STM32CubeIDE_1.19.0\STM32CubeIDE\plugins\com.st.stm32cube.common.mx_6.15.0.202507011659\\db\/plugins/mcufinder/images/
2026-08-22 13:01:40,837 [WARN] DbFile:41 - Overriding database path with different value: C:\Users\LENOVO\.stmcufinder\plugins\mcufinder/ => C:\Users\LENOVO\.stmcufinder\plugins\mcufinder
2026-08-22 13:01:40,837 [INFO] ApiDb:250 - Set database path to: C:\Users\LENOVO\.stmcufinder\plugins\mcufinder//mcu/
2026-08-22 13:01:40,837 [WARN] DbFile:41 - Overriding database path with different value: C:\Users\LENOVO\.stmcufinder\plugins\mcufinder/ => C:\Users\LENOVO\.stmcufinder\plugins\mcufinder
2026-08-22 13:01:40,837 [INFO] DbMcusAds:125 - Set database path to: C:\Users\LENOVO\.stmcufinder\plugins\mcufinder//mcu/
2026-08-22 13:01:40,837 [WARN] DbFile:41 - Overriding database path with different value: C:\Users\LENOVO\.stmcufinder\plugins\mcufinder/ => C:\Users\LENOVO\.stmcufinder\plugins\mcufinder
2026-08-22 13:01:40,837 [WARN] DbFile:41 - Overriding database path with different value: C:\Users\LENOVO\.stmcufinder\plugins\mcufinder/ => C:\Users\LENOVO\.stmcufinder\plugins\mcufinder
2026-08-22 13:01:40,837 [INFO] CrossReferenceDbSqlite:203 - Set database path to: C:\Users\LENOVO\.stmcufinder\plugins\mcufinder//mcu/cs/
2026-08-22 13:01:40,853 [INFO] ApplicationProperties:184 - Using Application install path: D:\STM32CubeIDE_1.19.0\STM32CubeIDE\plugins\com.st.stm32cube.common.mx_6.15.0.202507011659
2026-08-22 13:01:40,854 [INFO] PluginManage:196 - Search for loadable plugins [exclusion list=, ]
2026-08-22 13:01:40,855 [INFO] PluginManage:310 - Check plugin analytics
2026-08-22 13:01:40,983 [INFO] AnalyticsPlugin:253 - Accepted Software Licenses: 
2026-08-22 13:01:41,004 [INFO] AnalyticsPlugin:255 - Accepted CMSIS Pack Licenses: 
2026-08-22 13:01:41,004 [INFO] AnalyticsPlugin:257 - Accepted Firmware Licenses: FW.G0.1.6.0,FW.F4.1.28.0
2026-08-22 13:01:41,006 [INFO] PluginManage:359 - Loaded plugin analytics (category:tool,tabindex:-1)
2026-08-22 13:01:41,006 [INFO] PluginManage:310 - Check plugin cadmodel
2026-08-22 13:01:41,009 [INFO] CADModel:105 - Init CAD model plugin
2026-08-22 13:01:41,009 [INFO] PluginManage:359 - Loaded plugin cadmodel (category:power,tabindex:5)
2026-08-22 13:01:41,009 [INFO] PluginManage:310 - Check plugin clock
2026-08-22 13:01:41,015 [INFO] PluginManage:359 - Loaded plugin clock (category:base,tabindex:2)
2026-08-22 13:01:41,015 [INFO] PluginManage:310 - Check plugin ddr
2026-08-22 13:01:41,016 [INFO] PluginManage:359 - Loaded plugin ddr (category:tool,tabindex:6)
2026-08-22 13:01:41,016 [INFO] PluginManage:310 - Check plugin filemanager
2026-08-22 13:01:41,125 [INFO] PluginManage:359 - Loaded plugin filemanager (category:base,tabindex:10)
2026-08-22 13:01:41,125 [INFO] PluginManage:310 - Check plugin ipmanager
2026-08-22 13:01:41,131 [INFO] PluginManage:359 - Loaded plugin ipmanager (category:base,tabindex:5)
2026-08-22 13:01:41,131 [INFO] PluginManage:310 - Check plugin lpbam
2026-08-22 13:01:41,138 [INFO] PluginManage:359 - Loaded plugin lpbam (category:base,tabindex:0)
2026-08-22 13:01:41,138 [INFO] PluginManage:310 - Check plugin memorymap
2026-08-22 13:01:41,147 [INFO] PluginManage:359 - Loaded plugin memorymap (category:base,tabindex:4)
2026-08-22 13:01:41,147 [INFO] PluginManage:310 - Check plugin pinoutandconfiguration
2026-08-22 13:01:41,153 [INFO] PluginManage:359 - Loaded plugin pinoutandconfiguration (category:base,tabindex:1)
2026-08-22 13:01:41,153 [INFO] PluginManage:310 - Check plugin pinoutconfig
2026-08-22 13:01:41,252 [WARN] SupportedApi:132 - Cannot load RTOS API schema: s4s-elt-must-match.1: The content of 'definitions' must match (annotation?, (simpleType | complexType)?, (unique | key | keyref)*)). A problem was found starting at: attribute.
2026-08-22 13:01:41,358 [INFO] PluginManage:359 - Loaded plugin pinoutconfig (category:base,tabindex:0)
2026-08-22 13:01:41,358 [INFO] PluginManage:310 - Check plugin power
2026-08-22 13:01:41,364 [INFO] PluginManage:359 - Loaded plugin power (category:power,tabindex:4)
2026-08-22 13:01:41,364 [INFO] PluginManage:310 - Check plugin projectmanager
2026-08-22 13:01:41,379 [INFO] PluginManage:359 - Loaded plugin projectmanager (category:projectmanager,tabindex:4)
2026-08-22 13:01:41,379 [INFO] PluginManage:310 - Check plugin rif
2026-08-22 13:01:41,385 [INFO] PluginManage:359 - Loaded plugin rif (category:base,tabindex:3)
2026-08-22 13:01:41,385 [INFO] PluginManage:310 - Check plugin thirdparty
2026-08-22 13:01:41,487 [WARN] IntegrityCheckThread:84 - waiting for thirdparty lock release [integrity check]
2026-08-22 13:01:41,487 [INFO] IntegrityCheckThread:86 - entering critical section [integrity check]
2026-08-22 13:01:41,487 [INFO] PluginManage:359 - Loaded plugin thirdparty (category:base,tabindex:-1)
2026-08-22 13:01:41,487 [INFO] PluginManage:310 - Check plugin tools
2026-08-22 13:01:41,487 [INFO] ThirdPartyUpdaterWithRetryManager:70 - Updater plugin not ready yet. [1/15]
2026-08-22 13:01:41,490 [INFO] PluginManage:359 - Loaded plugin tools (category:base,tabindex:7)
2026-08-22 13:01:41,490 [INFO] PluginManage:310 - Check plugin tutovideos
2026-08-22 13:01:41,656 [INFO] PluginManage:359 - Loaded plugin tutovideos (category:base,tabindex:-1)
2026-08-22 13:01:41,656 [INFO] PluginManage:310 - Check plugin updater
2026-08-22 13:01:41,674 [INFO] PluginManage:359 - Loaded plugin updater (category:base,tabindex:12)
2026-08-22 13:01:41,674 [INFO] PluginManage:310 - Check plugin userauth
2026-08-22 13:01:41,678 [INFO] UserAuth:118 - Init User Auth plugin
2026-08-22 13:01:41,678 [INFO] PluginManage:359 - Loaded plugin userauth (category:base,tabindex:14)
2026-08-22 13:01:41,680 [INFO] PluginManage:283 - PluginManage : Loaded plugins [18]
2026-08-22 13:01:41,879 [INFO] PinOutPanel:1589 - setPackage(No Configuration,No Configuration)
2026-08-22 13:01:41,949 [INFO] CADModel:165 - CPN selected for project level
2026-08-22 13:01:41,950 [INFO] CADModel:114 - Register for checkConnection events
2026-08-22 13:01:41,964 [INFO] IPUIPlugin:80 - create IPUIPlugin
2026-08-22 13:01:41,964 [INFO] PluginManager:220 - loadIPPluginJar : add adc
2026-08-22 13:01:41,967 [INFO] IPUIPlugin:80 - create IPUIPlugin
2026-08-22 13:01:41,967 [INFO] PluginManager:220 - loadIPPluginJar : add aes
2026-08-22 13:01:41,969 [INFO] IPUIPlugin:80 - create IPUIPlugin
2026-08-22 13:01:41,969 [INFO] PluginManager:220 - loadIPPluginJar : add can
2026-08-22 13:01:41,970 [INFO] IPUIPlugin:80 - create IPUIPlugin
2026-08-22 13:01:41,970 [INFO] PluginManager:220 - loadIPPluginJar : add comp
2026-08-22 13:01:41,972 [INFO] IPUIPlugin:80 - create IPUIPlugin
2026-08-22 13:01:41,972 [INFO] PluginManager:220 - loadIPPluginJar : add cryp
2026-08-22 13:01:41,974 [INFO] IPUIPlugin:80 - create IPUIPlugin
2026-08-22 13:01:41,974 [INFO] PluginManager:220 - loadIPPluginJar : add ddr_ctrl_phy
2026-08-22 13:01:41,976 [INFO] IPUIPlugin:80 - create IPUIPlugin
2026-08-22 13:01:41,977 [INFO] PluginManager:220 - loadIPPluginJar : add dfsdm
2026-08-22 13:01:41,981 [INFO] IPUIPlugin:80 - create IPUIPlugin
2026-08-22 13:01:41,982 [INFO] PluginManager:220 - loadIPPluginJar : add dma
2026-08-22 13:01:41,984 [INFO] IPUIPlugin:80 - create IPUIPlugin
2026-08-22 13:01:41,984 [INFO] PluginManager:220 - loadIPPluginJar : add dma3
2026-08-22 13:01:41,986 [INFO] IPUIPlugin:80 - create IPUIPlugin
2026-08-22 13:01:41,987 [INFO] PluginManager:220 - loadIPPluginJar : add extmemmanager
2026-08-22 13:01:41,988 [INFO] IPUIPlugin:80 - create IPUIPlugin
2026-08-22 13:01:41,988 [INFO] PluginManager:220 - loadIPPluginJar : add fatfs
2026-08-22 13:01:41,991 [INFO] IPUIPlugin:80 - create IPUIPlugin
2026-08-22 13:01:41,991 [INFO] PluginManager:220 - loadIPPluginJar : add fmc
2026-08-22 13:01:41,998 [INFO] IPUIPlugin:80 - create IPUIPlugin
2026-08-22 13:01:41,998 [INFO] PluginManager:220 - loadIPPluginJar : add freertos
2026-08-22 13:01:41,999 [INFO] IPUIPlugin:80 - create IPUIPlugin
2026-08-22 13:01:41,999 [INFO] PluginManager:220 - loadIPPluginJar : add genericplugin
2026-08-22 13:01:42,001 [INFO] IPUIPlugin:80 - create IPUIPlugin
2026-08-22 13:01:42,001 [INFO] PluginManager:220 - loadIPPluginJar : add gfxmmu
2026-08-22 13:01:42,004 [INFO] IPUIPlugin:80 - create IPUIPlugin
2026-08-22 13:01:42,004 [INFO] PluginManager:220 - loadIPPluginJar : add gic
2026-08-22 13:01:42,008 [INFO] IPUIPlugin:80 - create IPUIPlugin
2026-08-22 13:01:42,008 [INFO] PluginManager:220 - loadIPPluginJar : add gpio
2026-08-22 13:01:42,012 [INFO] IPUIPlugin:80 - create IPUIPlugin
2026-08-22 13:01:42,012 [INFO] PluginManager:220 - loadIPPluginJar : add gtzc
2026-08-22 13:01:42,014 [INFO] IPUIPlugin:80 - create IPUIPlugin
2026-08-22 13:01:42,014 [INFO] PluginManager:220 - loadIPPluginJar : add hash
2026-08-22 13:01:42,015 [INFO] IPUIPlugin:80 - create IPUIPlugin
2026-08-22 13:01:42,016 [INFO] PluginManager:220 - loadIPPluginJar : add i2c
2026-08-22 13:01:42,017 [INFO] IPUIPlugin:80 - create IPUIPlugin
2026-08-22 13:01:42,017 [INFO] PluginManager:220 - loadIPPluginJar : add i2s
2026-08-22 13:01:42,019 [INFO] IPUIPlugin:80 - create IPUIPlugin
2026-08-22 13:01:42,019 [INFO] PluginManager:220 - loadIPPluginJar : add i3c
2026-08-22 13:01:42,022 [INFO] IPUIPlugin:80 - create IPUIPlugin
2026-08-22 13:01:42,022 [INFO] PluginManager:220 - loadIPPluginJar : add ipddr
2026-08-22 13:01:42,028 [INFO] IPUIPlugin:80 - create IPUIPlugin
2026-08-22 13:01:42,028 [INFO] PluginManager:220 - loadIPPluginJar : add linkedlist
2026-08-22 13:01:42,031 [INFO] IPUIPlugin:80 - create IPUIPlugin
2026-08-22 13:01:42,031 [INFO] PluginManager:220 - loadIPPluginJar : add lorawan
2026-08-22 13:01:42,032 [INFO] IPUIPlugin:80 - create IPUIPlugin
2026-08-22 13:01:42,032 [INFO] PluginManager:220 - loadIPPluginJar : add ltdc
2026-08-22 13:01:42,037 [INFO] IPUIPlugin:80 - create IPUIPlugin
2026-08-22 13:01:42,037 [INFO] PluginManager:220 - loadIPPluginJar : add mdma
2026-08-22 13:01:42,040 [INFO] IPUIPlugin:80 - create IPUIPlugin
2026-08-22 13:01:42,040 [INFO] PluginManager:220 - loadIPPluginJar : add nvic
2026-08-22 13:01:42,043 [INFO] IPUIPlugin:80 - create IPUIPlugin
2026-08-22 13:01:42,043 [INFO] PluginManager:220 - loadIPPluginJar : add opamp
2026-08-22 13:01:42,045 [INFO] IPUIPlugin:80 - create IPUIPlugin
2026-08-22 13:01:42,045 [INFO] PluginManager:220 - loadIPPluginJar : add openamp
2026-08-22 13:01:42,047 [INFO] IPUIPlugin:80 - create IPUIPlugin
2026-08-22 13:01:42,048 [INFO] PluginManager:220 - loadIPPluginJar : add pdm2pcm
2026-08-22 13:01:42,052 [INFO] IPUIPlugin:80 - create IPUIPlugin
2026-08-22 13:01:42,054 [INFO] PluginManager:220 - loadIPPluginJar : add plateformsettings
2026-08-22 13:01:42,056 [INFO] IPUIPlugin:80 - create IPUIPlugin
2026-08-22 13:01:42,056 [INFO] PluginManager:220 - loadIPPluginJar : add quadspi
2026-08-22 13:01:42,057 [INFO] IPUIPlugin:80 - create IPUIPlugin
2026-08-22 13:01:42,058 [INFO] PluginManager:220 - loadIPPluginJar : add radio
2026-08-22 13:01:42,061 [INFO] IPUIPlugin:80 - create IPUIPlugin
2026-08-22 13:01:42,061 [INFO] PluginManager:220 - loadIPPluginJar : add resmgrutility
2026-08-22 13:01:42,063 [INFO] IPUIPlugin:80 - create IPUIPlugin
2026-08-22 13:01:42,063 [INFO] PluginManager:220 - loadIPPluginJar : add sai
2026-08-22 13:01:42,065 [INFO] IPUIPlugin:80 - create IPUIPlugin
2026-08-22 13:01:42,065 [INFO] PluginManager:220 - loadIPPluginJar : add spi
2026-08-22 13:01:42,071 [INFO] IPUIPlugin:80 - create IPUIPlugin
2026-08-22 13:01:42,071 [INFO] PluginManager:220 - loadIPPluginJar : add stm32_wpan
2026-08-22 13:01:42,072 [INFO] IPUIPlugin:80 - create IPUIPlugin
2026-08-22 13:01:42,073 [INFO] PluginManager:220 - loadIPPluginJar : add tim
2026-08-22 13:01:42,076 [INFO] IPUIPlugin:80 - create IPUIPlugin
2026-08-22 13:01:42,076 [INFO] PluginManager:220 - loadIPPluginJar : add touchsensing
2026-08-22 13:01:42,078 [INFO] IPUIPlugin:80 - create IPUIPlugin
2026-08-22 13:01:42,078 [INFO] PluginManager:220 - loadIPPluginJar : add tracer_emb
2026-08-22 13:01:42,079 [INFO] IPUIPlugin:80 - create IPUIPlugin
2026-08-22 13:01:42,079 [INFO] PluginManager:220 - loadIPPluginJar : add ts
2026-08-22 13:01:42,081 [INFO] IPUIPlugin:80 - create IPUIPlugin
2026-08-22 13:01:42,081 [INFO] PluginManager:220 - loadIPPluginJar : add tsc
2026-08-22 13:01:42,082 [INFO] IPUIPlugin:80 - create IPUIPlugin
2026-08-22 13:01:42,082 [INFO] PluginManager:220 - loadIPPluginJar : add ucpd
2026-08-22 13:01:42,085 [INFO] IPUIPlugin:80 - create IPUIPlugin
2026-08-22 13:01:42,085 [INFO] PluginManager:220 - loadIPPluginJar : add usart
2026-08-22 13:01:42,087 [INFO] IPUIPlugin:80 - create IPUIPlugin
2026-08-22 13:01:42,088 [INFO] PluginManager:220 - loadIPPluginJar : add usbx
2026-08-22 13:01:42,201 [FATAL] Updater:351 - Updater called before beeing initialized
2026-08-22 13:01:42,223 [INFO] RulesReader:64 - Compatibility file has been processed (317 Rules)
2026-08-22 13:01:42,231 [INFO] RulesReader:64 - Compatibility file has been processed (317 Rules)
2026-08-22 13:01:42,238 [INFO] CADModel:165 - CPN selected for project level
2026-08-22 13:01:42,238 [INFO] CADModel:114 - Register for checkConnection events
2026-08-22 13:01:42,238 [FATAL] Updater:351 - Updater called before beeing initialized
2026-08-22 13:01:42,238 [ERROR] CADModel:125 - Updater not yet initialized, retry later 
2026-08-22 13:01:42,357 [FATAL] Updater:351 - Updater called before beeing initialized
2026-08-22 13:01:42,358 [INFO] CADModel:165 - CPN selected for project level
2026-08-22 13:01:42,358 [INFO] CADModel:114 - Register for checkConnection events
2026-08-22 13:01:42,358 [FATAL] Updater:351 - Updater called before beeing initialized
2026-08-22 13:01:42,358 [ERROR] CADModel:125 - Updater not yet initialized, retry later 
2026-08-22 13:01:42,361 [FATAL] Updater:351 - Updater called before beeing initialized
2026-08-22 13:01:42,444 [FATAL] Updater:351 - Updater called before beeing initialized
2026-08-22 13:01:42,447 [INFO] DbMcusAds:53 - JSON generation date=Wed Jul 15 15:14:54 IST 2026 (1784108694001)
2026-08-22 13:01:42,447 [FATAL] Updater:351 - Updater called before beeing initialized
2026-08-22 13:01:42,483 [WARN] DetailPanel:346 - Failed to get advertising image, set to default
2026-08-22 13:01:42,576 [FATAL] Updater:351 - Updater called before beeing initialized
2026-08-22 13:01:42,578 [FATAL] Updater:351 - Updater called before beeing initialized
2026-08-22 13:01:42,578 [FATAL] Updater:351 - Updater called before beeing initialized
2026-08-22 13:01:42,578 [WARN] DetailPanel:346 - Failed to get advertising image, set to default
2026-08-22 13:01:42,579 [FATAL] Updater:351 - Updater called before beeing initialized
2026-08-22 13:01:42,613 [ERROR] Updater:1198 - MainUpdater not yet initialized. External WinMGr cannot be set.
2026-08-22 13:01:42,615 [INFO] Updater:1134 - Updater Version found : 6.15.0
2026-08-22 13:01:42,628 [INFO] ApplicationProperties:184 - Using Application install path: D:\STM32CubeIDE_1.19.0\STM32CubeIDE\plugins\com.st.stm32cube.common.mx_6.15.0.202507011659
2026-08-22 13:01:44,202 [ERROR] LogOutputStream:75 - [STDERR_REDIRECT] Aug 22, 2026 1:01:44 PM java.util.prefs.WindowsPreferences <init>
2026-08-22 13:01:44,203 [ERROR] LogOutputStream:75 - [STDERR_REDIRECT] WARNING: Could not open/create prefs root node Software\JavaSoft\Prefs at root 0xffffffff80000002. Windows RegCreateKeyEx(...) returned error code 5.
2026-08-22 13:01:44,203 [ERROR] LogOutputStream:75 - [STDERR_REDIRECT] 
2026-08-22 13:01:44,406 [INFO] MainUpdater:2872 - connection check result : 10
2026-08-22 13:01:44,407 [INFO] MainUpdater:289 - Updater Check For Update Now.
2026-08-22 13:01:44,407 [INFO] MicroXplorer:498 - Change Database Version : DB.6.0.150
2026-08-22 13:01:44,410 [INFO] McuFinderGlobals:63 - Set McuFinder mode to 2 (CubeIDE integrated)
2026-08-22 13:01:44,412 [INFO] UserAuth:487 - Internet connection configuration mode: 1
2026-08-22 13:01:44,440 [INFO] JxBrowserEngine:152 - Initiate JxBrowser Engine with user profile folder
2026-08-22 13:01:44,489 [WARN] MainUpdater:1193 - Updater busy. Cannot search thirdparties
2026-08-22 13:01:44,489 [INFO] ThirdPartyUpdaterWithRetryManager:96 - Updater plugin is busy. [1/15]
2026-08-22 13:01:44,569 [INFO] CheckServerUpdateThread:120 - End of CheckServer Thread
2026-08-22 13:01:45,028 [INFO] WebApp:169 - Instantiating new browser for Auth
2026-08-22 13:01:45,632 [INFO] WebApp:463 - Apply proxy settings
2026-08-22 13:01:45,632 [INFO] WebApp:548 - Chromium requires no authentication
2026-08-22 13:01:45,638 [INFO] WebApp:491 - Direct internet connection detected
2026-08-22 13:01:45,653 [INFO] WebApp:900 - Register for checkConnection events
2026-08-22 13:01:45,653 [INFO] WebApp:463 - Apply proxy settings
2026-08-22 13:01:45,653 [INFO] WebApp:548 - Chromium requires no authentication
2026-08-22 13:01:45,655 [INFO] WebApp:491 - Direct internet connection detected
2026-08-22 13:01:45,781 [INFO] WebApp:225 - Starting web application
2026-08-22 13:01:45,781 [INFO] WebApp:593 - Web application path used D:\STM32CubeIDE_1.19.0\STM32CubeIDE\plugins\com.st.stm32cube.common.mx_6.15.0.202507011659\db\plugins\mcufinder\reactClient1\index.html
2026-08-22 13:01:45,850 [INFO] UserAuth:487 - Internet connection configuration mode: 1
2026-08-22 13:01:45,980 [INFO] WebApp:191 - Connection restablished
2026-08-22 13:01:47,581 [WARN] PackLoader:240 - Cannot read IP mode file for STMicroelectronics.FP-ATR-ASTRA1.2.0.3
2026-08-22 13:01:47,585 [WARN] PackLoader:240 - Cannot read IP mode file for STMicroelectronics.FP-ATR-ASTRA1.2.0.2
2026-08-22 13:01:47,603 [WARN] PackLoader:240 - Cannot read IP mode file for STMicroelectronics.X-CUBE-BLEMGR.4.1.0
2026-08-22 13:01:47,623 [WARN] PackLoader:240 - Cannot read IP mode file for STMicroelectronics.X-CUBE-FREERTOS.1.6.0
2026-08-22 13:01:47,651 [WARN] PackLoader:240 - Cannot read IP mode file for STMicroelectronics.X-CUBE-AZRTOS-H7RS.1.3.0
2026-08-22 13:01:47,694 [WARN] PackLoader:240 - Cannot read IP mode file for STMicroelectronics.X-CUBE-MEMS1.13.0.0
2026-08-22 13:01:47,755 [WARN] PackLoader:240 - Cannot read IP mode file for STMicroelectronics.X-CUBE-FREERTOS.1.5.0
2026-08-22 13:01:47,758 [ERROR] Engine:466 - C:\Users\LENOVO\.stm32cubemx\thirdparties\pdsc\STMicroelectronics.X-CUBE-BLEMGR.4.2.0.pdsc: PDSC version is not supported
2026-08-22 13:01:47,760 [ERROR] Engine:466 - C:\Users\LENOVO\.stm32cubemx\thirdparties\pdsc\STMicroelectronics.X-CUBE-WBA.1.1.0.pdsc: PDSC version is not supported
2026-08-22 13:01:47,764 [WARN] PackLoader:240 - Cannot read IP mode file for STMicroelectronics.X-CUBE-AI.10.2.1
2026-08-22 13:01:47,799 [WARN] PackLoader:240 - Cannot read IP mode file for STMicroelectronics.X-CUBE-MEMS1.12.1.0
2026-08-22 13:01:47,863 [WARN] PackLoader:240 - Cannot read IP mode file for STMicroelectronics.X-CUBE-AZRTOS-H7RS.1.2.0
2026-08-22 13:01:47,865 [INFO] ThirdParty:978 - Integrity check success = true
2026-08-22 13:01:47,865 [INFO] IntegrityCheckThread:100 - exiting critical section [integrity check]
2026-08-22 13:01:47,865 [INFO] IntegrityCheckThread:103 - End integrity checks thread
2026-08-22 14:35:56,560 [INFO] WebApp:194 - Connection lost
2026-08-22 14:37:06,357 [INFO] WebApp:191 - Connection restablished
2026-08-22 14:37:06,902 [INFO] WebApp:194 - Connection lost
2026-08-22 14:37:07,642 [INFO] WebApp:191 - Connection restablished
2026-08-22 14:38:28,832 [INFO] WebApp:194 - Connection lost
2026-08-22 14:38:29,262 [INFO] WebApp:191 - Connection restablished
2026-08-22 14:38:41,757 [INFO] WebApp:194 - Connection lost
2026-08-22 14:38:41,968 [INFO] WebApp:191 - Connection restablished
2026-08-22 15:01:04,627 [INFO] WebApp:194 - Connection lost
2026-08-22 15:01:05,183 [INFO] WebApp:191 - Connection restablished
2026-08-22 15:11:24,796 [INFO] WebApp:194 - Connection lost
2026-08-22 15:11:25,128 [INFO] WebApp:191 - Connection restablished
2026-08-22 15:37:02,379 [INFO] WebApp:194 - Connection lost
2026-08-22 15:37:02,820 [INFO] WebApp:191 - Connection restablished
2026-08-22 15:37:08,829 [INFO] WebApp:194 - Connection lost
2026-08-22 15:37:09,094 [INFO] WebApp:191 - Connection restablished
2026-08-22 21:22:23,160 [INFO] WebApp:194 - Connection lost
2026-08-22 21:22:46,591 [INFO] WebApp:191 - Connection restablished
2026-08-22 21:22:48,609 [INFO] WebApp:194 - Connection lost
2026-08-22 21:22:48,846 [INFO] WebApp:191 - Connection restablished
2026-08-22 21:23:12,762 [INFO] WebApp:194 - Connection lost
2026-08-22 21:23:13,002 [INFO] WebApp:191 - Connection restablished
2026-08-22 21:49:11,574 [INFO] WebApp:194 - Connection lost
2026-08-22 21:56:08,775 [INFO] WebApp:191 - Connection restablished
2026-08-22 21:56:10,989 [INFO] WebApp:194 - Connection lost
2026-08-22 21:56:11,325 [INFO] WebApp:191 - Connection restablished
2026-08-22 23:01:18,008 [INFO] WebApp:194 - Connection lost
2026-08-22 23:01:52,001 [INFO] WebApp:191 - Connection restablished
2026-08-22 23:01:54,317 [INFO] WebApp:194 - Connection lost
2026-08-22 23:01:54,608 [INFO] WebApp:191 - Connection restablished
