../Core/Src/main.c:94:5:main	32	static,ignoring_inline_asm
../Core/Src/main.c:213:6:SystemClock_Config	88	static
../Core/Src/main.c:255:13:MX_GPIO_Init	32	static
../Core/Src/main.c:281:13:led_green_handler	16	static
../Core/Src/main.c:292:13:led_orange_handler	16	static
../Core/Src/main.c:303:13:led_red_handler	16	static
../Core/Src/main.c:314:6:vApplicationIdleHook	8	static
../Core/Src/main.c:328:6:StartDefaultTask	16	static
../Core/Src/main.c:347:6:HAL_TIM_PeriodElapsedCallback	16	static
../Core/Src/main.c:365:6:Error_Handler	4	static,ignoring_inline_asm
