../Drivers/CMSIS/Include/core_cm4.h:1684:22:__NVIC_EnableIRQ	2
../Drivers/CMSIS/Include/core_cm4.h:1760:22:__NVIC_SetPendingIRQ	2
../Drivers/CMSIS/Include/core_cm4.h:1775:22:__NVIC_ClearPendingIRQ	2
../Drivers/CMSIS/Include/core_cm4.h:1814:22:__NVIC_SetPriority	2
../Core/Src/main.c:105:6:printmsg	2
../Core/Src/main.c:116:6:printmsgFromISR	3
../Core/Src/main.c:129:13:prvSetupSoftwareInterrupt	1
../Core/Src/main.c:140:5:main	3
../Core/Src/main.c:261:6:SystemClock_Config	3
../Core/Src/main.c:303:13:MX_USART2_UART_Init	2
../Core/Src/main.c:336:13:MX_GPIO_Init	1
../Core/Src/main.c:353:13:Logger_task	2
../Core/Src/main.c:373:13:Handler_task	1
../Core/Src/main.c:388:13:Periodic_task	1
../Core/Src/main.c:408:6:EXTI15_10_IRQHandler	2
../Core/Src/main.c:435:6:StartDefaultTask	1
../Core/Src/main.c:454:6:HAL_TIM_PeriodElapsedCallback	2
../Core/Src/main.c:472:6:Error_Handler	1
