../Core/Src/main.c:99:6:printmsg	1
../Core/Src/main.c:104:6:vprintmsg	1
../Core/Src/main.c:110:13:prvSetupHardware	1
../Core/Src/main.c:115:13:prvSetupUart	1
../Core/Src/main.c:120:6:prvSetupGpio	1
../Core/Src/main.c:130:5:main	4
../Core/Src/main.c:195:6:vManagerTask	2
../Core/Src/main.c:229:6:EmployeeDoWork	1
../Core/Src/main.c:238:13:vEmployeeTask	2
../Core/Src/main.c:270:6:SystemClock_Config	3
../Core/Src/main.c:318:6:StartDefaultTask	1
../Core/Src/main.c:337:6:HAL_TIM_PeriodElapsedCallback	2
../Core/Src/main.c:355:6:Error_Handler	1
